Archive member included because of file (symbol)

.\CortexM3\ARM_GCC_493\Debug\VTM17c_Display_7seg.a(cyfitter_cfg.o)
                              .\CortexM3\ARM_GCC_493\Debug\Cm3Start.o (cyfitter_cfg)
.\CortexM3\ARM_GCC_493\Debug\VTM17c_Display_7seg.a(LED_Driver_Gear.o)
                              .\CortexM3\ARM_GCC_493\Debug\main.o (LED_Driver_Gear_Start)
.\CortexM3\ARM_GCC_493\Debug\VTM17c_Display_7seg.a(LED_Driver_LRBWS.o)
                              .\CortexM3\ARM_GCC_493\Debug\main.o (LED_Driver_LRBWS_Start)
.\CortexM3\ARM_GCC_493\Debug\VTM17c_Display_7seg.a(LED_Driver_Gear_Com_Driver.o)
                              .\CortexM3\ARM_GCC_493\Debug\VTM17c_Display_7seg.a(LED_Driver_Gear.o) (LED_Driver_Gear_Com_Driver_Write)
.\CortexM3\ARM_GCC_493\Debug\VTM17c_Display_7seg.a(LED_Driver_Gear_DMA_Com_dma.o)
                              .\CortexM3\ARM_GCC_493\Debug\VTM17c_Display_7seg.a(LED_Driver_Gear.o) (LED_Driver_Gear_DMA_Com_DmaInitialize)
.\CortexM3\ARM_GCC_493\Debug\VTM17c_Display_7seg.a(LED_Driver_Gear_DMA_Seg_dma.o)
                              .\CortexM3\ARM_GCC_493\Debug\VTM17c_Display_7seg.a(LED_Driver_Gear.o) (LED_Driver_Gear_DMA_Seg_DmaInitialize)
.\CortexM3\ARM_GCC_493\Debug\VTM17c_Display_7seg.a(LED_Driver_LRBWS_Com_Driver.o)
                              .\CortexM3\ARM_GCC_493\Debug\VTM17c_Display_7seg.a(LED_Driver_LRBWS.o) (LED_Driver_LRBWS_Com_Driver_Write)
.\CortexM3\ARM_GCC_493\Debug\VTM17c_Display_7seg.a(LED_Driver_LRBWS_DMA_Com_dma.o)
                              .\CortexM3\ARM_GCC_493\Debug\VTM17c_Display_7seg.a(LED_Driver_LRBWS.o) (LED_Driver_LRBWS_DMA_Com_DmaInitialize)
.\CortexM3\ARM_GCC_493\Debug\VTM17c_Display_7seg.a(LED_Driver_LRBWS_DMA_Seg_dma.o)
                              .\CortexM3\ARM_GCC_493\Debug\VTM17c_Display_7seg.a(LED_Driver_LRBWS.o) (LED_Driver_LRBWS_DMA_Seg_DmaInitialize)
.\CortexM3\ARM_GCC_493\Debug\VTM17c_Display_7seg.a(CyBootAsmGnu.o)
                              .\CortexM3\ARM_GCC_493\Debug\VTM17c_Display_7seg.a(cyfitter_cfg.o) (CyDelayCycles)
.\CortexM3\ARM_GCC_493\Debug\VTM17c_Display_7seg.a(CyDmac.o)
                              .\CortexM3\ARM_GCC_493\Debug\Cm3Start.o (CyDmacConfigure)
.\CortexM3\ARM_GCC_493\Debug\VTM17c_Display_7seg.a(CyLib.o)
                              .\CortexM3\ARM_GCC_493\Debug\Cm3Start.o (CyHalt)
.\CortexM3\ARM_GCC_493\Debug\VTM17c_Display_7seg.a(cyPm.o)
                              .\CortexM3\ARM_GCC_493\Debug\VTM17c_Display_7seg.a(CyLib.o) (CyPmReadStatus)
.\CortexM3\ARM_GCC_493\Debug\VTM17c_Display_7seg.a(LED_Driver_LRBWS_DMA_BC_dma.o)
                              .\CortexM3\ARM_GCC_493\Debug\VTM17c_Display_7seg.a(LED_Driver_LRBWS.o) (LED_Driver_LRBWS_DMA_BC_DmaInitialize)
.\CortexM3\ARM_GCC_493\Debug\VTM17c_Display_7seg.a(CAN.o)
                              .\CortexM3\ARM_GCC_493\Debug\main.o (CAN_Init)
.\CortexM3\ARM_GCC_493\Debug\VTM17c_Display_7seg.a(CAN_INT.o)
                              .\CortexM3\ARM_GCC_493\Debug\VTM17c_Display_7seg.a(CAN.o) (CAN_ISR)
.\CortexM3\ARM_GCC_493\Debug\VTM17c_Display_7seg.a(CAN_TX_RX_func.o)
                              .\CortexM3\ARM_GCC_493\Debug\VTM17c_Display_7seg.a(CAN_INT.o) (CAN_ReceiveMsg)
.\CortexM3\ARM_GCC_493\Debug\VTM17c_Display_7seg.a(LED_Driver_Gear_DMA_BC_dma.o)
                              .\CortexM3\ARM_GCC_493\Debug\VTM17c_Display_7seg.a(LED_Driver_Gear.o) (LED_Driver_Gear_DMA_BC_DmaInitialize)
.\CortexM3\ARM_GCC_493\Debug\VTM17c_Display_7seg.a(CyFlash.o)
                              .\CortexM3\ARM_GCC_493\Debug\VTM17c_Display_7seg.a(cyPm.o) (CyFlash_SetWaitCycles)
.\CortexM3\ARM_GCC_493\Debug\VTM17c_Display_7seg.a(CySpc.o)
                              .\CortexM3\ARM_GCC_493\Debug\VTM17c_Display_7seg.a(CyFlash.o) (CySpcStart)
c:/program files (x86)/cypress/psoc creator/3.3/psoc creator/import/gnu/arm/4.9.3/bin/../lib/gcc/arm-none-eabi/4.9.3/armv7-m\libgcc.a(_arm_addsubdf3.o)
                              .\CortexM3\ARM_GCC_493\Debug\main.o (__aeabi_ui2d)
c:/program files (x86)/cypress/psoc creator/3.3/psoc creator/import/gnu/arm/4.9.3/bin/../lib/gcc/arm-none-eabi/4.9.3/armv7-m\libgcc.a(_arm_muldivdf3.o)
                              .\CortexM3\ARM_GCC_493\Debug\main.o (__aeabi_dmul)
c:/program files (x86)/cypress/psoc creator/3.3/psoc creator/import/gnu/arm/4.9.3/bin/../lib/gcc/arm-none-eabi/4.9.3/armv7-m\libgcc.a(_arm_fixunsdfsi.o)
                              .\CortexM3\ARM_GCC_493\Debug\main.o (__aeabi_d2uiz)
c:/program files (x86)/cypress/psoc creator/3.3/psoc creator/import/gnu/arm/4.9.3/bin/../lib/gcc/arm-none-eabi/4.9.3/../../../../arm-none-eabi/lib/armv7-m\libg_nano.a(lib_a-errno.o)
                              .\CortexM3\ARM_GCC_493\Debug\Cm3Start.o (__errno)
c:/program files (x86)/cypress/psoc creator/3.3/psoc creator/import/gnu/arm/4.9.3/bin/../lib/gcc/arm-none-eabi/4.9.3/../../../../arm-none-eabi/lib/armv7-m\libg_nano.a(lib_a-exit.o)
[...]
Memory Configuration

Name             Origin             Length             Attributes
rom              0x00000000         0x00040000         xr
ram              0x1fff8000         0x00010000         xrw
*default*        0x00000000         0xffffffff

Linker script and memory map

LOAD c:/program files (x86)/cypress/psoc creator/3.3/psoc creator/import/gnu/arm/4.9.3/bin/../lib/gcc/arm-none-eabi/4.9.3/armv7-m/crti.o
LOAD c:/program files (x86)/cypress/psoc creator/3.3/psoc creator/import/gnu/arm/4.9.3/bin/../lib/gcc/arm-none-eabi/4.9.3/armv7-m/crtbegin.o
LOAD c:/program files (x86)/cypress/psoc creator/3.3/psoc creator/import/gnu/arm/4.9.3/bin/../lib/gcc/arm-none-eabi/4.9.3/../../../../arm-none-eabi/lib/armv7-m/crt0.o
START GROUP
LOAD .\CortexM3\ARM_GCC_493\Debug\main.o
LOAD .\CortexM3\ARM_GCC_493\Debug\cymetadata.o
LOAD .\CortexM3\ARM_GCC_493\Debug\Cm3Start.o
LOAD .\CortexM3\ARM_GCC_493\Debug\VTM17c_Display_7seg.a
LOAD C:\Program Files (x86)\Cypress\PSoC Creator\3.3\PSoC Creator\psoc\content\cycomponentlibrary\CyComponentLibrary.cylib\CortexM3\ARM_GCC_493\Debug\CyComponentLibrary.a
END GROUP
START GROUP
LOAD c:/program files (x86)/cypress/psoc creator/3.3/psoc creator/import/gnu/arm/4.9.3/bin/../lib/gcc/arm-none-eabi/4.9.3/armv7-m\libgcc.a
LOAD c:/program files (x86)/cypress/psoc creator/3.3/psoc creator/import/gnu/arm/4.9.3/bin/../lib/gcc/arm-none-eabi/4.9.3/../../../../arm-none-eabi/lib/armv7-m\libg_nano.a
LOAD c:/program files (x86)/cypress/psoc creator/3.3/psoc creator/import/gnu/arm/4.9.3/bin/../lib/gcc/arm-none-eabi/4.9.3/../../../../arm-none-eabi/lib/armv7-m\libc_nano.a
END GROUP
START GROUP
LOAD c:/program files (x86)/cypress/psoc creator/3.3/psoc creator/import/gnu/arm/4.9.3/bin/../lib/gcc/arm-none-eabi/4.9.3/armv7-m\libgcc.a
LOAD c:/program files (x86)/cypress/psoc creator/3.3/psoc creator/import/gnu/arm/4.9.3/bin/../lib/gcc/arm-none-eabi/4.9.3/../../../../arm-none-eabi/lib/armv7-m\libc_nano.a
END GROUP
LOAD c:/program files (x86)/cypress/psoc creator/3.3/psoc creator/import/gnu/arm/4.9.3/bin/../lib/gcc/arm-none-eabi/4.9.3/armv7-m/crtend.o
LOAD c:/program files (x86)/cypress/psoc creator/3.3/psoc creator/import/gnu/arm/4.9.3/bin/../lib/gcc/arm-none-eabi/4.9.3/armv7-m/crtn.o
START GROUP
LOAD c:/program files (x86)/cypress/psoc creator/3.3/psoc creator/import/gnu/arm/4.9.3/bin/../lib/gcc/arm-none-eabi/4.9.3/armv7-m\libgcc.a
LOAD c:/program files (x86)/cypress/psoc creator/3.3/psoc creator/import/gnu/arm/4.9.3/bin/../lib/gcc/arm-none-eabi/4.9.3/../../../../arm-none-eabi/lib/armv7-m\libc.a
LOAD c:/program files (x86)/cypress/psoc creator/3.3/psoc creator/import/gnu/arm/4.9.3/bin/../lib/gcc/arm-none-eabi/4.9.3/../../../../arm-none-eabi/lib/armv7-m\libnosys.a
END GROUP
                0x00000000                CY_APPL_ORIGIN = 0x0
                0x00000100                CY_FLASH_ROW_SIZE = 0x100
                0x00000020                CY_ECC_ROW_SIZE = 0x20
                0x00000000                CY_EE_IN_BTLDR = 0x0
                0x00000000                CY_APPL_LOADABLE = 0x0
                0x00000800                CY_EE_SIZE = 0x800
                0x00000001                CY_APPL_NUM = 0x1
                0x00000001                CY_APPL_MAX = 0x1
                0x00000040                CY_METADATA_SIZE = 0x40
                0x00000000                CY_APPL_LOADABLE = 0x0
                0x00000000                CY_CHECKSUM_EXCLUDE_SIZE = ALIGN (0x0, CY_FLASH_ROW_SIZE)
                0x1fff82e8                PROVIDE (__cy_heap_start, _end)
                0x00000001                PROVIDE (__cy_region_num, ((__cy_regions_end - __cy_regions) / 0x10))
                0x20008000                PROVIDE (__cy_stack, (ORIGIN (ram) + 0x10000))
                0x20007800                PROVIDE (__cy_heap_end, (__cy_stack - 0x800))

.cybootloader   0x00000000        0x0
 *(.cybootloader)
                0x00000000                appl1_start = CY_APPL_ORIGIN?CY_APPL_ORIGIN:ALIGN (CY_FLASH_ROW_SIZE)
                0x0001ff00                appl2_start = (appl1_start + ALIGN ((((0x40000 - appl1_start) - (0x2 * CY_FLASH_ROW_SIZE)) / 0x2), CY_FLASH_ROW_SIZE))
                0x00000000                appl_start = (CY_APPL_NUM == 0x1)?appl1_start:appl2_start
                0x00000000                ecc_offset = ((appl_start / CY_FLASH_ROW_SIZE) * CY_ECC_ROW_SIZE)
                0x00000000                ee_offset = (CY_APPL_LOADABLE && ! (CY_EE_IN_BTLDR))?((CY_EE_SIZE / CY_APPL_MAX) * (CY_APPL_NUM - 0x1)):0x0
                0x00000800                ee_size = (CY_APPL_LOADABLE && ! (CY_EE_IN_BTLDR))?(CY_EE_SIZE / CY_APPL_MAX):CY_EE_SIZE
                0x00000000                PROVIDE (CY_ECC_OFFSET, ecc_offset)

.text           0x00000000     0x2102
 CREATE_OBJECT_SYMBOLS
                0x00000000                PROVIDE (__cy_interrupt_vector, RomVectors)
 *(.romvectors)
 .romvectors    0x00000000       0x10 .\CortexM3\ARM_GCC_493\Debug\Cm3Start.o
                0x00000000                RomVectors
                0x00000001                ASSERT ((. != __cy_interrupt_vector), No interrupt vector)
                0x00000001                ASSERT (CY_APPL_ORIGIN?(SIZEOF (.cybootloader) <= CY_APPL_ORIGIN):0x1, Wrong image location)
                0x00000010                PROVIDE (__cy_reset, Reset)
 *(.text.Reset)
 .text.Reset    0x00000010       0x18 .\CortexM3\ARM_GCC_493\Debug\Cm3Start.o
                0x00000010                Reset
                0x00000001                ASSERT ((. != __cy_reset), No reset code)
 *(.dma_init)
                0x00000001                ASSERT ((((appl_start + .) <= 0x10000) || 0x1), DMA Init must be within the first 64k of flash)
 *(.text .text.* .gnu.linkonce.t.*)
 .text          0x00000028       0x5c c:/program files (x86)/cypress/psoc creator/3.3/psoc creator/import/gnu/arm/4.9.3/bin/../lib/gcc/arm-none-eabi/4.9.3/armv7-m/crtbegin.o
 *fill*         0x00000084        0x4 
 .text.ParseCAN
                0x00000088      0x248 .\CortexM3\ARM_GCC_493\Debug\main.o
                0x00000088                ParseCAN
 .text.main     0x000002d0       0x90 .\CortexM3\ARM_GCC_493\Debug\main.o
                0x000002d0                main
 .text.IntDefaultHandler
                0x00000360        0x4 .\CortexM3\ARM_GCC_493\Debug\Cm3Start.o
                0x00000360                IntDefaultHandler
 .text.Start_c  0x00000364       0x4c .\CortexM3\ARM_GCC_493\Debug\Cm3Start.o
                0x00000364                Start_c
 .text.initialize_psoc
                0x000003b0       0x78 .\CortexM3\ARM_GCC_493\Debug\Cm3Start.o
                0x000003b0                initialize_psoc
 .text.CyClockStartupError
                0x00000428        0x4 .\CortexM3\ARM_GCC_493\Debug\VTM17c_Display_7seg.a(cyfitter_cfg.o)
 .text.cfg_write_bytes32
                0x0000042c       0x34 .\CortexM3\ARM_GCC_493\Debug\VTM17c_Display_7seg.a(cyfitter_cfg.o)
 .text.AnalogSetDefault
                0x00000460       0x28 .\CortexM3\ARM_GCC_493\Debug\VTM17c_Display_7seg.a(cyfitter_cfg.o)
 .text.CYMEMZERO
                0x00000488        0xc .\CortexM3\ARM_GCC_493\Debug\VTM17c_Display_7seg.a(cyfitter_cfg.o)
 .text.ClockSetup
                0x00000494       0xcc .\CortexM3\ARM_GCC_493\Debug\VTM17c_Display_7seg.a(cyfitter_cfg.o)
 .text.CYCONFIGCPY
                0x00000560        0x8 .\CortexM3\ARM_GCC_493\Debug\VTM17c_Display_7seg.a(cyfitter_cfg.o)
 .text.cyfitter_cfg
                0x00000568      0x184 .\CortexM3\ARM_GCC_493\Debug\VTM17c_Display_7seg.a(cyfitter_cfg.o)
                0x00000568                cyfitter_cfg
 .text.LED_Driver_Gear_DmaInit
                0x000006ec      0x13c .\CortexM3\ARM_GCC_493\Debug\VTM17c_Display_7seg.a(LED_Driver_Gear.o)
 .text.LED_Driver_Gear_DmaEnable
                0x00000828       0x3c .\CortexM3\ARM_GCC_493\Debug\VTM17c_Display_7seg.a(LED_Driver_Gear.o)
 .text.LED_Driver_Gear_Enable
                0x00000864       0x24 .\CortexM3\ARM_GCC_493\Debug\VTM17c_Display_7seg.a(LED_Driver_Gear.o)
                0x00000864                LED_Driver_Gear_Enable
 .text.LED_Driver_Gear_ClearDisplayAll
                0x00000888       0x18 .\CortexM3\ARM_GCC_493\Debug\VTM17c_Display_7seg.a(LED_Driver_Gear.o)
                0x00000888                LED_Driver_Gear_ClearDisplayAll
 .text.LED_Driver_Gear_Init
                0x000008a0       0x30 .\CortexM3\ARM_GCC_493\Debug\VTM17c_Display_7seg.a(LED_Driver_Gear.o)
                0x000008a0                LED_Driver_Gear_Init
 .text.LED_Driver_Gear_Start
                0x000008d0       0x1c .\CortexM3\ARM_GCC_493\Debug\VTM17c_Display_7seg.a(LED_Driver_Gear.o)
                0x000008d0                LED_Driver_Gear_Start
 .text.LED_Driver_Gear_EncodeNumber7Seg
                0x000008ec       0x10 .\CortexM3\ARM_GCC_493\Debug\VTM17c_Display_7seg.a(LED_Driver_Gear.o)
                0x000008ec                LED_Driver_Gear_EncodeNumber7Seg
 .text.LED_Driver_Gear_EncodeChar7Seg
                0x000008fc       0x24 .\CortexM3\ARM_GCC_493\Debug\VTM17c_Display_7seg.a(LED_Driver_Gear.o)
                0x000008fc                LED_Driver_Gear_EncodeChar7Seg
 .text.LED_Driver_Gear_Write7SegNumberDec
                0x00000920      0x178 .\CortexM3\ARM_GCC_493\Debug\VTM17c_Display_7seg.a(LED_Driver_Gear.o)
                0x00000920                LED_Driver_Gear_Write7SegNumberDec
 .text.LED_Driver_LRBWS_DmaInit
                0x00000a98      0x1d0 .\CortexM3\ARM_GCC_493\Debug\VTM17c_Display_7seg.a(LED_Driver_LRBWS.o)
 .text.LED_Driver_LRBWS_DmaEnable
                0x00000c68       0x40 .\CortexM3\ARM_GCC_493\Debug\VTM17c_Display_7seg.a(LED_Driver_LRBWS.o)
 .text.LED_Driver_LRBWS_Enable
                0x00000ca8       0x28 .\CortexM3\ARM_GCC_493\Debug\VTM17c_Display_7seg.a(LED_Driver_LRBWS.o)
                0x00000ca8                LED_Driver_LRBWS_Enable
 .text.LED_Driver_LRBWS_ClearDisplayAll
                0x00000cd0       0x28 .\CortexM3\ARM_GCC_493\Debug\VTM17c_Display_7seg.a(LED_Driver_LRBWS.o)
                0x00000cd0                LED_Driver_LRBWS_ClearDisplayAll
 .text.LED_Driver_LRBWS_Init
                0x00000cf8       0x38 .\CortexM3\ARM_GCC_493\Debug\VTM17c_Display_7seg.a(LED_Driver_LRBWS.o)
                0x00000cf8                LED_Driver_LRBWS_Init
 .text.LED_Driver_LRBWS_Start
                0x00000d30       0x20 .\CortexM3\ARM_GCC_493\Debug\VTM17c_Display_7seg.a(LED_Driver_LRBWS.o)
                0x00000d30                LED_Driver_LRBWS_Start
 .text.LED_Driver_Gear_DMA_Com_DmaInitialize
                0x00000d50       0x3c .\CortexM3\ARM_GCC_493\Debug\VTM17c_Display_7seg.a(LED_Driver_Gear_DMA_Com_dma.o)
                0x00000d50                LED_Driver_Gear_DMA_Com_DmaInitialize
 .text.LED_Driver_Gear_DMA_Seg_DmaInitialize
                0x00000d8c       0x40 .\CortexM3\ARM_GCC_493\Debug\VTM17c_Display_7seg.a(LED_Driver_Gear_DMA_Seg_dma.o)
                0x00000d8c                LED_Driver_Gear_DMA_Seg_DmaInitialize
 .text.LED_Driver_LRBWS_DMA_Com_DmaInitialize
                0x00000dcc       0x3c .\CortexM3\ARM_GCC_493\Debug\VTM17c_Display_7seg.a(LED_Driver_LRBWS_DMA_Com_dma.o)
                0x00000dcc                LED_Driver_LRBWS_DMA_Com_DmaInitialize
 .text.LED_Driver_LRBWS_DMA_Seg_DmaInitialize
                0x00000e08       0x40 .\CortexM3\ARM_GCC_493\Debug\VTM17c_Display_7seg.a(LED_Driver_LRBWS_DMA_Seg_dma.o)
                0x00000e08                LED_Driver_LRBWS_DMA_Seg_DmaInitialize
 .text          0x00000e48       0x20 .\CortexM3\ARM_GCC_493\Debug\VTM17c_Display_7seg.a(CyBootAsmGnu.o)
                0x00000e48                CyDelayCycles
                0x00000e58                CyEnterCriticalSection
                0x00000e60                CyExitCriticalSection
 .text.CyDmacConfigure
                0x00000e68       0x34 .\CortexM3\ARM_GCC_493\Debug\VTM17c_Display_7seg.a(CyDmac.o)
                0x00000e68                CyDmacConfigure
 .text.CyDmaChEnable
                0x00000e9c       0x38 .\CortexM3\ARM_GCC_493\Debug\VTM17c_Display_7seg.a(CyDmac.o)
                0x00000e9c                CyDmaChEnable
 .text.CyDmaChPriority
                0x00000ed4       0x24 .\CortexM3\ARM_GCC_493\Debug\VTM17c_Display_7seg.a(CyDmac.o)
                0x00000ed4                CyDmaChPriority
 .text.CyDmaChSetExtendedAddress
                0x00000ef8       0x34 .\CortexM3\ARM_GCC_493\Debug\VTM17c_Display_7seg.a(CyDmac.o)
                0x00000ef8                CyDmaChSetExtendedAddress
 .text.CyDmaChSetInitialTd
                0x00000f2c       0x18 .\CortexM3\ARM_GCC_493\Debug\VTM17c_Display_7seg.a(CyDmac.o)
                0x00000f2c                CyDmaChSetInitialTd
 .text.CyDmaChSetConfiguration
                0x00000f44       0x48 .\CortexM3\ARM_GCC_493\Debug\VTM17c_Display_7seg.a(CyDmac.o)
                0x00000f44                CyDmaChSetConfiguration
 .text.CyDmaTdAllocate
                0x00000f8c       0x34 .\CortexM3\ARM_GCC_493\Debug\VTM17c_Display_7seg.a(CyDmac.o)
                0x00000f8c                CyDmaTdAllocate
 .text.CyDmaTdSetConfiguration
                0x00000fc0       0x28 .\CortexM3\ARM_GCC_493\Debug\VTM17c_Display_7seg.a(CyDmac.o)
                0x00000fc0                CyDmaTdSetConfiguration
 .text.CyDmaTdSetAddress
                0x00000fe8       0x1c .\CortexM3\ARM_GCC_493\Debug\VTM17c_Display_7seg.a(CyDmac.o)
                0x00000fe8                CyDmaTdSetAddress
 .text.CyHalt   0x00001004        0x4 .\CortexM3\ARM_GCC_493\Debug\VTM17c_Display_7seg.a(CyLib.o)
                0x00001004                CyHalt
 .text.CyIntSetVector
                0x00001008       0x28 .\CortexM3\ARM_GCC_493\Debug\VTM17c_Display_7seg.a(CyLib.o)
                0x00001008                CyIntSetVector
 .text.CyIntSetPriority
                0x00001030       0x30 .\CortexM3\ARM_GCC_493\Debug\VTM17c_Display_7seg.a(CyLib.o)
                0x00001030                CyIntSetPriority
 .text.LED_Driver_LRBWS_DMA_BC_DmaInitialize
                0x00001060       0x3c .\CortexM3\ARM_GCC_493\Debug\VTM17c_Display_7seg.a(LED_Driver_LRBWS_DMA_BC_dma.o)
                0x00001060                LED_Driver_LRBWS_DMA_BC_DmaInitialize
 .text.CAN_Stop
                0x0000109c       0x5c .\CortexM3\ARM_GCC_493\Debug\VTM17c_Display_7seg.a(CAN.o)
                0x0000109c                CAN_Stop
 .text.CAN_GlobalIntEnable
                0x000010f8       0x20 .\CortexM3\ARM_GCC_493\Debug\VTM17c_Display_7seg.a(CAN.o)
                0x000010f8                CAN_GlobalIntEnable
 .text.CAN_Enable
                0x00001118       0x6c .\CortexM3\ARM_GCC_493\Debug\VTM17c_Display_7seg.a(CAN.o)
                0x00001118                CAN_Enable
 .text.CAN_GlobalIntDisable
                0x00001184       0x20 .\CortexM3\ARM_GCC_493\Debug\VTM17c_Display_7seg.a(CAN.o)
                0x00001184                CAN_GlobalIntDisable
 .text.CAN_SetPreScaler
                0x000011a4       0x24 .\CortexM3\ARM_GCC_493\Debug\VTM17c_Display_7seg.a(CAN.o)
                0x000011a4                CAN_SetPreScaler
 .text.CAN_SetArbiter
                0x000011c8       0x3c .\CortexM3\ARM_GCC_493\Debug\VTM17c_Display_7seg.a(CAN.o)
                0x000011c8                CAN_SetArbiter
 .text.CAN_SetTsegSample
                0x00001204       0x84 .\CortexM3\ARM_GCC_493\Debug\VTM17c_Display_7seg.a(CAN.o)
                0x00001204                CAN_SetTsegSample
 .text.CAN_SetRestartType
                0x00001288       0x3c .\CortexM3\ARM_GCC_493\Debug\VTM17c_Display_7seg.a(CAN.o)
                0x00001288                CAN_SetRestartType
 .text.CAN_SetEdgeMode
                0x000012c4       0x3c .\CortexM3\ARM_GCC_493\Debug\VTM17c_Display_7seg.a(CAN.o)
                0x000012c4                CAN_SetEdgeMode
 .text.CAN_SetIrqMask
                0x00001300       0x18 .\CortexM3\ARM_GCC_493\Debug\VTM17c_Display_7seg.a(CAN.o)
                0x00001300                CAN_SetIrqMask
 .text.CAN_RxBufConfig
                0x00001318       0x90 .\CortexM3\ARM_GCC_493\Debug\VTM17c_Display_7seg.a(CAN.o)
                0x00001318                CAN_RxBufConfig
 .text.CAN_TxBufConfig
                0x000013a8       0x54 .\CortexM3\ARM_GCC_493\Debug\VTM17c_Display_7seg.a(CAN.o)
                0x000013a8                CAN_TxBufConfig
 .text.CAN_RxTxBuffersConfig
                0x000013fc       0x50 .\CortexM3\ARM_GCC_493\Debug\VTM17c_Display_7seg.a(CAN.o)
                0x000013fc                CAN_RxTxBuffersConfig
 .text.CAN_Init
                0x0000144c       0xe0 .\CortexM3\ARM_GCC_493\Debug\VTM17c_Display_7seg.a(CAN.o)
                0x0000144c                CAN_Init
 .text.CAN_Start
                0x0000152c       0x24 .\CortexM3\ARM_GCC_493\Debug\VTM17c_Display_7seg.a(CAN.o)
                0x0000152c                CAN_Start
 .text.CAN_BusOffIsr
                0x00001550       0x18 .\CortexM3\ARM_GCC_493\Debug\VTM17c_Display_7seg.a(CAN_INT.o)
                0x00001550                CAN_BusOffIsr
 .text.CAN_MsgRXIsr
                0x00001568       0x7c .\CortexM3\ARM_GCC_493\Debug\VTM17c_Display_7seg.a(CAN_INT.o)
                0x00001568                CAN_MsgRXIsr
 .text.CAN_ISR  0x000015e4       0x24 .\CortexM3\ARM_GCC_493\Debug\VTM17c_Display_7seg.a(CAN_INT.o)
                0x000015e4                CAN_ISR
 .text.CAN_ReceiveMsg
                0x00001608       0x1c .\CortexM3\ARM_GCC_493\Debug\VTM17c_Display_7seg.a(CAN_TX_RX_func.o)
                0x00001608                CAN_ReceiveMsg
 .text.CAN_ReceiveMsgRPM
                0x00001624       0x64 .\CortexM3\ARM_GCC_493\Debug\VTM17c_Display_7seg.a(CAN_TX_RX_func.o)
                0x00001624                CAN_ReceiveMsgRPM
 .text.CAN_ReceiveMsgECT
                0x00001688       0x64 .\CortexM3\ARM_GCC_493\Debug\VTM17c_Display_7seg.a(CAN_TX_RX_func.o)
                0x00001688                CAN_ReceiveMsgECT
 .text.CAN_ReceiveMsgEGT
                0x000016ec       0x64 .\CortexM3\ARM_GCC_493\Debug\VTM17c_Display_7seg.a(CAN_TX_RX_func.o)
                0x000016ec                CAN_ReceiveMsgEGT
 .text.CAN_ReceiveMsgBP
                0x00001750       0x68 .\CortexM3\ARM_GCC_493\Debug\VTM17c_Display_7seg.a(CAN_TX_RX_func.o)
                0x00001750                CAN_ReceiveMsgBP
 .text.CAN_ReceiveMsgSPD
                0x000017b8       0x64 .\CortexM3\ARM_GCC_493\Debug\VTM17c_Display_7seg.a(CAN_TX_RX_func.o)
                0x000017b8                CAN_ReceiveMsgSPD
 .text.CAN_ReceiveMsgOT
                0x0000181c       0x64 .\CortexM3\ARM_GCC_493\Debug\VTM17c_Display_7seg.a(CAN_TX_RX_func.o)
                0x0000181c                CAN_ReceiveMsgOT
 .text.LED_Driver_Gear_DMA_BC_DmaInitialize
                0x00001880       0x3c .\CortexM3\ARM_GCC_493\Debug\VTM17c_Display_7seg.a(LED_Driver_Gear_DMA_BC_dma.o)
                0x00001880                LED_Driver_Gear_DMA_BC_DmaInitialize
 .text          0x000018bc      0x370 c:/program files (x86)/cypress/psoc creator/3.3/psoc creator/import/gnu/arm/4.9.3/bin/../lib/gcc/arm-none-eabi/4.9.3/armv7-m\libgcc.a(_arm_addsubdf3.o)
                0x000018bc                __aeabi_drsub
                0x000018c4                __aeabi_dsub
                0x000018c4                __subdf3
                0x000018c8                __aeabi_dadd
                0x000018c8                __adddf3
                0x00001b40                __floatunsidf
                0x00001b40                __aeabi_ui2d
                0x00001b60                __floatsidf
                0x00001b60                __aeabi_i2d
                0x00001b84                __aeabi_f2d
                0x00001b84                __extendsfdf2
                0x00001bc0                __floatundidf
                0x00001bc0                __aeabi_ul2d
                0x00001bd0                __floatdidf
                0x00001bd0                __aeabi_l2d
 .text          0x00001c2c      0x424 c:/program files (x86)/cypress/psoc creator/3.3/psoc creator/import/gnu/arm/4.9.3/bin/../lib/gcc/arm-none-eabi/4.9.3/armv7-m\libgcc.a(_arm_muldivdf3.o)
                0x00001c2c                __aeabi_dmul
                0x00001c2c                __muldf3
                0x00001e80                __divdf3
                0x00001e80                __aeabi_ddiv
 .text          0x00002050       0x40 c:/program files (x86)/cypress/psoc creator/3.3/psoc creator/import/gnu/arm/4.9.3/bin/../lib/gcc/arm-none-eabi/4.9.3/armv7-m\libgcc.a(_arm_fixunsdfsi.o)
                0x00002050                __aeabi_d2uiz
                0x00002050                __fixunsdfsi
 .text.__libc_init_array
                0x00002090       0x4c c:/program files (x86)/cypress/psoc creator/3.3/psoc creator/import/gnu/arm/4.9.3/bin/../lib/gcc/arm-none-eabi/4.9.3/../../../../arm-none-eabi/lib/armv7-m\libg_nano.a(lib_a-init.o)
                0x00002090                __libc_init_array
 .text.memcpy   0x000020dc       0x16 c:/program files (x86)/cypress/psoc creator/3.3/psoc creator/import/gnu/arm/4.9.3/bin/../lib/gcc/arm-none-eabi/4.9.3/../../../../arm-none-eabi/lib/armv7-m\libg_nano.a(lib_a-memcpy.o)
                0x000020dc                memcpy
 .text.memset   0x000020f2       0x10 c:/program files (x86)/cypress/psoc creator/3.3/psoc creator/import/gnu/arm/4.9.3/bin/../lib/gcc/arm-none-eabi/4.9.3/../../../../arm-none-eabi/lib/armv7-m\libg_nano.a(lib_a-memset.o)
                0x000020f2                memset
 *(.plt)
 *(.gnu.warning)
 *(.glue_7t)
 .glue_7t       0x00000000        0x0 linker stubs
 *(.glue_7)
 .glue_7        0x00000000        0x0 linker stubs
 *(.vfp11_veneer)
 .vfp11_veneer  0x00000000        0x0 linker stubs
 *(.bootloader)
 *(.ARM.extab* .gnu.linkonce.armextab.*)
 *(.gcc_except_table)

.v4_bx          0x00002104        0x0
 .v4_bx         0x00000000        0x0 linker stubs

.iplt           0x00002104        0x0
 .iplt          0x00000000        0x0 c:/program files (x86)/cypress/psoc creator/3.3/psoc creator/import/gnu/arm/4.9.3/bin/../lib/gcc/arm-none-eabi/4.9.3/armv7-m/crtbegin.o

.eh_frame_hdr
 *(.eh_frame_hdr)

.eh_frame       0x00002104        0x4
 *(.eh_frame)
 .eh_frame      0x00002104        0x0 c:/program files (x86)/cypress/psoc creator/3.3/psoc creator/import/gnu/arm/4.9.3/bin/../lib/gcc/arm-none-eabi/4.9.3/armv7-m/crtbegin.o
 .eh_frame      0x00002104        0x4 c:/program files (x86)/cypress/psoc creator/3.3/psoc creator/import/gnu/arm/4.9.3/bin/../lib/gcc/arm-none-eabi/4.9.3/armv7-m/crtend.o
                0x00002108                PROVIDE (__exidx_start, .)

.ARM.exidx
 *(.ARM.exidx* .gnu.linkonce.armexidx.*)
                0x00002108                __exidx_end = .

.rodata         0x00002108      0x3f8
 *(.rodata .rodata.* .gnu.linkonce.r.*)
 .rodata        0x00002108       0x24 .\CortexM3\ARM_GCC_493\Debug\VTM17c_Display_7seg.a(cyfitter_cfg.o)
 .rodata        0x0000212c      0x240 .\CortexM3\ARM_GCC_493\Debug\VTM17c_Display_7seg.a(LED_Driver_Gear.o)
 .rodata        0x0000236c      0x160 .\CortexM3\ARM_GCC_493\Debug\VTM17c_Display_7seg.a(CAN.o)
                0x000024cc                . = ALIGN (0x4)
 *(.init)
 .init          0x000024cc        0x4 c:/program files (x86)/cypress/psoc creator/3.3/psoc creator/import/gnu/arm/4.9.3/bin/../lib/gcc/arm-none-eabi/4.9.3/armv7-m/crti.o
                0x000024cc                _init
 .init          0x000024d0        0x8 c:/program files (x86)/cypress/psoc creator/3.3/psoc creator/import/gnu/arm/4.9.3/bin/../lib/gcc/arm-none-eabi/4.9.3/armv7-m/crtn.o
                0x000024d8                . = ALIGN (0x4)
                0x000024d8                __preinit_array_start = .
 *(.preinit_array)
                0x000024d8                __preinit_array_end = .
                0x000024d8                . = ALIGN (0x4)
                0x000024d8                __init_array_start = .
 *(SORT(.init_array.*))
 *(.init_array)
 .init_array    0x000024d8        0x4 c:/program files (x86)/cypress/psoc creator/3.3/psoc creator/import/gnu/arm/4.9.3/bin/../lib/gcc/arm-none-eabi/4.9.3/armv7-m/crtbegin.o
 .init_array    0x000024dc        0x4 .\CortexM3\ARM_GCC_493\Debug\Cm3Start.o
                0x000024e0                __init_array_end = .
                0x000024e0                . = ALIGN (0x4)
 *(.fini)
 .fini          0x000024e0        0x4 c:/program files (x86)/cypress/psoc creator/3.3/psoc creator/import/gnu/arm/4.9.3/bin/../lib/gcc/arm-none-eabi/4.9.3/armv7-m/crti.o
                0x000024e0                _fini
 .fini          0x000024e4        0x8 c:/program files (x86)/cypress/psoc creator/3.3/psoc creator/import/gnu/arm/4.9.3/bin/../lib/gcc/arm-none-eabi/4.9.3/armv7-m/crtn.o
                0x000024ec                . = ALIGN (0x4)
                0x000024ec                __fini_array_start = .
 *(.fini_array)
 .fini_array    0x000024ec        0x4 c:/program files (x86)/cypress/psoc creator/3.3/psoc creator/import/gnu/arm/4.9.3/bin/../lib/gcc/arm-none-eabi/4.9.3/armv7-m/crtbegin.o
 *(SORT(.fini_array.*))
                0x000024f0                __fini_array_end = .
                0x000024f0                . = ALIGN (0x4)
 *crtbegin.o(.ctors)
 *(EXCLUDE_FILE(*crtend.o) .ctors)
 *(SORT(.ctors.*))
 *crtend.o(.ctors)
                0x000024f0                . = ALIGN (0x4)
 *crtbegin.o(.dtors)
 *(EXCLUDE_FILE(*crtend.o) .dtors)
 *(SORT(.dtors.*))
 *crtend.o(.dtors)
                0x000024f0                . = ALIGN (0x4)
                0x000024f0                __cy_regions = .
                0x000024f0        0x4 LONG 0x2500 __cy_region_init_ram
                0x000024f4        0x4 LONG 0x1fff8108 __cy_region_start_data
                0x000024f8        0x4 LONG 0x38 __cy_region_init_size_ram
                0x000024fc        0x4 LONG 0x1a8 __cy_region_zero_size_ram
                0x00002500                __cy_regions_end = .
                0x00002500                . = ALIGN (0x8)
                0x00002500                _etext = .

.cy_checksum_exclude
                0x00002500        0x0
 *(.cy_checksum_exclude)

.ramvectors     0x1fff8000      0x100
                0x1fff8000                __cy_region_start_ram = .
 *(.ramvectors)
 .ramvectors    0x1fff8000      0x100 .\CortexM3\ARM_GCC_493\Debug\Cm3Start.o
                0x1fff8000                CyRamVectors

.noinit         0x1fff8100        0x5
 *(.noinit)
 .noinit        0x1fff8100        0x4 .\CortexM3\ARM_GCC_493\Debug\Cm3Start.o
 .noinit        0x1fff8104        0x1 .\CortexM3\ARM_GCC_493\Debug\VTM17c_Display_7seg.a(CyLib.o)
                0x1fff8104                CyResetStatus

.data           0x1fff8108       0x38 load address 0x00002500
                0x1fff8108                __cy_region_start_data = .
 *(.jcr)
 .jcr           0x1fff8108        0x0 c:/program files (x86)/cypress/psoc creator/3.3/psoc creator/import/gnu/arm/4.9.3/bin/../lib/gcc/arm-none-eabi/4.9.3/armv7-m/crtbegin.o
 .jcr           0x1fff8108        0x4 c:/program files (x86)/cypress/psoc creator/3.3/psoc creator/import/gnu/arm/4.9.3/bin/../lib/gcc/arm-none-eabi/4.9.3/armv7-m/crtend.o
 *(.got.plt)
 *(.got)
 *(.shdata)
 *(.data .data.* .gnu.linkonce.d.*)
 .data          0x1fff810c       0x10 .\CortexM3\ARM_GCC_493\Debug\VTM17c_Display_7seg.a(LED_Driver_Gear.o)
 .data          0x1fff811c       0x10 .\CortexM3\ARM_GCC_493\Debug\VTM17c_Display_7seg.a(LED_Driver_LRBWS.o)
 .data          0x1fff812c        0x1 .\CortexM3\ARM_GCC_493\Debug\VTM17c_Display_7seg.a(LED_Driver_Gear_DMA_Com_dma.o)
                0x1fff812c                LED_Driver_Gear_DMA_Com_DmaHandle
 .data          0x1fff812d        0x1 .\CortexM3\ARM_GCC_493\Debug\VTM17c_Display_7seg.a(LED_Driver_Gear_DMA_Seg_dma.o)
                0x1fff812d                LED_Driver_Gear_DMA_Seg_DmaHandle
 .data          0x1fff812e        0x1 .\CortexM3\ARM_GCC_493\Debug\VTM17c_Display_7seg.a(LED_Driver_LRBWS_DMA_Com_dma.o)
                0x1fff812e                LED_Driver_LRBWS_DMA_Com_DmaHandle
 .data          0x1fff812f        0x1 .\CortexM3\ARM_GCC_493\Debug\VTM17c_Display_7seg.a(LED_Driver_LRBWS_DMA_Seg_dma.o)
                0x1fff812f                LED_Driver_LRBWS_DMA_Seg_DmaHandle
 .data          0x1fff8130        0x8 .\CortexM3\ARM_GCC_493\Debug\VTM17c_Display_7seg.a(CyDmac.o)
 .data          0x1fff8138        0x1 .\CortexM3\ARM_GCC_493\Debug\VTM17c_Display_7seg.a(LED_Driver_LRBWS_DMA_BC_dma.o)
                0x1fff8138                LED_Driver_LRBWS_DMA_BC_DmaHandle
 .data          0x1fff8139        0x1 .\CortexM3\ARM_GCC_493\Debug\VTM17c_Display_7seg.a(LED_Driver_Gear_DMA_BC_dma.o)
                0x1fff8139                LED_Driver_Gear_DMA_BC_DmaHandle
                0x1fff8140                . = ALIGN (0x8)
 *fill*         0x1fff813a        0x6 
 *(.ram)
                0x1fff8140                _edata = .

.igot.plt       0x1fff8140        0x0 load address 0x00002538
 .igot.plt      0x00000000        0x0 c:/program files (x86)/cypress/psoc creator/3.3/psoc creator/import/gnu/arm/4.9.3/bin/../lib/gcc/arm-none-eabi/4.9.3/armv7-m/crtbegin.o

.bss            0x1fff8140      0x1a8 load address 0x00002538
                0x1fff8140                PROVIDE (__bss_start__, .)
 *(.shbss)
 *(.bss .bss.* .gnu.linkonce.b.*)
 .bss           0x1fff8140       0x1c c:/program files (x86)/cypress/psoc creator/3.3/psoc creator/import/gnu/arm/4.9.3/bin/../lib/gcc/arm-none-eabi/4.9.3/armv7-m/crtbegin.o
 .bss           0x1fff815c       0x1c .\CortexM3\ARM_GCC_493\Debug\main.o
                0x1fff815c                RXFlag0
                0x1fff8160                RXFlag1
                0x1fff8164                RXFlag2
                0x1fff8168                RXFlag3
                0x1fff816c                RXFlag4
                0x1fff8170                RXFlag5
                0x1fff8174                RXDLC
 .bss           0x1fff8178       0x10 .\CortexM3\ARM_GCC_493\Debug\VTM17c_Display_7seg.a(LED_Driver_Gear.o)
                0x1fff8185                LED_Driver_Gear_enableVar
                0x1fff8187                LED_Driver_Gear_initVar
 .bss           0x1fff8188       0x30 .\CortexM3\ARM_GCC_493\Debug\VTM17c_Display_7seg.a(LED_Driver_LRBWS.o)
                0x1fff81b5                LED_Driver_LRBWS_enableVar
                0x1fff81b7                LED_Driver_LRBWS_initVar
 .bss           0x1fff81b8        0x1 .\CortexM3\ARM_GCC_493\Debug\VTM17c_Display_7seg.a(CAN.o)
                0x1fff81b8                CAN_initVar
 *fill*         0x1fff81b9        0x3 
 .bss           0x1fff81bc        0x4 .\CortexM3\ARM_GCC_493\Debug\VTM17c_Display_7seg.a(CAN_TX_RX_func.o)
                0x1fff81bc                bIndex
 *(COMMON)
 COMMON         0x1fff81c0      0x10c .\CortexM3\ARM_GCC_493\Debug\main.o
                0x1fff81c0                RXMessage3
                0x1fff81e0                oilTemp
                0x1fff81e2                map
                0x1fff81e4                op
                0x1fff81e6                bp
                0x1fff81e8                fp
                0x1fff81ea                ntrl
                0x1fff81ec                at
                0x1fff81ee                bpf1
                0x1fff81f0                launch
                0x1fff81f2                rgSpd
                0x1fff81f4                messagePWM
                0x1fff8200                RXMessage2
                0x1fff8220                fuel
                0x1fff8222                egt1
                0x1fff8228                batV
                0x1fff8230                RXMessage4
                0x1fff8250                rpm
                0x1fff8254                RXMessage0
                0x1fff8274                dataPWM
                0x1fff827c                runTime
                0x1fff827e                ldSpd
                0x1fff8280                la1
                0x1fff8282                et
                0x1fff8284                rdSpd
                0x1fff8286                tp
                0x1fff8288                lgSpd
                0x1fff828c                RXMessage5
                0x1fff82ac                RXMessage1
 COMMON         0x1fff82cc        0x1 .\CortexM3\ARM_GCC_493\Debug\VTM17c_Display_7seg.a(LED_Driver_Gear.o)
                0x1fff82cc                LED_Driver_Gear_segLBuffer
 *fill*         0x1fff82cd        0x3 
 COMMON         0x1fff82d0       0x15 .\CortexM3\ARM_GCC_493\Debug\VTM17c_Display_7seg.a(LED_Driver_LRBWS.o)
                0x1fff82d0                LED_Driver_LRBWS_segLBuffer
                0x1fff82d8                LED_Driver_LRBWS_segHBuffer
                0x1fff82e0                LED_Driver_LRBWS_segMBuffer
                0x1fff82e8                . = ALIGN (0x8)
 *fill*         0x1fff82e5        0x3 
 *(.ram.b)
                0x1fff82e8                _end = .
                0x1fff82e8                __end = .
                0x1fff82e8                PROVIDE (end, .)
                0x1fff82e8                PROVIDE (__bss_end__, .)
                0x00002500                __cy_region_init_ram = LOADADDR (.data)
                0x00000038                __cy_region_init_size_ram = (_edata - ADDR (.data))
                0x000001a8                __cy_region_zero_size_ram = (_end - _edata)

.heap           0x1fff82e8       0x80 load address 0x00002538
                0x1fff82e8                . = _end
                0x1fff8368                . = (. + 0x80)
 *fill*         0x1fff82e8       0x80 
                0x1fff8368                __cy_heap_limit = .

.stack          0x20007800      0x800
                0x20007800                __cy_stack_limit = .
                0x20008000                . = (. + 0x800)
 *fill*         0x20007800      0x800 
                0x00000001                ASSERT ((__cy_stack_limit >= __cy_heap_limit), region RAM overflowed with stack)
                0x00000000                cy_checksum_exclude_size = (CY_APPL_LOADABLE == 0x1)?SIZEOF (.cy_checksum_exclude):0x0
                0x00000001                ASSERT ((cy_checksum_exclude_size <= CY_CHECKSUM_EXCLUDE_SIZE), CY_BOOT: Section .cy_checksum_exclude size exceedes specified limit.)

.cyloadermeta
 *(.cyloadermeta)

.cyloadablemeta
 *(.cyloadablemeta)

.cyconfigecc    0x80000000      0x4a4
 *(.cyconfigecc)
 .cyconfigecc   0x80000000      0x4a4 .\CortexM3\ARM_GCC_493\Debug\cymetadata.o
                0x80000000                cy_meta_configecc

.cycustnvl      0x90000000        0x4
 *(.cycustnvl)
 .cycustnvl     0x90000000        0x4 .\CortexM3\ARM_GCC_493\Debug\cymetadata.o
                0x90000000                cy_meta_custnvl

.cywolatch      0x90100000        0x4
 *(.cywolatch)
 .cywolatch     0x90100000        0x4 .\CortexM3\ARM_GCC_493\Debug\cymetadata.o
                0x90100000                cy_meta_wonvl

.cyeeprom       0x90200000        0x0
 *(.cyeeprom)
                0x00000001                ASSERT ((. <= ((0x90200000 + ee_offset) + ee_size)), .cyeeprom data will not fit in EEPROM)

.cyflashprotect
                0x90400000      0x100
 *(.cyflashprotect)
 .cyflashprotect
                0x90400000      0x100 .\CortexM3\ARM_GCC_493\Debug\cymetadata.o
                0x90400000                cy_meta_flashprotect

.cymeta         0x90500000        0xc
 *(.cymeta)
 .cymeta        0x90500000        0xc .\CortexM3\ARM_GCC_493\Debug\cymetadata.o
                0x90500000                cy_metadata

.rel.dyn        0x00002538        0x0 load address 0x9050000c
 .rel.iplt      0x00000000        0x0 c:/program files (x86)/cypress/psoc creator/3.3/psoc creator/import/gnu/arm/4.9.3/bin/../lib/gcc/arm-none-eabi/4.9.3/armv7-m/crtbegin.o

.stab
 *(.stab)

.stabstr
 *(.stabstr)

.debug
 *(.debug)

.line
 *(.line)

.debug_srcinfo
 *(.debug_srcinfo)

.debug_sfnames
 *(.debug_sfnames)

.debug_aranges  0x00000000      0xb68
 *(.debug_aranges)
 .debug_aranges
                0x00000000       0x28 .\CortexM3\ARM_GCC_493\Debug\main.o
 .debug_aranges
                0x00000028       0x18 .\CortexM3\ARM_GCC_493\Debug\cymetadata.o
 .debug_aranges
                0x00000040       0x48 .\CortexM3\ARM_GCC_493\Debug\Cm3Start.o
 .debug_aranges
                0x00000088       0x58 .\CortexM3\ARM_GCC_493\Debug\VTM17c_Display_7seg.a(cyfitter_cfg.o)
 .debug_aranges
                0x000000e0      0x168 .\CortexM3\ARM_GCC_493\Debug\VTM17c_Display_7seg.a(LED_Driver_Gear.o)
 .debug_aranges
                0x00000248      0x168 .\CortexM3\ARM_GCC_493\Debug\VTM17c_Display_7seg.a(LED_Driver_LRBWS.o)
 .debug_aranges
                0x000003b0       0x28 .\CortexM3\ARM_GCC_493\Debug\VTM17c_Display_7seg.a(LED_Driver_Gear_Com_Driver.o)
 .debug_aranges
                0x000003d8       0x28 .\CortexM3\ARM_GCC_493\Debug\VTM17c_Display_7seg.a(LED_Driver_Gear_DMA_Com_dma.o)
 .debug_aranges
                0x00000400       0x28 .\CortexM3\ARM_GCC_493\Debug\VTM17c_Display_7seg.a(LED_Driver_Gear_DMA_Seg_dma.o)
 .debug_aranges
                0x00000428       0x28 .\CortexM3\ARM_GCC_493\Debug\VTM17c_Display_7seg.a(LED_Driver_LRBWS_Com_Driver.o)
 .debug_aranges
                0x00000450       0x28 .\CortexM3\ARM_GCC_493\Debug\VTM17c_Display_7seg.a(LED_Driver_LRBWS_DMA_Com_dma.o)
 .debug_aranges
                0x00000478       0x28 .\CortexM3\ARM_GCC_493\Debug\VTM17c_Display_7seg.a(LED_Driver_LRBWS_DMA_Seg_dma.o)
 .debug_aranges
                0x000004a0       0x20 .\CortexM3\ARM_GCC_493\Debug\VTM17c_Display_7seg.a(CyBootAsmGnu.o)
 .debug_aranges
                0x000004c0       0xd8 .\CortexM3\ARM_GCC_493\Debug\VTM17c_Display_7seg.a(CyDmac.o)
 .debug_aranges
                0x00000598      0x298 .\CortexM3\ARM_GCC_493\Debug\VTM17c_Display_7seg.a(CyLib.o)
 .debug_aranges
                0x00000830       0x98 .\CortexM3\ARM_GCC_493\Debug\VTM17c_Display_7seg.a(cyPm.o)
 .debug_aranges
                0x000008c8       0x28 .\CortexM3\ARM_GCC_493\Debug\VTM17c_Display_7seg.a(LED_Driver_LRBWS_DMA_BC_dma.o)
 .debug_aranges
                0x000008f0       0xc8 .\CortexM3\ARM_GCC_493\Debug\VTM17c_Display_7seg.a(CAN.o)
 .debug_aranges
                0x000009b8       0x30 .\CortexM3\ARM_GCC_493\Debug\VTM17c_Display_7seg.a(CAN_INT.o)
 .debug_aranges
                0x000009e8       0x60 .\CortexM3\ARM_GCC_493\Debug\VTM17c_Display_7seg.a(CAN_TX_RX_func.o)
 .debug_aranges
                0x00000a48       0x28 .\CortexM3\ARM_GCC_493\Debug\VTM17c_Display_7seg.a(LED_Driver_Gear_DMA_BC_dma.o)
 .debug_aranges
                0x00000a70       0x80 .\CortexM3\ARM_GCC_493\Debug\VTM17c_Display_7seg.a(CyFlash.o)
 .debug_aranges
                0x00000af0       0x78 .\CortexM3\ARM_GCC_493\Debug\VTM17c_Display_7seg.a(CySpc.o)

.debug_pubnames
 *(.debug_pubnames)

.debug_info     0x00000000     0x907d
 *(.debug_info .gnu.linkonce.wi.*)
 .debug_info    0x00000000      0x502 .\CortexM3\ARM_GCC_493\Debug\main.o
 .debug_info    0x00000502      0x13c .\CortexM3\ARM_GCC_493\Debug\cymetadata.o
 .debug_info    0x0000063e      0x3af .\CortexM3\ARM_GCC_493\Debug\Cm3Start.o
 .debug_info    0x000009ed      0x5fc .\CortexM3\ARM_GCC_493\Debug\VTM17c_Display_7seg.a(cyfitter_cfg.o)
 .debug_info    0x00000fe9     0x1752 .\CortexM3\ARM_GCC_493\Debug\VTM17c_Display_7seg.a(LED_Driver_Gear.o)
 .debug_info    0x0000273b     0x18be .\CortexM3\ARM_GCC_493\Debug\VTM17c_Display_7seg.a(LED_Driver_LRBWS.o)
 .debug_info    0x00003ff9       0xd6 .\CortexM3\ARM_GCC_493\Debug\VTM17c_Display_7seg.a(LED_Driver_Gear_Com_Driver.o)
 .debug_info    0x000040cf      0x1fd .\CortexM3\ARM_GCC_493\Debug\VTM17c_Display_7seg.a(LED_Driver_Gear_DMA_Com_dma.o)
 .debug_info    0x000042cc      0x1fa .\CortexM3\ARM_GCC_493\Debug\VTM17c_Display_7seg.a(LED_Driver_Gear_DMA_Seg_dma.o)
 .debug_info    0x000044c6       0xd6 .\CortexM3\ARM_GCC_493\Debug\VTM17c_Display_7seg.a(LED_Driver_LRBWS_Com_Driver.o)
 .debug_info    0x0000459c      0x1fd .\CortexM3\ARM_GCC_493\Debug\VTM17c_Display_7seg.a(LED_Driver_LRBWS_DMA_Com_dma.o)
 .debug_info    0x00004799      0x1fd .\CortexM3\ARM_GCC_493\Debug\VTM17c_Display_7seg.a(LED_Driver_LRBWS_DMA_Seg_dma.o)
 .debug_info    0x00004996       0xbd .\CortexM3\ARM_GCC_493\Debug\VTM17c_Display_7seg.a(CyBootAsmGnu.o)
 .debug_info    0x00004a53      0x944 .\CortexM3\ARM_GCC_493\Debug\VTM17c_Display_7seg.a(CyDmac.o)
 .debug_info    0x00005397     0x136f .\CortexM3\ARM_GCC_493\Debug\VTM17c_Display_7seg.a(CyLib.o)
 .debug_info    0x00006706      0xa57 .\CortexM3\ARM_GCC_493\Debug\VTM17c_Display_7seg.a(cyPm.o)
 .debug_info    0x0000715d      0x1fd .\CortexM3\ARM_GCC_493\Debug\VTM17c_Display_7seg.a(LED_Driver_LRBWS_DMA_BC_dma.o)
 .debug_info    0x0000735a      0x923 .\CortexM3\ARM_GCC_493\Debug\VTM17c_Display_7seg.a(CAN.o)
 .debug_info    0x00007c7d      0x2b7 .\CortexM3\ARM_GCC_493\Debug\VTM17c_Display_7seg.a(CAN_INT.o)
 .debug_info    0x00007f34      0x45a .\CortexM3\ARM_GCC_493\Debug\VTM17c_Display_7seg.a(CAN_TX_RX_func.o)
 .debug_info    0x0000838e      0x1fd .\CortexM3\ARM_GCC_493\Debug\VTM17c_Display_7seg.a(LED_Driver_Gear_DMA_BC_dma.o)
 .debug_info    0x0000858b      0x608 .\CortexM3\ARM_GCC_493\Debug\VTM17c_Display_7seg.a(CyFlash.o)
 .debug_info    0x00008b93      0x4ea .\CortexM3\ARM_GCC_493\Debug\VTM17c_Display_7seg.a(CySpc.o)

.debug_abbrev   0x00000000     0x1f04
 *(.debug_abbrev)
 .debug_abbrev  0x00000000      0x181 .\CortexM3\ARM_GCC_493\Debug\main.o
 .debug_abbrev  0x00000181       0x77 .\CortexM3\ARM_GCC_493\Debug\cymetadata.o
 .debug_abbrev  0x000001f8      0x200 .\CortexM3\ARM_GCC_493\Debug\Cm3Start.o
 .debug_abbrev  0x000003f8      0x203 .\CortexM3\ARM_GCC_493\Debug\VTM17c_Display_7seg.a(cyfitter_cfg.o)
 .debug_abbrev  0x000005fb      0x21c .\CortexM3\ARM_GCC_493\Debug\VTM17c_Display_7seg.a(LED_Driver_Gear.o)
 .debug_abbrev  0x00000817      0x21c .\CortexM3\ARM_GCC_493\Debug\VTM17c_Display_7seg.a(LED_Driver_LRBWS.o)
 .debug_abbrev  0x00000a33       0x81 .\CortexM3\ARM_GCC_493\Debug\VTM17c_Display_7seg.a(LED_Driver_Gear_Com_Driver.o)
 .debug_abbrev  0x00000ab4       0xeb .\CortexM3\ARM_GCC_493\Debug\VTM17c_Display_7seg.a(LED_Driver_Gear_DMA_Com_dma.o)
 .debug_abbrev  0x00000b9f       0xeb .\CortexM3\ARM_GCC_493\Debug\VTM17c_Display_7seg.a(LED_Driver_Gear_DMA_Seg_dma.o)
 .debug_abbrev  0x00000c8a       0x81 .\CortexM3\ARM_GCC_493\Debug\VTM17c_Display_7seg.a(LED_Driver_LRBWS_Com_Driver.o)
 .debug_abbrev  0x00000d0b       0xeb .\CortexM3\ARM_GCC_493\Debug\VTM17c_Display_7seg.a(LED_Driver_LRBWS_DMA_Com_dma.o)
 .debug_abbrev  0x00000df6       0xeb .\CortexM3\ARM_GCC_493\Debug\VTM17c_Display_7seg.a(LED_Driver_LRBWS_DMA_Seg_dma.o)
 .debug_abbrev  0x00000ee1       0x14 .\CortexM3\ARM_GCC_493\Debug\VTM17c_Display_7seg.a(CyBootAsmGnu.o)
 .debug_abbrev  0x00000ef5      0x1cc .\CortexM3\ARM_GCC_493\Debug\VTM17c_Display_7seg.a(CyDmac.o)
 .debug_abbrev  0x000010c1      0x296 .\CortexM3\ARM_GCC_493\Debug\VTM17c_Display_7seg.a(CyLib.o)
 .debug_abbrev  0x00001357      0x1ed .\CortexM3\ARM_GCC_493\Debug\VTM17c_Display_7seg.a(cyPm.o)
 .debug_abbrev  0x00001544       0xeb .\CortexM3\ARM_GCC_493\Debug\VTM17c_Display_7seg.a(LED_Driver_LRBWS_DMA_BC_dma.o)
 .debug_abbrev  0x0000162f      0x1de .\CortexM3\ARM_GCC_493\Debug\VTM17c_Display_7seg.a(CAN.o)
 .debug_abbrev  0x0000180d      0x100 .\CortexM3\ARM_GCC_493\Debug\VTM17c_Display_7seg.a(CAN_INT.o)
 .debug_abbrev  0x0000190d      0x15e .\CortexM3\ARM_GCC_493\Debug\VTM17c_Display_7seg.a(CAN_TX_RX_func.o)
 .debug_abbrev  0x00001a6b       0xeb .\CortexM3\ARM_GCC_493\Debug\VTM17c_Display_7seg.a(LED_Driver_Gear_DMA_BC_dma.o)
 .debug_abbrev  0x00001b56      0x1ed .\CortexM3\ARM_GCC_493\Debug\VTM17c_Display_7seg.a(CyFlash.o)
 .debug_abbrev  0x00001d43      0x1c1 .\CortexM3\ARM_GCC_493\Debug\VTM17c_Display_7seg.a(CySpc.o)

.debug_line     0x00000000     0x3886
 *(.debug_line)
 .debug_line    0x00000000      0x26d .\CortexM3\ARM_GCC_493\Debug\main.o
 .debug_line    0x0000026d       0x53 .\CortexM3\ARM_GCC_493\Debug\cymetadata.o
 .debug_line    0x000002c0      0x254 .\CortexM3\ARM_GCC_493\Debug\Cm3Start.o
 .debug_line    0x00000514      0x1ea .\CortexM3\ARM_GCC_493\Debug\VTM17c_Display_7seg.a(cyfitter_cfg.o)
 .debug_line    0x000006fe      0x8e2 .\CortexM3\ARM_GCC_493\Debug\VTM17c_Display_7seg.a(LED_Driver_Gear.o)
 .debug_line    0x00000fe0      0x9c6 .\CortexM3\ARM_GCC_493\Debug\VTM17c_Display_7seg.a(LED_Driver_LRBWS.o)
 .debug_line    0x000019a6       0x84 .\CortexM3\ARM_GCC_493\Debug\VTM17c_Display_7seg.a(LED_Driver_Gear_Com_Driver.o)
 .debug_line    0x00001a2a       0xad .\CortexM3\ARM_GCC_493\Debug\VTM17c_Display_7seg.a(LED_Driver_Gear_DMA_Com_dma.o)
 .debug_line    0x00001ad7       0xad .\CortexM3\ARM_GCC_493\Debug\VTM17c_Display_7seg.a(LED_Driver_Gear_DMA_Seg_dma.o)
 .debug_line    0x00001b84       0x85 .\CortexM3\ARM_GCC_493\Debug\VTM17c_Display_7seg.a(LED_Driver_LRBWS_Com_Driver.o)
 .debug_line    0x00001c09       0xae .\CortexM3\ARM_GCC_493\Debug\VTM17c_Display_7seg.a(LED_Driver_LRBWS_DMA_Com_dma.o)
 .debug_line    0x00001cb7       0xae .\CortexM3\ARM_GCC_493\Debug\VTM17c_Display_7seg.a(LED_Driver_LRBWS_DMA_Seg_dma.o)
 .debug_line    0x00001d65       0x68 .\CortexM3\ARM_GCC_493\Debug\VTM17c_Display_7seg.a(CyBootAsmGnu.o)
 .debug_line    0x00001dcd      0x2e5 .\CortexM3\ARM_GCC_493\Debug\VTM17c_Display_7seg.a(CyDmac.o)
 .debug_line    0x000020b2      0x806 .\CortexM3\ARM_GCC_493\Debug\VTM17c_Display_7seg.a(CyLib.o)
 .debug_line    0x000028b8      0x366 .\CortexM3\ARM_GCC_493\Debug\VTM17c_Display_7seg.a(cyPm.o)
 .debug_line    0x00002c1e       0xad .\CortexM3\ARM_GCC_493\Debug\VTM17c_Display_7seg.a(LED_Driver_LRBWS_DMA_BC_dma.o)
 .debug_line    0x00002ccb      0x380 .\CortexM3\ARM_GCC_493\Debug\VTM17c_Display_7seg.a(CAN.o)
 .debug_line    0x0000304b       0xc3 .\CortexM3\ARM_GCC_493\Debug\VTM17c_Display_7seg.a(CAN_INT.o)
 .debug_line    0x0000310e      0x2a2 .\CortexM3\ARM_GCC_493\Debug\VTM17c_Display_7seg.a(CAN_TX_RX_func.o)
 .debug_line    0x000033b0       0xac .\CortexM3\ARM_GCC_493\Debug\VTM17c_Display_7seg.a(LED_Driver_Gear_DMA_BC_dma.o)
 .debug_line    0x0000345c      0x1ec .\CortexM3\ARM_GCC_493\Debug\VTM17c_Display_7seg.a(CyFlash.o)
 .debug_line    0x00003648      0x23e .\CortexM3\ARM_GCC_493\Debug\VTM17c_Display_7seg.a(CySpc.o)

.debug_frame    0x00000000     0x1f48
 *(.debug_frame)
 .debug_frame   0x00000000       0x4c .\CortexM3\ARM_GCC_493\Debug\main.o
 .debug_frame   0x0000004c       0xac .\CortexM3\ARM_GCC_493\Debug\Cm3Start.o
 .debug_frame   0x000000f8       0xe4 .\CortexM3\ARM_GCC_493\Debug\VTM17c_Display_7seg.a(cyfitter_cfg.o)
 .debug_frame   0x000001dc      0x4bc .\CortexM3\ARM_GCC_493\Debug\VTM17c_Display_7seg.a(LED_Driver_Gear.o)
 .debug_frame   0x00000698      0x4ac .\CortexM3\ARM_GCC_493\Debug\VTM17c_Display_7seg.a(LED_Driver_LRBWS.o)
 .debug_frame   0x00000b44       0x30 .\CortexM3\ARM_GCC_493\Debug\VTM17c_Display_7seg.a(LED_Driver_Gear_Com_Driver.o)
 .debug_frame   0x00000b74       0x54 .\CortexM3\ARM_GCC_493\Debug\VTM17c_Display_7seg.a(LED_Driver_Gear_DMA_Com_dma.o)
 .debug_frame   0x00000bc8       0x54 .\CortexM3\ARM_GCC_493\Debug\VTM17c_Display_7seg.a(LED_Driver_Gear_DMA_Seg_dma.o)
 .debug_frame   0x00000c1c       0x30 .\CortexM3\ARM_GCC_493\Debug\VTM17c_Display_7seg.a(LED_Driver_LRBWS_Com_Driver.o)
 .debug_frame   0x00000c4c       0x54 .\CortexM3\ARM_GCC_493\Debug\VTM17c_Display_7seg.a(LED_Driver_LRBWS_DMA_Com_dma.o)
 .debug_frame   0x00000ca0       0x54 .\CortexM3\ARM_GCC_493\Debug\VTM17c_Display_7seg.a(LED_Driver_LRBWS_DMA_Seg_dma.o)
 .debug_frame   0x00000cf4      0x1f4 .\CortexM3\ARM_GCC_493\Debug\VTM17c_Display_7seg.a(CyDmac.o)
 .debug_frame   0x00000ee8      0x728 .\CortexM3\ARM_GCC_493\Debug\VTM17c_Display_7seg.a(CyLib.o)
 .debug_frame   0x00001610      0x1f8 .\CortexM3\ARM_GCC_493\Debug\VTM17c_Display_7seg.a(cyPm.o)
 .debug_frame   0x00001808       0x54 .\CortexM3\ARM_GCC_493\Debug\VTM17c_Display_7seg.a(LED_Driver_LRBWS_DMA_BC_dma.o)
 .debug_frame   0x0000185c      0x1cc .\CortexM3\ARM_GCC_493\Debug\VTM17c_Display_7seg.a(CAN.o)
 .debug_frame   0x00001a28       0x68 .\CortexM3\ARM_GCC_493\Debug\VTM17c_Display_7seg.a(CAN_INT.o)
 .debug_frame   0x00001a90       0xb4 .\CortexM3\ARM_GCC_493\Debug\VTM17c_Display_7seg.a(CAN_TX_RX_func.o)
 .debug_frame   0x00001b44       0x54 .\CortexM3\ARM_GCC_493\Debug\VTM17c_Display_7seg.a(LED_Driver_Gear_DMA_BC_dma.o)
 .debug_frame   0x00001b98      0x174 .\CortexM3\ARM_GCC_493\Debug\VTM17c_Display_7seg.a(CyFlash.o)
 .debug_frame   0x00001d0c      0x160 .\CortexM3\ARM_GCC_493\Debug\VTM17c_Display_7seg.a(CySpc.o)
 .debug_frame   0x00001e6c       0x20 c:/program files (x86)/cypress/psoc creator/3.3/psoc creator/import/gnu/arm/4.9.3/bin/../lib/gcc/arm-none-eabi/4.9.3/../../../../arm-none-eabi/lib/armv7-m\libg_nano.a(lib_a-errno.o)
 .debug_frame   0x00001e8c       0x28 c:/program files (x86)/cypress/psoc creator/3.3/psoc creator/import/gnu/arm/4.9.3/bin/../lib/gcc/arm-none-eabi/4.9.3/../../../../arm-none-eabi/lib/armv7-m\libg_nano.a(lib_a-exit.o)
 .debug_frame   0x00001eb4       0x2c c:/program files (x86)/cypress/psoc creator/3.3/psoc creator/import/gnu/arm/4.9.3/bin/../lib/gcc/arm-none-eabi/4.9.3/../../../../arm-none-eabi/lib/armv7-m\libg_nano.a(lib_a-init.o)
 .debug_frame   0x00001ee0       0x28 c:/program files (x86)/cypress/psoc creator/3.3/psoc creator/import/gnu/arm/4.9.3/bin/../lib/gcc/arm-none-eabi/4.9.3/../../../../arm-none-eabi/lib/armv7-m\libg_nano.a(lib_a-memcpy.o)
 .debug_frame   0x00001f08       0x20 c:/program files (x86)/cypress/psoc creator/3.3/psoc creator/import/gnu/arm/4.9.3/bin/../lib/gcc/arm-none-eabi/4.9.3/../../../../arm-none-eabi/lib/armv7-m\libg_nano.a(lib_a-memset.o)
 .debug_frame   0x00001f28       0x20 c:/program files (x86)/cypress/psoc creator/3.3/psoc creator/import/gnu/arm/4.9.3/bin/../lib/gcc/arm-none-eabi/4.9.3/../../../../arm-none-eabi/lib/armv7-m\libg_nano.a(lib_a-strlen.o)

.debug_str      0x00000000     0x3188
 *(.debug_str)
 .debug_str     0x00000000      0x336 .\CortexM3\ARM_GCC_493\Debug\main.o
                                0x37d (size before relaxing)
 .debug_str     0x00000336       0x77 .\CortexM3\ARM_GCC_493\Debug\cymetadata.o
                                0x217 (size before relaxing)
 .debug_str     0x000003ad      0x16f .\CortexM3\ARM_GCC_493\Debug\Cm3Start.o
                                0x33b (size before relaxing)
 .debug_str     0x0000051c      0x15d .\CortexM3\ARM_GCC_493\Debug\VTM17c_Display_7seg.a(cyfitter_cfg.o)
                                0x330 (size before relaxing)
 .debug_str     0x00000679      0x9fe .\CortexM3\ARM_GCC_493\Debug\VTM17c_Display_7seg.a(LED_Driver_Gear.o)
                                0xc03 (size before relaxing)
 .debug_str     0x00001077      0x8de .\CortexM3\ARM_GCC_493\Debug\VTM17c_Display_7seg.a(LED_Driver_LRBWS.o)
                                0xcb7 (size before relaxing)
 .debug_str     0x00001955       0x5e .\CortexM3\ARM_GCC_493\Debug\VTM17c_Display_7seg.a(LED_Driver_Gear_Com_Driver.o)
                                0x21b (size before relaxing)
 .debug_str     0x000019b3       0xf9 .\CortexM3\ARM_GCC_493\Debug\VTM17c_Display_7seg.a(LED_Driver_Gear_DMA_Com_dma.o)
                                0x2de (size before relaxing)
 .debug_str     0x00001aac       0x7c .\CortexM3\ARM_GCC_493\Debug\VTM17c_Display_7seg.a(LED_Driver_Gear_DMA_Seg_dma.o)
                                0x2de (size before relaxing)
 .debug_str     0x00001b28       0x58 .\CortexM3\ARM_GCC_493\Debug\VTM17c_Display_7seg.a(LED_Driver_LRBWS_Com_Driver.o)
                                0x21e (size before relaxing)
 .debug_str     0x00001b80       0x7f .\CortexM3\ARM_GCC_493\Debug\VTM17c_Display_7seg.a(LED_Driver_LRBWS_DMA_Com_dma.o)
                                0x2e2 (size before relaxing)
 .debug_str     0x00001bff       0x7f .\CortexM3\ARM_GCC_493\Debug\VTM17c_Display_7seg.a(LED_Driver_LRBWS_DMA_Seg_dma.o)
                                0x2e2 (size before relaxing)
 .debug_str     0x00001c7e      0x286 .\CortexM3\ARM_GCC_493\Debug\VTM17c_Display_7seg.a(CyDmac.o)
                                0x56b (size before relaxing)
 .debug_str     0x00001f04      0x7d7 .\CortexM3\ARM_GCC_493\Debug\VTM17c_Display_7seg.a(CyLib.o)
                                0xa50 (size before relaxing)
 .debug_str     0x000026db      0x35b .\CortexM3\ARM_GCC_493\Debug\VTM17c_Display_7seg.a(cyPm.o)
                                0x748 (size before relaxing)
 .debug_str     0x00002a36       0x7c .\CortexM3\ARM_GCC_493\Debug\VTM17c_Display_7seg.a(LED_Driver_LRBWS_DMA_BC_dma.o)
                                0x2de (size before relaxing)
 .debug_str     0x00002ab2      0x2cb .\CortexM3\ARM_GCC_493\Debug\VTM17c_Display_7seg.a(CAN.o)
                                0x50f (size before relaxing)
 .debug_str     0x00002d7d       0xd3 .\CortexM3\ARM_GCC_493\Debug\VTM17c_Display_7seg.a(CAN_INT.o)
                                0x2fc (size before relaxing)
 .debug_str     0x00002e50       0x73 .\CortexM3\ARM_GCC_493\Debug\VTM17c_Display_7seg.a(CAN_TX_RX_func.o)
                                0x3bf (size before relaxing)
 .debug_str     0x00002ec3       0x79 .\CortexM3\ARM_GCC_493\Debug\VTM17c_Display_7seg.a(LED_Driver_Gear_DMA_BC_dma.o)
                                0x2da (size before relaxing)
 .debug_str     0x00002f3c      0x19e .\CortexM3\ARM_GCC_493\Debug\VTM17c_Display_7seg.a(CyFlash.o)
                                0x3c2 (size before relaxing)
 .debug_str     0x000030da       0xae .\CortexM3\ARM_GCC_493\Debug\VTM17c_Display_7seg.a(CySpc.o)
                                0x34b (size before relaxing)

.debug_loc      0x00000000     0x678d
 *(.debug_loc)
 .debug_loc     0x00000000       0x74 .\CortexM3\ARM_GCC_493\Debug\main.o
 .debug_loc     0x00000074      0x144 .\CortexM3\ARM_GCC_493\Debug\Cm3Start.o
 .debug_loc     0x000001b8      0x1d7 .\CortexM3\ARM_GCC_493\Debug\VTM17c_Display_7seg.a(cyfitter_cfg.o)
 .debug_loc     0x0000038f     0x185a .\CortexM3\ARM_GCC_493\Debug\VTM17c_Display_7seg.a(LED_Driver_Gear.o)
 .debug_loc     0x00001be9     0x1c71 .\CortexM3\ARM_GCC_493\Debug\VTM17c_Display_7seg.a(LED_Driver_LRBWS.o)
 .debug_loc     0x0000385a       0x84 .\CortexM3\ARM_GCC_493\Debug\VTM17c_Display_7seg.a(LED_Driver_Gear_DMA_Com_dma.o)
 .debug_loc     0x000038de       0x84 .\CortexM3\ARM_GCC_493\Debug\VTM17c_Display_7seg.a(LED_Driver_Gear_DMA_Seg_dma.o)
 .debug_loc     0x00003962       0x84 .\CortexM3\ARM_GCC_493\Debug\VTM17c_Display_7seg.a(LED_Driver_LRBWS_DMA_Com_dma.o)
 .debug_loc     0x000039e6       0x84 .\CortexM3\ARM_GCC_493\Debug\VTM17c_Display_7seg.a(LED_Driver_LRBWS_DMA_Seg_dma.o)
 .debug_loc     0x00003a6a      0xb83 .\CortexM3\ARM_GCC_493\Debug\VTM17c_Display_7seg.a(CyDmac.o)
 .debug_loc     0x000045ed      0xa11 .\CortexM3\ARM_GCC_493\Debug\VTM17c_Display_7seg.a(CyLib.o)
 .debug_loc     0x00004ffe      0x1e4 .\CortexM3\ARM_GCC_493\Debug\VTM17c_Display_7seg.a(cyPm.o)
 .debug_loc     0x000051e2       0x84 .\CortexM3\ARM_GCC_493\Debug\VTM17c_Display_7seg.a(LED_Driver_LRBWS_DMA_BC_dma.o)
 .debug_loc     0x00005266      0x983 .\CortexM3\ARM_GCC_493\Debug\VTM17c_Display_7seg.a(CAN.o)
 .debug_loc     0x00005be9       0x54 .\CortexM3\ARM_GCC_493\Debug\VTM17c_Display_7seg.a(CAN_INT.o)
 .debug_loc     0x00005c3d      0x17f .\CortexM3\ARM_GCC_493\Debug\VTM17c_Display_7seg.a(CAN_TX_RX_func.o)
 .debug_loc     0x00005dbc       0x84 .\CortexM3\ARM_GCC_493\Debug\VTM17c_Display_7seg.a(LED_Driver_Gear_DMA_BC_dma.o)
 .debug_loc     0x00005e40      0x300 .\CortexM3\ARM_GCC_493\Debug\VTM17c_Display_7seg.a(CyFlash.o)
 .debug_loc     0x00006140      0x64d .\CortexM3\ARM_GCC_493\Debug\VTM17c_Display_7seg.a(CySpc.o)

.debug_macinfo
 *(.debug_macinfo)

.debug_ranges   0x00000000      0x9e0
 *(.debug_ranges)
 .debug_ranges  0x00000000       0x18 .\CortexM3\ARM_GCC_493\Debug\main.o
 .debug_ranges  0x00000018       0x38 .\CortexM3\ARM_GCC_493\Debug\Cm3Start.o
 .debug_ranges  0x00000050       0x48 .\CortexM3\ARM_GCC_493\Debug\VTM17c_Display_7seg.a(cyfitter_cfg.o)
 .debug_ranges  0x00000098      0x158 .\CortexM3\ARM_GCC_493\Debug\VTM17c_Display_7seg.a(LED_Driver_Gear.o)
 .debug_ranges  0x000001f0      0x158 .\CortexM3\ARM_GCC_493\Debug\VTM17c_Display_7seg.a(LED_Driver_LRBWS.o)
 .debug_ranges  0x00000348       0x18 .\CortexM3\ARM_GCC_493\Debug\VTM17c_Display_7seg.a(LED_Driver_Gear_Com_Driver.o)
 .debug_ranges  0x00000360       0x18 .\CortexM3\ARM_GCC_493\Debug\VTM17c_Display_7seg.a(LED_Driver_Gear_DMA_Com_dma.o)
 .debug_ranges  0x00000378       0x18 .\CortexM3\ARM_GCC_493\Debug\VTM17c_Display_7seg.a(LED_Driver_Gear_DMA_Seg_dma.o)
 .debug_ranges  0x00000390       0x18 .\CortexM3\ARM_GCC_493\Debug\VTM17c_Display_7seg.a(LED_Driver_LRBWS_Com_Driver.o)
 .debug_ranges  0x000003a8       0x18 .\CortexM3\ARM_GCC_493\Debug\VTM17c_Display_7seg.a(LED_Driver_LRBWS_DMA_Com_dma.o)
 .debug_ranges  0x000003c0       0x18 .\CortexM3\ARM_GCC_493\Debug\VTM17c_Display_7seg.a(LED_Driver_LRBWS_DMA_Seg_dma.o)
 .debug_ranges  0x000003d8       0xc8 .\CortexM3\ARM_GCC_493\Debug\VTM17c_Display_7seg.a(CyDmac.o)
 .debug_ranges  0x000004a0      0x288 .\CortexM3\ARM_GCC_493\Debug\VTM17c_Display_7seg.a(CyLib.o)
 .debug_ranges  0x00000728       0x88 .\CortexM3\ARM_GCC_493\Debug\VTM17c_Display_7seg.a(cyPm.o)
 .debug_ranges  0x000007b0       0x18 .\CortexM3\ARM_GCC_493\Debug\VTM17c_Display_7seg.a(LED_Driver_LRBWS_DMA_BC_dma.o)
 .debug_ranges  0x000007c8       0xb8 .\CortexM3\ARM_GCC_493\Debug\VTM17c_Display_7seg.a(CAN.o)
 .debug_ranges  0x00000880       0x20 .\CortexM3\ARM_GCC_493\Debug\VTM17c_Display_7seg.a(CAN_INT.o)
 .debug_ranges  0x000008a0       0x50 .\CortexM3\ARM_GCC_493\Debug\VTM17c_Display_7seg.a(CAN_TX_RX_func.o)
 .debug_ranges  0x000008f0       0x18 .\CortexM3\ARM_GCC_493\Debug\VTM17c_Display_7seg.a(LED_Driver_Gear_DMA_BC_dma.o)
 .debug_ranges  0x00000908       0x70 .\CortexM3\ARM_GCC_493\Debug\VTM17c_Display_7seg.a(CyFlash.o)
 .debug_ranges  0x00000978       0x68 .\CortexM3\ARM_GCC_493\Debug\VTM17c_Display_7seg.a(CySpc.o)

.comment        0x00000000       0x70
 .comment       0x00000000       0x70 .\CortexM3\ARM_GCC_493\Debug\main.o
                                 0x71 (size before relaxing)
 .comment       0x00000000       0x71 .\CortexM3\ARM_GCC_493\Debug\cymetadata.o
 .comment       0x00000000       0x71 .\CortexM3\ARM_GCC_493\Debug\Cm3Start.o
 .comment       0x00000000       0x71 .\CortexM3\ARM_GCC_493\Debug\VTM17c_Display_7seg.a(cyfitter_cfg.o)
 .comment       0x00000000       0x71 .\CortexM3\ARM_GCC_493\Debug\VTM17c_Display_7seg.a(LED_Driver_Gear.o)
 .comment       0x00000000       0x71 .\CortexM3\ARM_GCC_493\Debug\VTM17c_Display_7seg.a(LED_Driver_LRBWS.o)
 .comment       0x00000000       0x71 .\CortexM3\ARM_GCC_493\Debug\VTM17c_Display_7seg.a(LED_Driver_Gear_Com_Driver.o)
 .comment       0x00000000       0x71 .\CortexM3\ARM_GCC_493\Debug\VTM17c_Display_7seg.a(LED_Driver_Gear_DMA_Com_dma.o)
 .comment       0x00000000       0x71 .\CortexM3\ARM_GCC_493\Debug\VTM17c_Display_7seg.a(LED_Driver_Gear_DMA_Seg_dma.o)
 .comment       0x00000000       0x71 .\CortexM3\ARM_GCC_493\Debug\VTM17c_Display_7seg.a(LED_Driver_LRBWS_Com_Driver.o)
 .comment       0x00000000       0x71 .\CortexM3\ARM_GCC_493\Debug\VTM17c_Display_7seg.a(LED_Driver_LRBWS_DMA_Com_dma.o)
 .comment       0x00000000       0x71 .\CortexM3\ARM_GCC_493\Debug\VTM17c_Display_7seg.a(LED_Driver_LRBWS_DMA_Seg_dma.o)
 .comment       0x00000000       0x71 .\CortexM3\ARM_GCC_493\Debug\VTM17c_Display_7seg.a(CyDmac.o)
 .comment       0x00000000       0x71 .\CortexM3\ARM_GCC_493\Debug\VTM17c_Display_7seg.a(CyLib.o)
 .comment       0x00000000       0x71 .\CortexM3\ARM_GCC_493\Debug\VTM17c_Display_7seg.a(cyPm.o)
 .comment       0x00000000       0x71 .\CortexM3\ARM_GCC_493\Debug\VTM17c_Display_7seg.a(LED_Driver_LRBWS_DMA_BC_dma.o)
 .comment       0x00000000       0x71 .\CortexM3\ARM_GCC_493\Debug\VTM17c_Display_7seg.a(CAN.o)
 .comment       0x00000000       0x71 .\CortexM3\ARM_GCC_493\Debug\VTM17c_Display_7seg.a(CAN_INT.o)
 .comment       0x00000000       0x71 .\CortexM3\ARM_GCC_493\Debug\VTM17c_Display_7seg.a(CAN_TX_RX_func.o)
 .comment       0x00000000       0x71 .\CortexM3\ARM_GCC_493\Debug\VTM17c_Display_7seg.a(LED_Driver_Gear_DMA_BC_dma.o)
 .comment       0x00000000       0x71 .\CortexM3\ARM_GCC_493\Debug\VTM17c_Display_7seg.a(CyFlash.o)
 .comment       0x00000000       0x71 .\CortexM3\ARM_GCC_493\Debug\VTM17c_Display_7seg.a(CySpc.o)

.debug_weaknames
 *(.debug_weaknames)

.debug_funcnames
 *(.debug_funcnames)

.debug_typenames
 *(.debug_typenames)

.debug_varnames
 *(.debug_varnames)

.note.gnu.arm.ident
 *(.note.gnu.arm.ident)

.ARM.attributes
                0x00000000       0x29
 *(.ARM.attributes)
 .ARM.attributes
                0x00000000       0x1d c:/program files (x86)/cypress/psoc creator/3.3/psoc creator/import/gnu/arm/4.9.3/bin/../lib/gcc/arm-none-eabi/4.9.3/armv7-m/crti.o
 .ARM.attributes
                0x0000001d       0x2d c:/program files (x86)/cypress/psoc creator/3.3/psoc creator/import/gnu/arm/4.9.3/bin/../lib/gcc/arm-none-eabi/4.9.3/armv7-m/crtbegin.o
 .ARM.attributes
                0x0000004a       0x1b c:/program files (x86)/cypress/psoc creator/3.3/psoc creator/import/gnu/arm/4.9.3/bin/../lib/gcc/arm-none-eabi/4.9.3/../../../../arm-none-eabi/lib/armv7-m/crt0.o
 .ARM.attributes
                0x00000065       0x33 .\CortexM3\ARM_GCC_493\Debug\main.o
 .ARM.attributes
                0x00000098       0x33 .\CortexM3\ARM_GCC_493\Debug\cymetadata.o
 .ARM.attributes
                0x000000cb       0x33 .\CortexM3\ARM_GCC_493\Debug\Cm3Start.o
 .ARM.attributes
                0x000000fe       0x33 .\CortexM3\ARM_GCC_493\Debug\VTM17c_Display_7seg.a(cyfitter_cfg.o)
 .ARM.attributes
                0x00000131       0x33 .\CortexM3\ARM_GCC_493\Debug\VTM17c_Display_7seg.a(LED_Driver_Gear.o)
 .ARM.attributes
                0x00000164       0x33 .\CortexM3\ARM_GCC_493\Debug\VTM17c_Display_7seg.a(LED_Driver_LRBWS.o)
 .ARM.attributes
                0x00000197       0x33 .\CortexM3\ARM_GCC_493\Debug\VTM17c_Display_7seg.a(LED_Driver_Gear_Com_Driver.o)
 .ARM.attributes
                0x000001ca       0x33 .\CortexM3\ARM_GCC_493\Debug\VTM17c_Display_7seg.a(LED_Driver_Gear_DMA_Com_dma.o)
 .ARM.attributes
                0x000001fd       0x33 .\CortexM3\ARM_GCC_493\Debug\VTM17c_Display_7seg.a(LED_Driver_Gear_DMA_Seg_dma.o)
 .ARM.attributes
                0x00000230       0x33 .\CortexM3\ARM_GCC_493\Debug\VTM17c_Display_7seg.a(LED_Driver_LRBWS_Com_Driver.o)
 .ARM.attributes
                0x00000263       0x33 .\CortexM3\ARM_GCC_493\Debug\VTM17c_Display_7seg.a(LED_Driver_LRBWS_DMA_Com_dma.o)
 .ARM.attributes
                0x00000296       0x33 .\CortexM3\ARM_GCC_493\Debug\VTM17c_Display_7seg.a(LED_Driver_LRBWS_DMA_Seg_dma.o)
 .ARM.attributes
                0x000002c9       0x21 .\CortexM3\ARM_GCC_493\Debug\VTM17c_Display_7seg.a(CyBootAsmGnu.o)
 .ARM.attributes
                0x000002ea       0x33 .\CortexM3\ARM_GCC_493\Debug\VTM17c_Display_7seg.a(CyDmac.o)
 .ARM.attributes
                0x0000031d       0x33 .\CortexM3\ARM_GCC_493\Debug\VTM17c_Display_7seg.a(CyLib.o)
 .ARM.attributes
                0x00000350       0x33 .\CortexM3\ARM_GCC_493\Debug\VTM17c_Display_7seg.a(cyPm.o)
 .ARM.attributes
                0x00000383       0x33 .\CortexM3\ARM_GCC_493\Debug\VTM17c_Display_7seg.a(LED_Driver_LRBWS_DMA_BC_dma.o)
 .ARM.attributes
                0x000003b6       0x33 .\CortexM3\ARM_GCC_493\Debug\VTM17c_Display_7seg.a(CAN.o)
 .ARM.attributes
                0x000003e9       0x33 .\CortexM3\ARM_GCC_493\Debug\VTM17c_Display_7seg.a(CAN_INT.o)
 .ARM.attributes
                0x0000041c       0x33 .\CortexM3\ARM_GCC_493\Debug\VTM17c_Display_7seg.a(CAN_TX_RX_func.o)
 .ARM.attributes
                0x0000044f       0x33 .\CortexM3\ARM_GCC_493\Debug\VTM17c_Display_7seg.a(LED_Driver_Gear_DMA_BC_dma.o)
 .ARM.attributes
                0x00000482       0x33 .\CortexM3\ARM_GCC_493\Debug\VTM17c_Display_7seg.a(CyFlash.o)
 .ARM.attributes
                0x000004b5       0x33 .\CortexM3\ARM_GCC_493\Debug\VTM17c_Display_7seg.a(CySpc.o)
 .ARM.attributes
                0x000004e8       0x1d c:/program files (x86)/cypress/psoc creator/3.3/psoc creator/import/gnu/arm/4.9.3/bin/../lib/gcc/arm-none-eabi/4.9.3/armv7-m\libgcc.a(_arm_addsubdf3.o)
 .ARM.attributes
                0x00000505       0x1d c:/program files (x86)/cypress/psoc creator/3.3/psoc creator/import/gnu/arm/4.9.3/bin/../lib/gcc/arm-none-eabi/4.9.3/armv7-m\libgcc.a(_arm_muldivdf3.o)
 .ARM.attributes
                0x00000522       0x1d c:/program files (x86)/cypress/psoc creator/3.3/psoc creator/import/gnu/arm/4.9.3/bin/../lib/gcc/arm-none-eabi/4.9.3/armv7-m\libgcc.a(_arm_fixunsdfsi.o)
 .ARM.attributes
                0x0000053f       0x2d c:/program files (x86)/cypress/psoc creator/3.3/psoc creator/import/gnu/arm/4.9.3/bin/../lib/gcc/arm-none-eabi/4.9.3/../../../../arm-none-eabi/lib/armv7-m\libg_nano.a(lib_a-errno.o)
 .ARM.attributes
                0x0000056c       0x2d c:/program files (x86)/cypress/psoc creator/3.3/psoc creator/import/gnu/arm/4.9.3/bin/../lib/gcc/arm-none-eabi/4.9.3/../../../../arm-none-eabi/lib/armv7-m\libg_nano.a(lib_a-exit.o)
 .ARM.attributes
                0x00000599       0x2d c:/program files (x86)/cypress/psoc creator/3.3/psoc creator/import/gnu/arm/4.9.3/bin/../lib/gcc/arm-none-eabi/4.9.3/../../../../arm-none-eabi/lib/armv7-m\libg_nano.a(lib_a-impure.o)
 .ARM.attributes
                0x000005c6       0x2d c:/program files (x86)/cypress/psoc creator/3.3/psoc creator/import/gnu/arm/4.9.3/bin/../lib/gcc/arm-none-eabi/4.9.3/../../../../arm-none-eabi/lib/armv7-m\libg_nano.a(lib_a-init.o)
 .ARM.attributes
                0x000005f3       0x2d c:/program files (x86)/cypress/psoc creator/3.3/psoc creator/import/gnu/arm/4.9.3/bin/../lib/gcc/arm-none-eabi/4.9.3/../../../../arm-none-eabi/lib/armv7-m\libg_nano.a(lib_a-memcpy.o)
 .ARM.attributes
                0x00000620       0x2d c:/program files (x86)/cypress/psoc creator/3.3/psoc creator/import/gnu/arm/4.9.3/bin/../lib/gcc/arm-none-eabi/4.9.3/../../../../arm-none-eabi/lib/armv7-m\libg_nano.a(lib_a-memset.o)
 .ARM.attributes
                0x0000064d       0x2d c:/program files (x86)/cypress/psoc creator/3.3/psoc creator/import/gnu/arm/4.9.3/bin/../lib/gcc/arm-none-eabi/4.9.3/../../../../arm-none-eabi/lib/armv7-m\libg_nano.a(lib_a-strlen.o)
 .ARM.attributes
                0x0000067a       0x2d c:/program files (x86)/cypress/psoc creator/3.3/psoc creator/import/gnu/arm/4.9.3/bin/../lib/gcc/arm-none-eabi/4.9.3/armv7-m/crtend.o
 .ARM.attributes
                0x000006a7       0x1d c:/program files (x86)/cypress/psoc creator/3.3/psoc creator/import/gnu/arm/4.9.3/bin/../lib/gcc/arm-none-eabi/4.9.3/armv7-m/crtn.o

/DISCARD/
 *(.note.GNU-stack)
OUTPUT(.\CortexM3\ARM_GCC_493\Debug\VTM17c_Display_7seg.elf elf32-littlearm)
