Archive member included because of file (symbol)

.\CortexM3\ARM_GCC_493\Debug\VTM17c_Display_7seg.a(cyfitter_cfg.o)
                              .\CortexM3\ARM_GCC_493\Debug\Cm3Start.o (cyfitter_cfg)
.\CortexM3\ARM_GCC_493\Debug\VTM17c_Display_7seg.a(LED_Driver_Gear.o)
                              .\CortexM3\ARM_GCC_493\Debug\main.o (LED_Driver_Gear_Start)
.\CortexM3\ARM_GCC_493\Debug\VTM17c_Display_7seg.a(LED_Driver_LRBWS.o)
                              .\CortexM3\ARM_GCC_493\Debug\main.o (LED_Driver_LRBWS_SetRC)
.\CortexM3\ARM_GCC_493\Debug\VTM17c_Display_7seg.a(LED_Driver_Gear_Com_Driver.o)
                              .\CortexM3\ARM_GCC_493\Debug\VTM17c_Display_7seg.a(LED_Driver_Gear.o) (LED_Driver_Gear_Com_Driver_Write)
.\CortexM3\ARM_GCC_493\Debug\VTM17c_Display_7seg.a(LED_Driver_Gear_DMA_Com_dma.o)
                              .\CortexM3\ARM_GCC_493\Debug\VTM17c_Display_7seg.a(LED_Driver_Gear.o) (LED_Driver_Gear_DMA_Com_DmaInitialize)
.\CortexM3\ARM_GCC_493\Debug\VTM17c_Display_7seg.a(LED_Driver_Gear_DMA_Seg_dma.o)
                              .\CortexM3\ARM_GCC_493\Debug\VTM17c_Display_7seg.a(LED_Driver_Gear.o) (LED_Driver_Gear_DMA_Seg_DmaInitialize)
.\CortexM3\ARM_GCC_493\Debug\VTM17c_Display_7seg.a(LED_Driver_LRBWS_Com_Driver.o)
                              .\CortexM3\ARM_GCC_493\Debug\VTM17c_Display_7seg.a(LED_Driver_LRBWS.o) (LED_Driver_LRBWS_Com_Driver_Write)
.\CortexM3\ARM_GCC_493\Debug\VTM17c_Display_7seg.a(LED_Driver_LRBWS_DMA_Com_dma.o)
                              .\CortexM3\ARM_GCC_493\Debug\VTM17c_Display_7seg.a(LED_Driver_LRBWS.o) (LED_Driver_LRBWS_DMA_Com_DmaInitialize)
.\CortexM3\ARM_GCC_493\Debug\VTM17c_Display_7seg.a(LED_Driver_LRBWS_DMA_Seg_dma.o)
                              .\CortexM3\ARM_GCC_493\Debug\VTM17c_Display_7seg.a(LED_Driver_LRBWS.o) (LED_Driver_LRBWS_DMA_Seg_DmaInitialize)
.\CortexM3\ARM_GCC_493\Debug\VTM17c_Display_7seg.a(CyBootAsmGnu.o)
                              .\CortexM3\ARM_GCC_493\Debug\VTM17c_Display_7seg.a(cyfitter_cfg.o) (CyDelayCycles)
.\CortexM3\ARM_GCC_493\Debug\VTM17c_Display_7seg.a(CyDmac.o)
                              .\CortexM3\ARM_GCC_493\Debug\Cm3Start.o (CyDmacConfigure)
.\CortexM3\ARM_GCC_493\Debug\VTM17c_Display_7seg.a(CyLib.o)
                              .\CortexM3\ARM_GCC_493\Debug\Cm3Start.o (CyHalt)
.\CortexM3\ARM_GCC_493\Debug\VTM17c_Display_7seg.a(cyPm.o)
                              .\CortexM3\ARM_GCC_493\Debug\VTM17c_Display_7seg.a(CyLib.o) (CyPmReadStatus)
.\CortexM3\ARM_GCC_493\Debug\VTM17c_Display_7seg.a(LED_Driver_LRBWS_DMA_BC_dma.o)
                              .\CortexM3\ARM_GCC_493\Debug\VTM17c_Display_7seg.a(LED_Driver_LRBWS.o) (LED_Driver_LRBWS_DMA_BC_DmaInitialize)
.\CortexM3\ARM_GCC_493\Debug\VTM17c_Display_7seg.a(CAN.o)
                              .\CortexM3\ARM_GCC_493\Debug\main.o (CAN_Init)
.\CortexM3\ARM_GCC_493\Debug\VTM17c_Display_7seg.a(CAN_INT.o)
                              .\CortexM3\ARM_GCC_493\Debug\VTM17c_Display_7seg.a(CAN.o) (CAN_ISR)
.\CortexM3\ARM_GCC_493\Debug\VTM17c_Display_7seg.a(CAN_TX_RX_func.o)
                              .\CortexM3\ARM_GCC_493\Debug\VTM17c_Display_7seg.a(CAN_INT.o) (CAN_ReceiveMsg)
.\CortexM3\ARM_GCC_493\Debug\VTM17c_Display_7seg.a(LED_Driver_Gear_DMA_BC_dma.o)
                              .\CortexM3\ARM_GCC_493\Debug\VTM17c_Display_7seg.a(LED_Driver_Gear.o) (LED_Driver_Gear_DMA_BC_DmaInitialize)
.\CortexM3\ARM_GCC_493\Debug\VTM17c_Display_7seg.a(Page_Button.o)
                              .\CortexM3\ARM_GCC_493\Debug\Dash_Funcs.o (Page_Button_Read)
.\CortexM3\ARM_GCC_493\Debug\VTM17c_Display_7seg.a(CyFlash.o)
                              .\CortexM3\ARM_GCC_493\Debug\VTM17c_Display_7seg.a(cyPm.o) (CyFlash_SetWaitCycles)
.\CortexM3\ARM_GCC_493\Debug\VTM17c_Display_7seg.a(CySpc.o)
                              .\CortexM3\ARM_GCC_493\Debug\VTM17c_Display_7seg.a(CyFlash.o) (CySpcStart)
c:/program files (x86)/cypress/psoc creator/3.3/psoc creator/import/gnu/arm/4.9.3/bin/../lib/gcc/arm-none-eabi/4.9.3/armv7-m\libgcc.a(_arm_addsubdf3.o)
                              .\CortexM3\ARM_GCC_493\Debug\Dash_Funcs.o (__aeabi_dadd)
c:/program files (x86)/cypress/psoc creator/3.3/psoc creator/import/gnu/arm/4.9.3/bin/../lib/gcc/arm-none-eabi/4.9.3/armv7-m\libgcc.a(_arm_muldivdf3.o)
                              .\CortexM3\ARM_GCC_493\Debug\Dash_Funcs.o (__aeabi_dmul)
c:/program files (x86)/cypress/psoc creator/3.3/psoc creator/import/gnu/arm/4.9.3/bin/../lib/gcc/arm-none-eabi/4.9.3/armv7-m\libgcc.a(_arm_cmpdf2.o)
                              .\CortexM3\ARM_GCC_493\Debug\Dash_Funcs.o (__aeabi_dcmplt)
c:/program files (x86)/cypress/psoc creator/3.3/psoc creator/import/gnu/arm/4.9.3/bin/../lib/gcc/arm-none-eabi/4.9.3/armv7-m\libgcc.a(_arm_fixdfsi.o)
                              .\CortexM3\ARM_GCC_493\Debug\Dash_Funcs.o (__aeabi_d2iz)
[...]
Memory Configuration

Name             Origin             Length             Attributes
rom              0x00000000         0x00040000         xr
ram              0x1fff8000         0x00010000         xrw
*default*        0x00000000         0xffffffff

Linker script and memory map

LOAD c:/program files (x86)/cypress/psoc creator/3.3/psoc creator/import/gnu/arm/4.9.3/bin/../lib/gcc/arm-none-eabi/4.9.3/armv7-m/crti.o
LOAD c:/program files (x86)/cypress/psoc creator/3.3/psoc creator/import/gnu/arm/4.9.3/bin/../lib/gcc/arm-none-eabi/4.9.3/armv7-m/crtbegin.o
LOAD c:/program files (x86)/cypress/psoc creator/3.3/psoc creator/import/gnu/arm/4.9.3/bin/../lib/gcc/arm-none-eabi/4.9.3/../../../../arm-none-eabi/lib/armv7-m/crt0.o
START GROUP
LOAD .\CortexM3\ARM_GCC_493\Debug\main.o
LOAD .\CortexM3\ARM_GCC_493\Debug\Dash_Funcs.o
LOAD .\CortexM3\ARM_GCC_493\Debug\cymetadata.o
LOAD .\CortexM3\ARM_GCC_493\Debug\Cm3Start.o
LOAD .\CortexM3\ARM_GCC_493\Debug\VTM17c_Display_7seg.a
LOAD C:\Program Files (x86)\Cypress\PSoC Creator\3.3\PSoC Creator\psoc\content\cycomponentlibrary\CyComponentLibrary.cylib\CortexM3\ARM_GCC_493\Debug\CyComponentLibrary.a
END GROUP
START GROUP
LOAD c:/program files (x86)/cypress/psoc creator/3.3/psoc creator/import/gnu/arm/4.9.3/bin/../lib/gcc/arm-none-eabi/4.9.3/armv7-m\libgcc.a
LOAD c:/program files (x86)/cypress/psoc creator/3.3/psoc creator/import/gnu/arm/4.9.3/bin/../lib/gcc/arm-none-eabi/4.9.3/../../../../arm-none-eabi/lib/armv7-m\libg_nano.a
LOAD c:/program files (x86)/cypress/psoc creator/3.3/psoc creator/import/gnu/arm/4.9.3/bin/../lib/gcc/arm-none-eabi/4.9.3/../../../../arm-none-eabi/lib/armv7-m\libc_nano.a
END GROUP
START GROUP
LOAD c:/program files (x86)/cypress/psoc creator/3.3/psoc creator/import/gnu/arm/4.9.3/bin/../lib/gcc/arm-none-eabi/4.9.3/armv7-m\libgcc.a
LOAD c:/program files (x86)/cypress/psoc creator/3.3/psoc creator/import/gnu/arm/4.9.3/bin/../lib/gcc/arm-none-eabi/4.9.3/../../../../arm-none-eabi/lib/armv7-m\libc_nano.a
END GROUP
LOAD c:/program files (x86)/cypress/psoc creator/3.3/psoc creator/import/gnu/arm/4.9.3/bin/../lib/gcc/arm-none-eabi/4.9.3/armv7-m/crtend.o
LOAD c:/program files (x86)/cypress/psoc creator/3.3/psoc creator/import/gnu/arm/4.9.3/bin/../lib/gcc/arm-none-eabi/4.9.3/armv7-m/crtn.o
START GROUP
LOAD c:/program files (x86)/cypress/psoc creator/3.3/psoc creator/import/gnu/arm/4.9.3/bin/../lib/gcc/arm-none-eabi/4.9.3/armv7-m\libgcc.a
LOAD c:/program files (x86)/cypress/psoc creator/3.3/psoc creator/import/gnu/arm/4.9.3/bin/../lib/gcc/arm-none-eabi/4.9.3/../../../../arm-none-eabi/lib/armv7-m\libc.a
LOAD c:/program files (x86)/cypress/psoc creator/3.3/psoc creator/import/gnu/arm/4.9.3/bin/../lib/gcc/arm-none-eabi/4.9.3/../../../../arm-none-eabi/lib/armv7-m\libnosys.a
END GROUP
                0x00000000                CY_APPL_ORIGIN = 0x0
                0x00000100                CY_FLASH_ROW_SIZE = 0x100
                0x00000020                CY_ECC_ROW_SIZE = 0x20
                0x00000000                CY_EE_IN_BTLDR = 0x0
                0x00000000                CY_APPL_LOADABLE = 0x0
                0x00000800                CY_EE_SIZE = 0x800
                0x00000001                CY_APPL_NUM = 0x1
                0x00000001                CY_APPL_MAX = 0x1
                0x00000040                CY_METADATA_SIZE = 0x40
                0x00000000                CY_APPL_LOADABLE = 0x0
                0x00000000                CY_CHECKSUM_EXCLUDE_SIZE = ALIGN (0x0, CY_FLASH_ROW_SIZE)
                0x1fff8308                PROVIDE (__cy_heap_start, _end)
                0x00000001                PROVIDE (__cy_region_num, ((__cy_regions_end - __cy_regions) / 0x10))
                0x20008000                PROVIDE (__cy_stack, (ORIGIN (ram) + 0x10000))
                0x20007800                PROVIDE (__cy_heap_end, (__cy_stack - 0x800))

.cybootloader   0x00000000        0x0
 *(.cybootloader)
                0x00000000                appl1_start = CY_APPL_ORIGIN?CY_APPL_ORIGIN:ALIGN (CY_FLASH_ROW_SIZE)
                0x0001ff00                appl2_start = (appl1_start + ALIGN ((((0x40000 - appl1_start) - (0x2 * CY_FLASH_ROW_SIZE)) / 0x2), CY_FLASH_ROW_SIZE))
                0x00000000                appl_start = (CY_APPL_NUM == 0x1)?appl1_start:appl2_start
                0x00000000                ecc_offset = ((appl_start / CY_FLASH_ROW_SIZE) * CY_ECC_ROW_SIZE)
                0x00000000                ee_offset = (CY_APPL_LOADABLE && ! (CY_EE_IN_BTLDR))?((CY_EE_SIZE / CY_APPL_MAX) * (CY_APPL_NUM - 0x1)):0x0
                0x00000800                ee_size = (CY_APPL_LOADABLE && ! (CY_EE_IN_BTLDR))?(CY_EE_SIZE / CY_APPL_MAX):CY_EE_SIZE
                0x00000000                PROVIDE (CY_ECC_OFFSET, ecc_offset)

.text           0x00000000     0x309e
 CREATE_OBJECT_SYMBOLS
                0x00000000                PROVIDE (__cy_interrupt_vector, RomVectors)
 *(.romvectors)
 .romvectors    0x00000000       0x10 .\CortexM3\ARM_GCC_493\Debug\Cm3Start.o
                0x00000000                RomVectors
                0x00000001                ASSERT ((. != __cy_interrupt_vector), No interrupt vector)
                0x00000001                ASSERT (CY_APPL_ORIGIN?(SIZEOF (.cybootloader) <= CY_APPL_ORIGIN):0x1, Wrong image location)
                0x00000010                PROVIDE (__cy_reset, Reset)
 *(.text.Reset)
 .text.Reset    0x00000010       0x18 .\CortexM3\ARM_GCC_493\Debug\Cm3Start.o
                0x00000010                Reset
                0x00000001                ASSERT ((. != __cy_reset), No reset code)
 *(.dma_init)
                0x00000001                ASSERT ((((appl_start + .) <= 0x10000) || 0x1), DMA Init must be within the first 64k of flash)
 *(.text .text.* .gnu.linkonce.t.*)
 .text          0x00000028       0x5c c:/program files (x86)/cypress/psoc creator/3.3/psoc creator/import/gnu/arm/4.9.3/bin/../lib/gcc/arm-none-eabi/4.9.3/armv7-m/crtbegin.o
 .text.main     0x00000084       0xe4 .\CortexM3\ARM_GCC_493\Debug\main.o
                0x00000084                main
 .text.ParseCAN
                0x00000168      0x230 .\CortexM3\ARM_GCC_493\Debug\Dash_Funcs.o
                0x00000168                ParseCAN
 .text.Brightness
                0x00000398       0x24 .\CortexM3\ARM_GCC_493\Debug\Dash_Funcs.o
                0x00000398                Brightness
 .text.DriveUpdate
                0x000003bc       0x7c .\CortexM3\ARM_GCC_493\Debug\Dash_Funcs.o
                0x000003bc                DriveUpdate
 .text.DiagUpdate
                0x00000438       0x5c .\CortexM3\ARM_GCC_493\Debug\Dash_Funcs.o
                0x00000438                DiagUpdate
 .text.SwitchButtonCheck
                0x00000494       0x48 .\CortexM3\ARM_GCC_493\Debug\Dash_Funcs.o
                0x00000494                SwitchButtonCheck
 *fill*         0x000004dc        0x4 
 .text.GearCalculation
                0x000004e0      0x120 .\CortexM3\ARM_GCC_493\Debug\Dash_Funcs.o
                0x000004e0                GearCalculation
 .text.ShiftLights
                0x00000600      0x298 .\CortexM3\ARM_GCC_493\Debug\Dash_Funcs.o
                0x00000600                ShiftLights
 .text.WarningLights
                0x00000898       0xc8 .\CortexM3\ARM_GCC_493\Debug\Dash_Funcs.o
                0x00000898                WarningLights
 .text.IntDefaultHandler
                0x00000960        0x4 .\CortexM3\ARM_GCC_493\Debug\Cm3Start.o
                0x00000960                IntDefaultHandler
 .text.Start_c  0x00000964       0x4c .\CortexM3\ARM_GCC_493\Debug\Cm3Start.o
                0x00000964                Start_c
 .text.initialize_psoc
                0x000009b0       0x78 .\CortexM3\ARM_GCC_493\Debug\Cm3Start.o
                0x000009b0                initialize_psoc
 .text.CyClockStartupError
                0x00000a28        0x4 .\CortexM3\ARM_GCC_493\Debug\VTM17c_Display_7seg.a(cyfitter_cfg.o)
 .text.cfg_write_bytes32
                0x00000a2c       0x34 .\CortexM3\ARM_GCC_493\Debug\VTM17c_Display_7seg.a(cyfitter_cfg.o)
 .text.AnalogSetDefault
                0x00000a60       0x28 .\CortexM3\ARM_GCC_493\Debug\VTM17c_Display_7seg.a(cyfitter_cfg.o)
 .text.CYMEMZERO
                0x00000a88        0xc .\CortexM3\ARM_GCC_493\Debug\VTM17c_Display_7seg.a(cyfitter_cfg.o)
 .text.ClockSetup
                0x00000a94       0xdc .\CortexM3\ARM_GCC_493\Debug\VTM17c_Display_7seg.a(cyfitter_cfg.o)
 .text.CYCONFIGCPY
                0x00000b70        0x8 .\CortexM3\ARM_GCC_493\Debug\VTM17c_Display_7seg.a(cyfitter_cfg.o)
 .text.cyfitter_cfg
                0x00000b78      0x178 .\CortexM3\ARM_GCC_493\Debug\VTM17c_Display_7seg.a(cyfitter_cfg.o)
                0x00000b78                cyfitter_cfg
 .text.LED_Driver_Gear_DmaInit
                0x00000cf0      0x13c .\CortexM3\ARM_GCC_493\Debug\VTM17c_Display_7seg.a(LED_Driver_Gear.o)
 .text.LED_Driver_Gear_DmaEnable
                0x00000e2c       0x3c .\CortexM3\ARM_GCC_493\Debug\VTM17c_Display_7seg.a(LED_Driver_Gear.o)
 .text.LED_Driver_Gear_Enable
                0x00000e68       0x24 .\CortexM3\ARM_GCC_493\Debug\VTM17c_Display_7seg.a(LED_Driver_Gear.o)
                0x00000e68                LED_Driver_Gear_Enable
 .text.LED_Driver_Gear_ClearDisplayAll
                0x00000e8c       0x18 .\CortexM3\ARM_GCC_493\Debug\VTM17c_Display_7seg.a(LED_Driver_Gear.o)
                0x00000e8c                LED_Driver_Gear_ClearDisplayAll
 .text.LED_Driver_Gear_Init
                0x00000ea4       0x30 .\CortexM3\ARM_GCC_493\Debug\VTM17c_Display_7seg.a(LED_Driver_Gear.o)
                0x00000ea4                LED_Driver_Gear_Init
 .text.LED_Driver_Gear_Start
                0x00000ed4       0x1c .\CortexM3\ARM_GCC_493\Debug\VTM17c_Display_7seg.a(LED_Driver_Gear.o)
                0x00000ed4                LED_Driver_Gear_Start
 .text.LED_Driver_Gear_EncodeNumber7Seg
                0x00000ef0       0x10 .\CortexM3\ARM_GCC_493\Debug\VTM17c_Display_7seg.a(LED_Driver_Gear.o)
                0x00000ef0                LED_Driver_Gear_EncodeNumber7Seg
 .text.LED_Driver_Gear_Write7SegDigitDec
                0x00000f00       0x1c .\CortexM3\ARM_GCC_493\Debug\VTM17c_Display_7seg.a(LED_Driver_Gear.o)
                0x00000f00                LED_Driver_Gear_Write7SegDigitDec
 .text.LED_Driver_Gear_SetBrightness
                0x00000f1c       0x3c .\CortexM3\ARM_GCC_493\Debug\VTM17c_Display_7seg.a(LED_Driver_Gear.o)
                0x00000f1c                LED_Driver_Gear_SetBrightness
 .text.LED_Driver_LRBWS_DmaInit
                0x00000f58      0x1d0 .\CortexM3\ARM_GCC_493\Debug\VTM17c_Display_7seg.a(LED_Driver_LRBWS.o)
 .text.LED_Driver_LRBWS_DmaEnable
                0x00001128       0x40 .\CortexM3\ARM_GCC_493\Debug\VTM17c_Display_7seg.a(LED_Driver_LRBWS.o)
 .text.LED_Driver_LRBWS_Enable
                0x00001168       0x28 .\CortexM3\ARM_GCC_493\Debug\VTM17c_Display_7seg.a(LED_Driver_LRBWS.o)
                0x00001168                LED_Driver_LRBWS_Enable
 .text.LED_Driver_LRBWS_SetRC
                0x00001190       0x4c .\CortexM3\ARM_GCC_493\Debug\VTM17c_Display_7seg.a(LED_Driver_LRBWS.o)
                0x00001190                LED_Driver_LRBWS_SetRC
 .text.LED_Driver_LRBWS_ClearRC
                0x000011dc       0x50 .\CortexM3\ARM_GCC_493\Debug\VTM17c_Display_7seg.a(LED_Driver_LRBWS.o)
                0x000011dc                LED_Driver_LRBWS_ClearRC
 .text.LED_Driver_LRBWS_ToggleRC
                0x0000122c       0x4c .\CortexM3\ARM_GCC_493\Debug\VTM17c_Display_7seg.a(LED_Driver_LRBWS.o)
                0x0000122c                LED_Driver_LRBWS_ToggleRC
 .text.LED_Driver_LRBWS_ClearDisplayAll
                0x00001278       0x28 .\CortexM3\ARM_GCC_493\Debug\VTM17c_Display_7seg.a(LED_Driver_LRBWS.o)
                0x00001278                LED_Driver_LRBWS_ClearDisplayAll
 .text.LED_Driver_LRBWS_Init
                0x000012a0       0x38 .\CortexM3\ARM_GCC_493\Debug\VTM17c_Display_7seg.a(LED_Driver_LRBWS.o)
                0x000012a0                LED_Driver_LRBWS_Init
 .text.LED_Driver_LRBWS_Start
                0x000012d8       0x20 .\CortexM3\ARM_GCC_493\Debug\VTM17c_Display_7seg.a(LED_Driver_LRBWS.o)
                0x000012d8                LED_Driver_LRBWS_Start
 .text.LED_Driver_LRBWS_EncodeNumber7Seg
                0x000012f8       0x10 .\CortexM3\ARM_GCC_493\Debug\VTM17c_Display_7seg.a(LED_Driver_LRBWS.o)
                0x000012f8                LED_Driver_LRBWS_EncodeNumber7Seg
 .text.LED_Driver_LRBWS_EncodeChar7Seg
                0x00001308       0x24 .\CortexM3\ARM_GCC_493\Debug\VTM17c_Display_7seg.a(LED_Driver_LRBWS.o)
                0x00001308                LED_Driver_LRBWS_EncodeChar7Seg
 .text.LED_Driver_LRBWS_Write7SegNumberDec
                0x0000132c      0x1c8 .\CortexM3\ARM_GCC_493\Debug\VTM17c_Display_7seg.a(LED_Driver_LRBWS.o)
                0x0000132c                LED_Driver_LRBWS_Write7SegNumberDec
 .text.LED_Driver_LRBWS_SetBrightness
                0x000014f4       0x40 .\CortexM3\ARM_GCC_493\Debug\VTM17c_Display_7seg.a(LED_Driver_LRBWS.o)
                0x000014f4                LED_Driver_LRBWS_SetBrightness
 .text.LED_Driver_Gear_DMA_Com_DmaInitialize
                0x00001534       0x3c .\CortexM3\ARM_GCC_493\Debug\VTM17c_Display_7seg.a(LED_Driver_Gear_DMA_Com_dma.o)
                0x00001534                LED_Driver_Gear_DMA_Com_DmaInitialize
 .text.LED_Driver_Gear_DMA_Seg_DmaInitialize
                0x00001570       0x40 .\CortexM3\ARM_GCC_493\Debug\VTM17c_Display_7seg.a(LED_Driver_Gear_DMA_Seg_dma.o)
                0x00001570                LED_Driver_Gear_DMA_Seg_DmaInitialize
 .text.LED_Driver_LRBWS_DMA_Com_DmaInitialize
                0x000015b0       0x3c .\CortexM3\ARM_GCC_493\Debug\VTM17c_Display_7seg.a(LED_Driver_LRBWS_DMA_Com_dma.o)
                0x000015b0                LED_Driver_LRBWS_DMA_Com_DmaInitialize
 .text.LED_Driver_LRBWS_DMA_Seg_DmaInitialize
                0x000015ec       0x40 .\CortexM3\ARM_GCC_493\Debug\VTM17c_Display_7seg.a(LED_Driver_LRBWS_DMA_Seg_dma.o)
                0x000015ec                LED_Driver_LRBWS_DMA_Seg_DmaInitialize
 *fill*         0x0000162c        0x4 
 .text          0x00001630       0x20 .\CortexM3\ARM_GCC_493\Debug\VTM17c_Display_7seg.a(CyBootAsmGnu.o)
                0x00001630                CyDelayCycles
                0x00001640                CyEnterCriticalSection
                0x00001648                CyExitCriticalSection
 .text.CyDmacConfigure
                0x00001650       0x34 .\CortexM3\ARM_GCC_493\Debug\VTM17c_Display_7seg.a(CyDmac.o)
                0x00001650                CyDmacConfigure
 .text.CyDmaChEnable
                0x00001684       0x38 .\CortexM3\ARM_GCC_493\Debug\VTM17c_Display_7seg.a(CyDmac.o)
                0x00001684                CyDmaChEnable
 .text.CyDmaChPriority
                0x000016bc       0x24 .\CortexM3\ARM_GCC_493\Debug\VTM17c_Display_7seg.a(CyDmac.o)
                0x000016bc                CyDmaChPriority
 .text.CyDmaChSetExtendedAddress
                0x000016e0       0x34 .\CortexM3\ARM_GCC_493\Debug\VTM17c_Display_7seg.a(CyDmac.o)
                0x000016e0                CyDmaChSetExtendedAddress
 .text.CyDmaChSetInitialTd
                0x00001714       0x18 .\CortexM3\ARM_GCC_493\Debug\VTM17c_Display_7seg.a(CyDmac.o)
                0x00001714                CyDmaChSetInitialTd
 .text.CyDmaChSetConfiguration
                0x0000172c       0x48 .\CortexM3\ARM_GCC_493\Debug\VTM17c_Display_7seg.a(CyDmac.o)
                0x0000172c                CyDmaChSetConfiguration
 .text.CyDmaTdAllocate
                0x00001774       0x34 .\CortexM3\ARM_GCC_493\Debug\VTM17c_Display_7seg.a(CyDmac.o)
                0x00001774                CyDmaTdAllocate
 .text.CyDmaTdSetConfiguration
                0x000017a8       0x28 .\CortexM3\ARM_GCC_493\Debug\VTM17c_Display_7seg.a(CyDmac.o)
                0x000017a8                CyDmaTdSetConfiguration
 .text.CyDmaTdSetAddress
                0x000017d0       0x1c .\CortexM3\ARM_GCC_493\Debug\VTM17c_Display_7seg.a(CyDmac.o)
                0x000017d0                CyDmaTdSetAddress
 .text.CyHalt   0x000017ec        0x4 .\CortexM3\ARM_GCC_493\Debug\VTM17c_Display_7seg.a(CyLib.o)
                0x000017ec                CyHalt
 .text.CyIntSetVector
                0x000017f0       0x28 .\CortexM3\ARM_GCC_493\Debug\VTM17c_Display_7seg.a(CyLib.o)
                0x000017f0                CyIntSetVector
 .text.CyIntSetPriority
                0x00001818       0x30 .\CortexM3\ARM_GCC_493\Debug\VTM17c_Display_7seg.a(CyLib.o)
                0x00001818                CyIntSetPriority
 .text.LED_Driver_LRBWS_DMA_BC_DmaInitialize
                0x00001848       0x3c .\CortexM3\ARM_GCC_493\Debug\VTM17c_Display_7seg.a(LED_Driver_LRBWS_DMA_BC_dma.o)
                0x00001848                LED_Driver_LRBWS_DMA_BC_DmaInitialize
 .text.CAN_Stop
                0x00001884       0x5c .\CortexM3\ARM_GCC_493\Debug\VTM17c_Display_7seg.a(CAN.o)
                0x00001884                CAN_Stop
 .text.CAN_GlobalIntEnable
                0x000018e0       0x20 .\CortexM3\ARM_GCC_493\Debug\VTM17c_Display_7seg.a(CAN.o)
                0x000018e0                CAN_GlobalIntEnable
 .text.CAN_Enable
                0x00001900       0x6c .\CortexM3\ARM_GCC_493\Debug\VTM17c_Display_7seg.a(CAN.o)
                0x00001900                CAN_Enable
 .text.CAN_GlobalIntDisable
                0x0000196c       0x20 .\CortexM3\ARM_GCC_493\Debug\VTM17c_Display_7seg.a(CAN.o)
                0x0000196c                CAN_GlobalIntDisable
 .text.CAN_SetPreScaler
                0x0000198c       0x24 .\CortexM3\ARM_GCC_493\Debug\VTM17c_Display_7seg.a(CAN.o)
                0x0000198c                CAN_SetPreScaler
 .text.CAN_SetArbiter
                0x000019b0       0x3c .\CortexM3\ARM_GCC_493\Debug\VTM17c_Display_7seg.a(CAN.o)
                0x000019b0                CAN_SetArbiter
 .text.CAN_SetTsegSample
                0x000019ec       0x84 .\CortexM3\ARM_GCC_493\Debug\VTM17c_Display_7seg.a(CAN.o)
                0x000019ec                CAN_SetTsegSample
 .text.CAN_SetRestartType
                0x00001a70       0x3c .\CortexM3\ARM_GCC_493\Debug\VTM17c_Display_7seg.a(CAN.o)
                0x00001a70                CAN_SetRestartType
 .text.CAN_SetEdgeMode
                0x00001aac       0x3c .\CortexM3\ARM_GCC_493\Debug\VTM17c_Display_7seg.a(CAN.o)
                0x00001aac                CAN_SetEdgeMode
 .text.CAN_SetIrqMask
                0x00001ae8       0x18 .\CortexM3\ARM_GCC_493\Debug\VTM17c_Display_7seg.a(CAN.o)
                0x00001ae8                CAN_SetIrqMask
 .text.CAN_RxBufConfig
                0x00001b00       0x90 .\CortexM3\ARM_GCC_493\Debug\VTM17c_Display_7seg.a(CAN.o)
                0x00001b00                CAN_RxBufConfig
 .text.CAN_TxBufConfig
                0x00001b90       0x54 .\CortexM3\ARM_GCC_493\Debug\VTM17c_Display_7seg.a(CAN.o)
                0x00001b90                CAN_TxBufConfig
 .text.CAN_RxTxBuffersConfig
                0x00001be4       0x50 .\CortexM3\ARM_GCC_493\Debug\VTM17c_Display_7seg.a(CAN.o)
                0x00001be4                CAN_RxTxBuffersConfig
 .text.CAN_Init
                0x00001c34       0xe0 .\CortexM3\ARM_GCC_493\Debug\VTM17c_Display_7seg.a(CAN.o)
                0x00001c34                CAN_Init
 .text.CAN_Start
                0x00001d14       0x24 .\CortexM3\ARM_GCC_493\Debug\VTM17c_Display_7seg.a(CAN.o)
                0x00001d14                CAN_Start
 .text.CAN_BusOffIsr
                0x00001d38       0x18 .\CortexM3\ARM_GCC_493\Debug\VTM17c_Display_7seg.a(CAN_INT.o)
                0x00001d38                CAN_BusOffIsr
 .text.CAN_MsgRXIsr
                0x00001d50       0x7c .\CortexM3\ARM_GCC_493\Debug\VTM17c_Display_7seg.a(CAN_INT.o)
                0x00001d50                CAN_MsgRXIsr
 .text.CAN_ISR  0x00001dcc       0x24 .\CortexM3\ARM_GCC_493\Debug\VTM17c_Display_7seg.a(CAN_INT.o)
                0x00001dcc                CAN_ISR
 .text.CAN_ReceiveMsg
                0x00001df0       0x1c .\CortexM3\ARM_GCC_493\Debug\VTM17c_Display_7seg.a(CAN_TX_RX_func.o)
                0x00001df0                CAN_ReceiveMsg
 .text.CAN_ReceiveMsgRPM
                0x00001e0c       0x64 .\CortexM3\ARM_GCC_493\Debug\VTM17c_Display_7seg.a(CAN_TX_RX_func.o)
                0x00001e0c                CAN_ReceiveMsgRPM
 .text.CAN_ReceiveMsgECT
                0x00001e70       0x64 .\CortexM3\ARM_GCC_493\Debug\VTM17c_Display_7seg.a(CAN_TX_RX_func.o)
                0x00001e70                CAN_ReceiveMsgECT
 .text.CAN_ReceiveMsgEGT
                0x00001ed4       0x64 .\CortexM3\ARM_GCC_493\Debug\VTM17c_Display_7seg.a(CAN_TX_RX_func.o)
                0x00001ed4                CAN_ReceiveMsgEGT
 .text.CAN_ReceiveMsgBP
                0x00001f38       0x68 .\CortexM3\ARM_GCC_493\Debug\VTM17c_Display_7seg.a(CAN_TX_RX_func.o)
                0x00001f38                CAN_ReceiveMsgBP
 .text.CAN_ReceiveMsgSPD
                0x00001fa0       0x64 .\CortexM3\ARM_GCC_493\Debug\VTM17c_Display_7seg.a(CAN_TX_RX_func.o)
                0x00001fa0                CAN_ReceiveMsgSPD
 .text.CAN_ReceiveMsgOT
                0x00002004       0x64 .\CortexM3\ARM_GCC_493\Debug\VTM17c_Display_7seg.a(CAN_TX_RX_func.o)
                0x00002004                CAN_ReceiveMsgOT
 .text.LED_Driver_Gear_DMA_BC_DmaInitialize
                0x00002068       0x3c .\CortexM3\ARM_GCC_493\Debug\VTM17c_Display_7seg.a(LED_Driver_Gear_DMA_BC_dma.o)
                0x00002068                LED_Driver_Gear_DMA_BC_DmaInitialize
 .text.Page_Button_Read
                0x000020a4        0xc .\CortexM3\ARM_GCC_493\Debug\VTM17c_Display_7seg.a(Page_Button.o)
                0x000020a4                Page_Button_Read
 .text          0x000020b0      0x370 c:/program files (x86)/cypress/psoc creator/3.3/psoc creator/import/gnu/arm/4.9.3/bin/../lib/gcc/arm-none-eabi/4.9.3/armv7-m\libgcc.a(_arm_addsubdf3.o)
                0x000020b0                __aeabi_drsub
                0x000020b8                __aeabi_dsub
                0x000020b8                __subdf3
                0x000020bc                __aeabi_dadd
                0x000020bc                __adddf3
                0x00002334                __floatunsidf
                0x00002334                __aeabi_ui2d
                0x00002354                __floatsidf
                0x00002354                __aeabi_i2d
                0x00002378                __aeabi_f2d
                0x00002378                __extendsfdf2
                0x000023b4                __floatundidf
                0x000023b4                __aeabi_ul2d
                0x000023c4                __floatdidf
                0x000023c4                __aeabi_l2d
 .text          0x00002420      0x424 c:/program files (x86)/cypress/psoc creator/3.3/psoc creator/import/gnu/arm/4.9.3/bin/../lib/gcc/arm-none-eabi/4.9.3/armv7-m\libgcc.a(_arm_muldivdf3.o)
                0x00002420                __aeabi_dmul
                0x00002420                __muldf3
                0x00002674                __divdf3
                0x00002674                __aeabi_ddiv
 .text          0x00002844      0x110 c:/program files (x86)/cypress/psoc creator/3.3/psoc creator/import/gnu/arm/4.9.3/bin/../lib/gcc/arm-none-eabi/4.9.3/armv7-m\libgcc.a(_arm_cmpdf2.o)
                0x00002844                __gtdf2
                0x00002844                __gedf2
                0x0000284c                __ltdf2
                0x0000284c                __ledf2
                0x00002854                __nedf2
                0x00002854                __eqdf2
                0x00002854                __cmpdf2
                0x000028d0                __aeabi_cdrcmple
                0x000028e0                __aeabi_cdcmpeq
                0x000028e0                __aeabi_cdcmple
                0x000028f0                __aeabi_dcmpeq
                0x00002904                __aeabi_dcmplt
                0x00002918                __aeabi_dcmple
                0x0000292c                __aeabi_dcmpge
                0x00002940                __aeabi_dcmpgt
 .text          0x00002954       0x50 c:/program files (x86)/cypress/psoc creator/3.3/psoc creator/import/gnu/arm/4.9.3/bin/../lib/gcc/arm-none-eabi/4.9.3/armv7-m\libgcc.a(_arm_fixdfsi.o)
                0x00002954                __aeabi_d2iz
                0x00002954                __fixdfsi
 .text          0x000029a4       0x40 c:/program files (x86)/cypress/psoc creator/3.3/psoc creator/import/gnu/arm/4.9.3/bin/../lib/gcc/arm-none-eabi/4.9.3/armv7-m\libgcc.a(_arm_fixunsdfsi.o)
                0x000029a4                __aeabi_d2uiz
                0x000029a4                __fixunsdfsi
 .text          0x000029e4       0xa0 c:/program files (x86)/cypress/psoc creator/3.3/psoc creator/import/gnu/arm/4.9.3/bin/../lib/gcc/arm-none-eabi/4.9.3/armv7-m\libgcc.a(_arm_truncdfsf2.o)
                0x000029e4                __truncdfsf2
                0x000029e4                __aeabi_d2f
 .text          0x00002a84      0x21c c:/program files (x86)/cypress/psoc creator/3.3/psoc creator/import/gnu/arm/4.9.3/bin/../lib/gcc/arm-none-eabi/4.9.3/armv7-m\libgcc.a(_arm_addsubsf3.o)
                0x00002a84                __aeabi_frsub
                0x00002a8c                __subsf3
                0x00002a8c                __aeabi_fsub
                0x00002a90                __aeabi_fadd
                0x00002a90                __addsf3
                0x00002bf0                __aeabi_ui2f
                0x00002bf0                __floatunsisf
                0x00002bf8                __aeabi_i2f
                0x00002bf8                __floatsisf
                0x00002c14                __aeabi_ul2f
                0x00002c14                __floatundisf
                0x00002c24                __aeabi_l2f
                0x00002c24                __floatdisf
 .text          0x00002ca0      0x2a0 c:/program files (x86)/cypress/psoc creator/3.3/psoc creator/import/gnu/arm/4.9.3/bin/../lib/gcc/arm-none-eabi/4.9.3/armv7-m\libgcc.a(_arm_muldivsf3.o)
                0x00002ca0                __mulsf3
                0x00002ca0                __aeabi_fmul
                0x00002e08                __aeabi_fdiv
                0x00002e08                __divsf3
 .text          0x00002f40       0xec c:/program files (x86)/cypress/psoc creator/3.3/psoc creator/import/gnu/arm/4.9.3/bin/../lib/gcc/arm-none-eabi/4.9.3/armv7-m\libgcc.a(_arm_cmpsf2.o)
                0x00002f40                __gesf2
                0x00002f40                __gtsf2
                0x00002f48                __lesf2
                0x00002f48                __ltsf2
                0x00002f50                __nesf2
                0x00002f50                __eqsf2
                0x00002f50                __cmpsf2
                0x00002fb0                __aeabi_cfrcmple
                0x00002fb8                __aeabi_cfcmpeq
                0x00002fb8                __aeabi_cfcmple
                0x00002fc8                __aeabi_fcmpeq
                0x00002fdc                __aeabi_fcmplt
                0x00002ff0                __aeabi_fcmple
                0x00003004                __aeabi_fcmpge
                0x00003018                __aeabi_fcmpgt
 .text.__libc_init_array
                0x0000302c       0x4c c:/program files (x86)/cypress/psoc creator/3.3/psoc creator/import/gnu/arm/4.9.3/bin/../lib/gcc/arm-none-eabi/4.9.3/../../../../arm-none-eabi/lib/armv7-m\libg_nano.a(lib_a-init.o)
                0x0000302c                __libc_init_array
 .text.memcpy   0x00003078       0x16 c:/program files (x86)/cypress/psoc creator/3.3/psoc creator/import/gnu/arm/4.9.3/bin/../lib/gcc/arm-none-eabi/4.9.3/../../../../arm-none-eabi/lib/armv7-m\libg_nano.a(lib_a-memcpy.o)
                0x00003078                memcpy
 .text.memset   0x0000308e       0x10 c:/program files (x86)/cypress/psoc creator/3.3/psoc creator/import/gnu/arm/4.9.3/bin/../lib/gcc/arm-none-eabi/4.9.3/../../../../arm-none-eabi/lib/armv7-m\libg_nano.a(lib_a-memset.o)
                0x0000308e                memset
 *(.plt)
 *(.gnu.warning)
 *(.glue_7t)
 .glue_7t       0x00000000        0x0 linker stubs
 *(.glue_7)
 .glue_7        0x00000000        0x0 linker stubs
 *(.vfp11_veneer)
 .vfp11_veneer  0x00000000        0x0 linker stubs
 *(.bootloader)
 *(.ARM.extab* .gnu.linkonce.armextab.*)
 *(.gcc_except_table)

.v4_bx          0x000030a0        0x0
 .v4_bx         0x00000000        0x0 linker stubs

.iplt           0x000030a0        0x0
 .iplt          0x00000000        0x0 c:/program files (x86)/cypress/psoc creator/3.3/psoc creator/import/gnu/arm/4.9.3/bin/../lib/gcc/arm-none-eabi/4.9.3/armv7-m/crtbegin.o

.eh_frame_hdr
 *(.eh_frame_hdr)

.eh_frame       0x000030a0        0x4
 *(.eh_frame)
 .eh_frame      0x000030a0        0x0 c:/program files (x86)/cypress/psoc creator/3.3/psoc creator/import/gnu/arm/4.9.3/bin/../lib/gcc/arm-none-eabi/4.9.3/armv7-m/crtbegin.o
 .eh_frame      0x000030a0        0x4 c:/program files (x86)/cypress/psoc creator/3.3/psoc creator/import/gnu/arm/4.9.3/bin/../lib/gcc/arm-none-eabi/4.9.3/armv7-m/crtend.o
                0x000030a4                PROVIDE (__exidx_start, .)

.ARM.exidx
 *(.ARM.exidx* .gnu.linkonce.armexidx.*)
                0x000030a4                __exidx_end = .

.rodata         0x000030a4      0x63c
 *(.rodata .rodata.* .gnu.linkonce.r.*)
 .rodata        0x000030a4       0x24 .\CortexM3\ARM_GCC_493\Debug\VTM17c_Display_7seg.a(cyfitter_cfg.o)
 .rodata        0x000030c8      0x240 .\CortexM3\ARM_GCC_493\Debug\VTM17c_Display_7seg.a(LED_Driver_Gear.o)
 .rodata        0x00003308      0x240 .\CortexM3\ARM_GCC_493\Debug\VTM17c_Display_7seg.a(LED_Driver_LRBWS.o)
 .rodata        0x00003548      0x160 .\CortexM3\ARM_GCC_493\Debug\VTM17c_Display_7seg.a(CAN.o)
                0x000036a8                . = ALIGN (0x4)
 *(.init)
 .init          0x000036a8        0x4 c:/program files (x86)/cypress/psoc creator/3.3/psoc creator/import/gnu/arm/4.9.3/bin/../lib/gcc/arm-none-eabi/4.9.3/armv7-m/crti.o
                0x000036a8                _init
 .init          0x000036ac        0x8 c:/program files (x86)/cypress/psoc creator/3.3/psoc creator/import/gnu/arm/4.9.3/bin/../lib/gcc/arm-none-eabi/4.9.3/armv7-m/crtn.o
                0x000036b4                . = ALIGN (0x4)
                0x000036b4                __preinit_array_start = .
 *(.preinit_array)
                0x000036b4                __preinit_array_end = .
                0x000036b4                . = ALIGN (0x4)
                0x000036b4                __init_array_start = .
 *(SORT(.init_array.*))
 *(.init_array)
 .init_array    0x000036b4        0x4 c:/program files (x86)/cypress/psoc creator/3.3/psoc creator/import/gnu/arm/4.9.3/bin/../lib/gcc/arm-none-eabi/4.9.3/armv7-m/crtbegin.o
 .init_array    0x000036b8        0x4 .\CortexM3\ARM_GCC_493\Debug\Cm3Start.o
                0x000036bc                __init_array_end = .
                0x000036bc                . = ALIGN (0x4)
 *(.fini)
 .fini          0x000036bc        0x4 c:/program files (x86)/cypress/psoc creator/3.3/psoc creator/import/gnu/arm/4.9.3/bin/../lib/gcc/arm-none-eabi/4.9.3/armv7-m/crti.o
                0x000036bc                _fini
 .fini          0x000036c0        0x8 c:/program files (x86)/cypress/psoc creator/3.3/psoc creator/import/gnu/arm/4.9.3/bin/../lib/gcc/arm-none-eabi/4.9.3/armv7-m/crtn.o
                0x000036c8                . = ALIGN (0x4)
                0x000036c8                __fini_array_start = .
 *(.fini_array)
 .fini_array    0x000036c8        0x4 c:/program files (x86)/cypress/psoc creator/3.3/psoc creator/import/gnu/arm/4.9.3/bin/../lib/gcc/arm-none-eabi/4.9.3/armv7-m/crtbegin.o
 *(SORT(.fini_array.*))
                0x000036cc                __fini_array_end = .
                0x000036cc                . = ALIGN (0x4)
 *crtbegin.o(.ctors)
 *(EXCLUDE_FILE(*crtend.o) .ctors)
 *(SORT(.ctors.*))
 *crtend.o(.ctors)
                0x000036cc                . = ALIGN (0x4)
 *crtbegin.o(.dtors)
 *(EXCLUDE_FILE(*crtend.o) .dtors)
 *(SORT(.dtors.*))
 *crtend.o(.dtors)
                0x000036cc                . = ALIGN (0x4)
                0x000036cc                __cy_regions = .
                0x000036cc        0x4 LONG 0x36e0 __cy_region_init_ram
                0x000036d0        0x4 LONG 0x1fff8108 __cy_region_start_data
                0x000036d4        0x4 LONG 0x40 __cy_region_init_size_ram
                0x000036d8        0x4 LONG 0x1c0 __cy_region_zero_size_ram
                0x000036dc                __cy_regions_end = .
                0x000036e0                . = ALIGN (0x8)
 *fill*         0x000036dc        0x4 
                0x000036e0                _etext = .

.cy_checksum_exclude
                0x000036e0        0x0
 *(.cy_checksum_exclude)

.ramvectors     0x1fff8000      0x100
                0x1fff8000                __cy_region_start_ram = .
 *(.ramvectors)
 .ramvectors    0x1fff8000      0x100 .\CortexM3\ARM_GCC_493\Debug\Cm3Start.o
                0x1fff8000                CyRamVectors

.noinit         0x1fff8100        0x5
 *(.noinit)
 .noinit        0x1fff8100        0x4 .\CortexM3\ARM_GCC_493\Debug\Cm3Start.o
 .noinit        0x1fff8104        0x1 .\CortexM3\ARM_GCC_493\Debug\VTM17c_Display_7seg.a(CyLib.o)
                0x1fff8104                CyResetStatus

.data           0x1fff8108       0x40 load address 0x000036e0
                0x1fff8108                __cy_region_start_data = .
 *(.jcr)
 .jcr           0x1fff8108        0x0 c:/program files (x86)/cypress/psoc creator/3.3/psoc creator/import/gnu/arm/4.9.3/bin/../lib/gcc/arm-none-eabi/4.9.3/armv7-m/crtbegin.o
 .jcr           0x1fff8108        0x4 c:/program files (x86)/cypress/psoc creator/3.3/psoc creator/import/gnu/arm/4.9.3/bin/../lib/gcc/arm-none-eabi/4.9.3/armv7-m/crtend.o
 *(.got.plt)
 *(.got)
 *(.shdata)
 *(.data .data.* .gnu.linkonce.d.*)
 .data          0x1fff810c        0x8 .\CortexM3\ARM_GCC_493\Debug\main.o
                0x1fff810c                receiveMailboxNumber
                0x1fff8110                FlashFreq
 .data          0x1fff8114       0x10 .\CortexM3\ARM_GCC_493\Debug\VTM17c_Display_7seg.a(LED_Driver_Gear.o)
 .data          0x1fff8124       0x10 .\CortexM3\ARM_GCC_493\Debug\VTM17c_Display_7seg.a(LED_Driver_LRBWS.o)
 .data          0x1fff8134        0x1 .\CortexM3\ARM_GCC_493\Debug\VTM17c_Display_7seg.a(LED_Driver_Gear_DMA_Com_dma.o)
                0x1fff8134                LED_Driver_Gear_DMA_Com_DmaHandle
 .data          0x1fff8135        0x1 .\CortexM3\ARM_GCC_493\Debug\VTM17c_Display_7seg.a(LED_Driver_Gear_DMA_Seg_dma.o)
                0x1fff8135                LED_Driver_Gear_DMA_Seg_DmaHandle
 .data          0x1fff8136        0x1 .\CortexM3\ARM_GCC_493\Debug\VTM17c_Display_7seg.a(LED_Driver_LRBWS_DMA_Com_dma.o)
                0x1fff8136                LED_Driver_LRBWS_DMA_Com_DmaHandle
 .data          0x1fff8137        0x1 .\CortexM3\ARM_GCC_493\Debug\VTM17c_Display_7seg.a(LED_Driver_LRBWS_DMA_Seg_dma.o)
                0x1fff8137                LED_Driver_LRBWS_DMA_Seg_DmaHandle
 .data          0x1fff8138        0x8 .\CortexM3\ARM_GCC_493\Debug\VTM17c_Display_7seg.a(CyDmac.o)
 .data          0x1fff8140        0x1 .\CortexM3\ARM_GCC_493\Debug\VTM17c_Display_7seg.a(LED_Driver_LRBWS_DMA_BC_dma.o)
                0x1fff8140                LED_Driver_LRBWS_DMA_BC_DmaHandle
 .data          0x1fff8141        0x1 .\CortexM3\ARM_GCC_493\Debug\VTM17c_Display_7seg.a(LED_Driver_Gear_DMA_BC_dma.o)
                0x1fff8141                LED_Driver_Gear_DMA_BC_DmaHandle
                0x1fff8148                . = ALIGN (0x8)
 *fill*         0x1fff8142        0x6 
 *(.ram)
                0x1fff8148                _edata = .

.igot.plt       0x1fff8148        0x0 load address 0x00003720
 .igot.plt      0x00000000        0x0 c:/program files (x86)/cypress/psoc creator/3.3/psoc creator/import/gnu/arm/4.9.3/bin/../lib/gcc/arm-none-eabi/4.9.3/armv7-m/crtbegin.o

.bss            0x1fff8148      0x1c0 load address 0x00003720
                0x1fff8148                PROVIDE (__bss_start__, .)
 *(.shbss)
 *(.bss .bss.* .gnu.linkonce.b.*)
 .bss           0x1fff8148       0x1c c:/program files (x86)/cypress/psoc creator/3.3/psoc creator/import/gnu/arm/4.9.3/bin/../lib/gcc/arm-none-eabi/4.9.3/armv7-m/crtbegin.o
 .bss           0x1fff8164       0x28 .\CortexM3\ARM_GCC_493\Debug\main.o
                0x1fff8164                RXFlag0
                0x1fff8168                RXFlag1
                0x1fff816c                RXFlag2
                0x1fff8170                RXFlag3
                0x1fff8174                RXFlag4
                0x1fff8178                RXFlag5
                0x1fff817c                OffsetFlash
                0x1fff8180                FlashCounter
                0x1fff8184                DispUpdate
                0x1fff8188                RXDLC
 .bss           0x1fff818c       0x10 .\CortexM3\ARM_GCC_493\Debug\VTM17c_Display_7seg.a(LED_Driver_Gear.o)
                0x1fff8199                LED_Driver_Gear_enableVar
                0x1fff819b                LED_Driver_Gear_initVar
 .bss           0x1fff819c       0x30 .\CortexM3\ARM_GCC_493\Debug\VTM17c_Display_7seg.a(LED_Driver_LRBWS.o)
                0x1fff81c9                LED_Driver_LRBWS_enableVar
                0x1fff81cb                LED_Driver_LRBWS_initVar
 .bss           0x1fff81cc        0x1 .\CortexM3\ARM_GCC_493\Debug\VTM17c_Display_7seg.a(CAN.o)
                0x1fff81cc                CAN_initVar
 *fill*         0x1fff81cd        0x3 
 .bss           0x1fff81d0        0x4 .\CortexM3\ARM_GCC_493\Debug\VTM17c_Display_7seg.a(CAN_TX_RX_func.o)
                0x1fff81d0                bIndex
 *(COMMON)
 *fill*         0x1fff81d4        0x4 
 COMMON         0x1fff81d8      0x10d .\CortexM3\ARM_GCC_493\Debug\main.o
                0x1fff81d8                RXMessage3
                0x1fff81f8                oilTemp
                0x1fff81fa                map
                0x1fff81fc                op
                0x1fff81fe                bp
                0x1fff8200                fp
                0x1fff8202                ntrl
                0x1fff8204                at
                0x1fff8206                bpf1
                0x1fff8208                launch
                0x1fff820a                rgSpd
                0x1fff820c                messagePWM
                0x1fff8218                RXMessage2
                0x1fff8238                state
                0x1fff823a                fuel
                0x1fff823c                egt1
                0x1fff8240                batV
                0x1fff8248                RXMessage4
                0x1fff8268                rpm
                0x1fff826c                RXMessage0
                0x1fff828c                dataPWM
                0x1fff8294                runTime
                0x1fff8296                ldSpd
                0x1fff8298                la1
                0x1fff829a                et
                0x1fff829c                rdSpd
                0x1fff829e                tp
                0x1fff82a0                lgSpd
                0x1fff82a4                RXMessage5
                0x1fff82c4                RXMessage1
                0x1fff82e4                PrevState
 *fill*         0x1fff82e5        0x3 
 COMMON         0x1fff82e8        0x1 .\CortexM3\ARM_GCC_493\Debug\VTM17c_Display_7seg.a(LED_Driver_Gear.o)
                0x1fff82e8                LED_Driver_Gear_segLBuffer
 *fill*         0x1fff82e9        0x3 
 COMMON         0x1fff82ec       0x15 .\CortexM3\ARM_GCC_493\Debug\VTM17c_Display_7seg.a(LED_Driver_LRBWS.o)
                0x1fff82ec                LED_Driver_LRBWS_segLBuffer
                0x1fff82f4                LED_Driver_LRBWS_segHBuffer
                0x1fff82fc                LED_Driver_LRBWS_segMBuffer
                0x1fff8308                . = ALIGN (0x8)
 *fill*         0x1fff8301        0x7 
 *(.ram.b)
                0x1fff8308                _end = .
                0x1fff8308                __end = .
                0x1fff8308                PROVIDE (end, .)
                0x1fff8308                PROVIDE (__bss_end__, .)
                0x000036e0                __cy_region_init_ram = LOADADDR (.data)
                0x00000040                __cy_region_init_size_ram = (_edata - ADDR (.data))
                0x000001c0                __cy_region_zero_size_ram = (_end - _edata)

.heap           0x1fff8308       0x80 load address 0x00003720
                0x1fff8308                . = _end
                0x1fff8388                . = (. + 0x80)
 *fill*         0x1fff8308       0x80 
                0x1fff8388                __cy_heap_limit = .

.stack          0x20007800      0x800
                0x20007800                __cy_stack_limit = .
                0x20008000                . = (. + 0x800)
 *fill*         0x20007800      0x800 
                0x00000001                ASSERT ((__cy_stack_limit >= __cy_heap_limit), region RAM overflowed with stack)
                0x00000000                cy_checksum_exclude_size = (CY_APPL_LOADABLE == 0x1)?SIZEOF (.cy_checksum_exclude):0x0
                0x00000001                ASSERT ((cy_checksum_exclude_size <= CY_CHECKSUM_EXCLUDE_SIZE), CY_BOOT: Section .cy_checksum_exclude size exceedes specified limit.)

.cyloadermeta
 *(.cyloadermeta)

.cyloadablemeta
 *(.cyloadablemeta)

.cyconfigecc    0x80000000      0x4e4
 *(.cyconfigecc)
 .cyconfigecc   0x80000000      0x4e4 .\CortexM3\ARM_GCC_493\Debug\cymetadata.o
                0x80000000                cy_meta_configecc

.cycustnvl      0x90000000        0x4
 *(.cycustnvl)
 .cycustnvl     0x90000000        0x4 .\CortexM3\ARM_GCC_493\Debug\cymetadata.o
                0x90000000                cy_meta_custnvl

.cywolatch      0x90100000        0x4
 *(.cywolatch)
 .cywolatch     0x90100000        0x4 .\CortexM3\ARM_GCC_493\Debug\cymetadata.o
                0x90100000                cy_meta_wonvl

.cyeeprom       0x90200000        0x0
 *(.cyeeprom)
                0x00000001                ASSERT ((. <= ((0x90200000 + ee_offset) + ee_size)), .cyeeprom data will not fit in EEPROM)

.cyflashprotect
                0x90400000      0x100
 *(.cyflashprotect)
 .cyflashprotect
                0x90400000      0x100 .\CortexM3\ARM_GCC_493\Debug\cymetadata.o
                0x90400000                cy_meta_flashprotect

.cymeta         0x90500000        0xc
 *(.cymeta)
 .cymeta        0x90500000        0xc .\CortexM3\ARM_GCC_493\Debug\cymetadata.o
                0x90500000                cy_metadata

.rel.dyn        0x00003720        0x0 load address 0x9050000c
 .rel.iplt      0x00000000        0x0 c:/program files (x86)/cypress/psoc creator/3.3/psoc creator/import/gnu/arm/4.9.3/bin/../lib/gcc/arm-none-eabi/4.9.3/armv7-m/crtbegin.o

.stab
 *(.stab)

.stabstr
 *(.stabstr)

.debug
 *(.debug)

.line
 *(.line)

.debug_srcinfo
 *(.debug_srcinfo)

.debug_sfnames
 *(.debug_sfnames)

.debug_aranges  0x00000000      0xbf8
 *(.debug_aranges)
 .debug_aranges
                0x00000000       0x20 .\CortexM3\ARM_GCC_493\Debug\main.o
 .debug_aranges
                0x00000020       0x58 .\CortexM3\ARM_GCC_493\Debug\Dash_Funcs.o
 .debug_aranges
                0x00000078       0x18 .\CortexM3\ARM_GCC_493\Debug\cymetadata.o
 .debug_aranges
                0x00000090       0x48 .\CortexM3\ARM_GCC_493\Debug\Cm3Start.o
 .debug_aranges
                0x000000d8       0x58 .\CortexM3\ARM_GCC_493\Debug\VTM17c_Display_7seg.a(cyfitter_cfg.o)
 .debug_aranges
                0x00000130      0x168 .\CortexM3\ARM_GCC_493\Debug\VTM17c_Display_7seg.a(LED_Driver_Gear.o)
 .debug_aranges
                0x00000298      0x168 .\CortexM3\ARM_GCC_493\Debug\VTM17c_Display_7seg.a(LED_Driver_LRBWS.o)
 .debug_aranges
                0x00000400       0x28 .\CortexM3\ARM_GCC_493\Debug\VTM17c_Display_7seg.a(LED_Driver_Gear_Com_Driver.o)
 .debug_aranges
                0x00000428       0x28 .\CortexM3\ARM_GCC_493\Debug\VTM17c_Display_7seg.a(LED_Driver_Gear_DMA_Com_dma.o)
 .debug_aranges
                0x00000450       0x28 .\CortexM3\ARM_GCC_493\Debug\VTM17c_Display_7seg.a(LED_Driver_Gear_DMA_Seg_dma.o)
 .debug_aranges
                0x00000478       0x28 .\CortexM3\ARM_GCC_493\Debug\VTM17c_Display_7seg.a(LED_Driver_LRBWS_Com_Driver.o)
 .debug_aranges
                0x000004a0       0x28 .\CortexM3\ARM_GCC_493\Debug\VTM17c_Display_7seg.a(LED_Driver_LRBWS_DMA_Com_dma.o)
 .debug_aranges
                0x000004c8       0x28 .\CortexM3\ARM_GCC_493\Debug\VTM17c_Display_7seg.a(LED_Driver_LRBWS_DMA_Seg_dma.o)
 .debug_aranges
                0x000004f0       0x20 .\CortexM3\ARM_GCC_493\Debug\VTM17c_Display_7seg.a(CyBootAsmGnu.o)
 .debug_aranges
                0x00000510       0xd8 .\CortexM3\ARM_GCC_493\Debug\VTM17c_Display_7seg.a(CyDmac.o)
 .debug_aranges
                0x000005e8      0x298 .\CortexM3\ARM_GCC_493\Debug\VTM17c_Display_7seg.a(CyLib.o)
 .debug_aranges
                0x00000880       0x98 .\CortexM3\ARM_GCC_493\Debug\VTM17c_Display_7seg.a(cyPm.o)
 .debug_aranges
                0x00000918       0x28 .\CortexM3\ARM_GCC_493\Debug\VTM17c_Display_7seg.a(LED_Driver_LRBWS_DMA_BC_dma.o)
 .debug_aranges
                0x00000940       0xc8 .\CortexM3\ARM_GCC_493\Debug\VTM17c_Display_7seg.a(CAN.o)
 .debug_aranges
                0x00000a08       0x30 .\CortexM3\ARM_GCC_493\Debug\VTM17c_Display_7seg.a(CAN_INT.o)
 .debug_aranges
                0x00000a38       0x60 .\CortexM3\ARM_GCC_493\Debug\VTM17c_Display_7seg.a(CAN_TX_RX_func.o)
 .debug_aranges
                0x00000a98       0x28 .\CortexM3\ARM_GCC_493\Debug\VTM17c_Display_7seg.a(LED_Driver_Gear_DMA_BC_dma.o)
 .debug_aranges
                0x00000ac0       0x40 .\CortexM3\ARM_GCC_493\Debug\VTM17c_Display_7seg.a(Page_Button.o)
 .debug_aranges
                0x00000b00       0x80 .\CortexM3\ARM_GCC_493\Debug\VTM17c_Display_7seg.a(CyFlash.o)
 .debug_aranges
                0x00000b80       0x78 .\CortexM3\ARM_GCC_493\Debug\VTM17c_Display_7seg.a(CySpc.o)

.debug_pubnames
 *(.debug_pubnames)

.debug_info     0x00000000     0xa150
 *(.debug_info .gnu.linkonce.wi.*)
 .debug_info    0x00000000      0x6b6 .\CortexM3\ARM_GCC_493\Debug\main.o
 .debug_info    0x000006b6      0xda5 .\CortexM3\ARM_GCC_493\Debug\Dash_Funcs.o
 .debug_info    0x0000145b      0x13c .\CortexM3\ARM_GCC_493\Debug\cymetadata.o
 .debug_info    0x00001597      0x3af .\CortexM3\ARM_GCC_493\Debug\Cm3Start.o
 .debug_info    0x00001946      0x5fc .\CortexM3\ARM_GCC_493\Debug\VTM17c_Display_7seg.a(cyfitter_cfg.o)
 .debug_info    0x00001f42     0x1752 .\CortexM3\ARM_GCC_493\Debug\VTM17c_Display_7seg.a(LED_Driver_Gear.o)
 .debug_info    0x00003694     0x18be .\CortexM3\ARM_GCC_493\Debug\VTM17c_Display_7seg.a(LED_Driver_LRBWS.o)
 .debug_info    0x00004f52       0xd6 .\CortexM3\ARM_GCC_493\Debug\VTM17c_Display_7seg.a(LED_Driver_Gear_Com_Driver.o)
 .debug_info    0x00005028      0x1fd .\CortexM3\ARM_GCC_493\Debug\VTM17c_Display_7seg.a(LED_Driver_Gear_DMA_Com_dma.o)
 .debug_info    0x00005225      0x1fa .\CortexM3\ARM_GCC_493\Debug\VTM17c_Display_7seg.a(LED_Driver_Gear_DMA_Seg_dma.o)
 .debug_info    0x0000541f       0xd6 .\CortexM3\ARM_GCC_493\Debug\VTM17c_Display_7seg.a(LED_Driver_LRBWS_Com_Driver.o)
 .debug_info    0x000054f5      0x1fd .\CortexM3\ARM_GCC_493\Debug\VTM17c_Display_7seg.a(LED_Driver_LRBWS_DMA_Com_dma.o)
 .debug_info    0x000056f2      0x1fd .\CortexM3\ARM_GCC_493\Debug\VTM17c_Display_7seg.a(LED_Driver_LRBWS_DMA_Seg_dma.o)
 .debug_info    0x000058ef       0xbd .\CortexM3\ARM_GCC_493\Debug\VTM17c_Display_7seg.a(CyBootAsmGnu.o)
 .debug_info    0x000059ac      0x944 .\CortexM3\ARM_GCC_493\Debug\VTM17c_Display_7seg.a(CyDmac.o)
 .debug_info    0x000062f0     0x136f .\CortexM3\ARM_GCC_493\Debug\VTM17c_Display_7seg.a(CyLib.o)
 .debug_info    0x0000765f      0xa57 .\CortexM3\ARM_GCC_493\Debug\VTM17c_Display_7seg.a(cyPm.o)
 .debug_info    0x000080b6      0x1fd .\CortexM3\ARM_GCC_493\Debug\VTM17c_Display_7seg.a(LED_Driver_LRBWS_DMA_BC_dma.o)
 .debug_info    0x000082b3      0x923 .\CortexM3\ARM_GCC_493\Debug\VTM17c_Display_7seg.a(CAN.o)
 .debug_info    0x00008bd6      0x2b7 .\CortexM3\ARM_GCC_493\Debug\VTM17c_Display_7seg.a(CAN_INT.o)
 .debug_info    0x00008e8d      0x45a .\CortexM3\ARM_GCC_493\Debug\VTM17c_Display_7seg.a(CAN_TX_RX_func.o)
 .debug_info    0x000092e7      0x1fd .\CortexM3\ARM_GCC_493\Debug\VTM17c_Display_7seg.a(LED_Driver_Gear_DMA_BC_dma.o)
 .debug_info    0x000094e4      0x17a .\CortexM3\ARM_GCC_493\Debug\VTM17c_Display_7seg.a(Page_Button.o)
 .debug_info    0x0000965e      0x608 .\CortexM3\ARM_GCC_493\Debug\VTM17c_Display_7seg.a(CyFlash.o)
 .debug_info    0x00009c66      0x4ea .\CortexM3\ARM_GCC_493\Debug\VTM17c_Display_7seg.a(CySpc.o)

.debug_abbrev   0x00000000     0x2260
 *(.debug_abbrev)
 .debug_abbrev  0x00000000      0x1ce .\CortexM3\ARM_GCC_493\Debug\main.o
 .debug_abbrev  0x000001ce      0x249 .\CortexM3\ARM_GCC_493\Debug\Dash_Funcs.o
 .debug_abbrev  0x00000417       0x77 .\CortexM3\ARM_GCC_493\Debug\cymetadata.o
 .debug_abbrev  0x0000048e      0x200 .\CortexM3\ARM_GCC_493\Debug\Cm3Start.o
 .debug_abbrev  0x0000068e      0x203 .\CortexM3\ARM_GCC_493\Debug\VTM17c_Display_7seg.a(cyfitter_cfg.o)
 .debug_abbrev  0x00000891      0x21c .\CortexM3\ARM_GCC_493\Debug\VTM17c_Display_7seg.a(LED_Driver_Gear.o)
 .debug_abbrev  0x00000aad      0x21c .\CortexM3\ARM_GCC_493\Debug\VTM17c_Display_7seg.a(LED_Driver_LRBWS.o)
 .debug_abbrev  0x00000cc9       0x81 .\CortexM3\ARM_GCC_493\Debug\VTM17c_Display_7seg.a(LED_Driver_Gear_Com_Driver.o)
 .debug_abbrev  0x00000d4a       0xeb .\CortexM3\ARM_GCC_493\Debug\VTM17c_Display_7seg.a(LED_Driver_Gear_DMA_Com_dma.o)
 .debug_abbrev  0x00000e35       0xeb .\CortexM3\ARM_GCC_493\Debug\VTM17c_Display_7seg.a(LED_Driver_Gear_DMA_Seg_dma.o)
 .debug_abbrev  0x00000f20       0x81 .\CortexM3\ARM_GCC_493\Debug\VTM17c_Display_7seg.a(LED_Driver_LRBWS_Com_Driver.o)
 .debug_abbrev  0x00000fa1       0xeb .\CortexM3\ARM_GCC_493\Debug\VTM17c_Display_7seg.a(LED_Driver_LRBWS_DMA_Com_dma.o)
 .debug_abbrev  0x0000108c       0xeb .\CortexM3\ARM_GCC_493\Debug\VTM17c_Display_7seg.a(LED_Driver_LRBWS_DMA_Seg_dma.o)
 .debug_abbrev  0x00001177       0x14 .\CortexM3\ARM_GCC_493\Debug\VTM17c_Display_7seg.a(CyBootAsmGnu.o)
 .debug_abbrev  0x0000118b      0x1cc .\CortexM3\ARM_GCC_493\Debug\VTM17c_Display_7seg.a(CyDmac.o)
 .debug_abbrev  0x00001357      0x296 .\CortexM3\ARM_GCC_493\Debug\VTM17c_Display_7seg.a(CyLib.o)
 .debug_abbrev  0x000015ed      0x1ed .\CortexM3\ARM_GCC_493\Debug\VTM17c_Display_7seg.a(cyPm.o)
 .debug_abbrev  0x000017da       0xeb .\CortexM3\ARM_GCC_493\Debug\VTM17c_Display_7seg.a(LED_Driver_LRBWS_DMA_BC_dma.o)
 .debug_abbrev  0x000018c5      0x1de .\CortexM3\ARM_GCC_493\Debug\VTM17c_Display_7seg.a(CAN.o)
 .debug_abbrev  0x00001aa3      0x100 .\CortexM3\ARM_GCC_493\Debug\VTM17c_Display_7seg.a(CAN_INT.o)
 .debug_abbrev  0x00001ba3      0x15e .\CortexM3\ARM_GCC_493\Debug\VTM17c_Display_7seg.a(CAN_TX_RX_func.o)
 .debug_abbrev  0x00001d01       0xeb .\CortexM3\ARM_GCC_493\Debug\VTM17c_Display_7seg.a(LED_Driver_Gear_DMA_BC_dma.o)
 .debug_abbrev  0x00001dec       0xc6 .\CortexM3\ARM_GCC_493\Debug\VTM17c_Display_7seg.a(Page_Button.o)
 .debug_abbrev  0x00001eb2      0x1ed .\CortexM3\ARM_GCC_493\Debug\VTM17c_Display_7seg.a(CyFlash.o)
 .debug_abbrev  0x0000209f      0x1c1 .\CortexM3\ARM_GCC_493\Debug\VTM17c_Display_7seg.a(CySpc.o)

.debug_line     0x00000000     0x3cfa
 *(.debug_line)
 .debug_line    0x00000000      0x26e .\CortexM3\ARM_GCC_493\Debug\main.o
 .debug_line    0x0000026e      0x3b9 .\CortexM3\ARM_GCC_493\Debug\Dash_Funcs.o
 .debug_line    0x00000627       0x53 .\CortexM3\ARM_GCC_493\Debug\cymetadata.o
 .debug_line    0x0000067a      0x254 .\CortexM3\ARM_GCC_493\Debug\Cm3Start.o
 .debug_line    0x000008ce      0x1eb .\CortexM3\ARM_GCC_493\Debug\VTM17c_Display_7seg.a(cyfitter_cfg.o)
 .debug_line    0x00000ab9      0x8e2 .\CortexM3\ARM_GCC_493\Debug\VTM17c_Display_7seg.a(LED_Driver_Gear.o)
 .debug_line    0x0000139b      0x9c6 .\CortexM3\ARM_GCC_493\Debug\VTM17c_Display_7seg.a(LED_Driver_LRBWS.o)
 .debug_line    0x00001d61       0x84 .\CortexM3\ARM_GCC_493\Debug\VTM17c_Display_7seg.a(LED_Driver_Gear_Com_Driver.o)
 .debug_line    0x00001de5       0xad .\CortexM3\ARM_GCC_493\Debug\VTM17c_Display_7seg.a(LED_Driver_Gear_DMA_Com_dma.o)
 .debug_line    0x00001e92       0xad .\CortexM3\ARM_GCC_493\Debug\VTM17c_Display_7seg.a(LED_Driver_Gear_DMA_Seg_dma.o)
 .debug_line    0x00001f3f       0x85 .\CortexM3\ARM_GCC_493\Debug\VTM17c_Display_7seg.a(LED_Driver_LRBWS_Com_Driver.o)
 .debug_line    0x00001fc4       0xae .\CortexM3\ARM_GCC_493\Debug\VTM17c_Display_7seg.a(LED_Driver_LRBWS_DMA_Com_dma.o)
 .debug_line    0x00002072       0xae .\CortexM3\ARM_GCC_493\Debug\VTM17c_Display_7seg.a(LED_Driver_LRBWS_DMA_Seg_dma.o)
 .debug_line    0x00002120       0x68 .\CortexM3\ARM_GCC_493\Debug\VTM17c_Display_7seg.a(CyBootAsmGnu.o)
 .debug_line    0x00002188      0x2e5 .\CortexM3\ARM_GCC_493\Debug\VTM17c_Display_7seg.a(CyDmac.o)
 .debug_line    0x0000246d      0x806 .\CortexM3\ARM_GCC_493\Debug\VTM17c_Display_7seg.a(CyLib.o)
 .debug_line    0x00002c73      0x366 .\CortexM3\ARM_GCC_493\Debug\VTM17c_Display_7seg.a(cyPm.o)
 .debug_line    0x00002fd9       0xad .\CortexM3\ARM_GCC_493\Debug\VTM17c_Display_7seg.a(LED_Driver_LRBWS_DMA_BC_dma.o)
 .debug_line    0x00003086      0x380 .\CortexM3\ARM_GCC_493\Debug\VTM17c_Display_7seg.a(CAN.o)
 .debug_line    0x00003406       0xc3 .\CortexM3\ARM_GCC_493\Debug\VTM17c_Display_7seg.a(CAN_INT.o)
 .debug_line    0x000034c9      0x2a2 .\CortexM3\ARM_GCC_493\Debug\VTM17c_Display_7seg.a(CAN_TX_RX_func.o)
 .debug_line    0x0000376b       0xac .\CortexM3\ARM_GCC_493\Debug\VTM17c_Display_7seg.a(LED_Driver_Gear_DMA_BC_dma.o)
 .debug_line    0x00003817       0xb9 .\CortexM3\ARM_GCC_493\Debug\VTM17c_Display_7seg.a(Page_Button.o)
 .debug_line    0x000038d0      0x1ec .\CortexM3\ARM_GCC_493\Debug\VTM17c_Display_7seg.a(CyFlash.o)
 .debug_line    0x00003abc      0x23e .\CortexM3\ARM_GCC_493\Debug\VTM17c_Display_7seg.a(CySpc.o)

.debug_frame    0x00000000     0x20a8
 *(.debug_frame)
 .debug_frame   0x00000000       0x30 .\CortexM3\ARM_GCC_493\Debug\main.o
 .debug_frame   0x00000030      0x104 .\CortexM3\ARM_GCC_493\Debug\Dash_Funcs.o
 .debug_frame   0x00000134       0xac .\CortexM3\ARM_GCC_493\Debug\Cm3Start.o
 .debug_frame   0x000001e0       0xe4 .\CortexM3\ARM_GCC_493\Debug\VTM17c_Display_7seg.a(cyfitter_cfg.o)
 .debug_frame   0x000002c4      0x4bc .\CortexM3\ARM_GCC_493\Debug\VTM17c_Display_7seg.a(LED_Driver_Gear.o)
 .debug_frame   0x00000780      0x4ac .\CortexM3\ARM_GCC_493\Debug\VTM17c_Display_7seg.a(LED_Driver_LRBWS.o)
 .debug_frame   0x00000c2c       0x30 .\CortexM3\ARM_GCC_493\Debug\VTM17c_Display_7seg.a(LED_Driver_Gear_Com_Driver.o)
 .debug_frame   0x00000c5c       0x54 .\CortexM3\ARM_GCC_493\Debug\VTM17c_Display_7seg.a(LED_Driver_Gear_DMA_Com_dma.o)
 .debug_frame   0x00000cb0       0x54 .\CortexM3\ARM_GCC_493\Debug\VTM17c_Display_7seg.a(LED_Driver_Gear_DMA_Seg_dma.o)
 .debug_frame   0x00000d04       0x30 .\CortexM3\ARM_GCC_493\Debug\VTM17c_Display_7seg.a(LED_Driver_LRBWS_Com_Driver.o)
 .debug_frame   0x00000d34       0x54 .\CortexM3\ARM_GCC_493\Debug\VTM17c_Display_7seg.a(LED_Driver_LRBWS_DMA_Com_dma.o)
 .debug_frame   0x00000d88       0x54 .\CortexM3\ARM_GCC_493\Debug\VTM17c_Display_7seg.a(LED_Driver_LRBWS_DMA_Seg_dma.o)
 .debug_frame   0x00000ddc      0x1f4 .\CortexM3\ARM_GCC_493\Debug\VTM17c_Display_7seg.a(CyDmac.o)
 .debug_frame   0x00000fd0      0x728 .\CortexM3\ARM_GCC_493\Debug\VTM17c_Display_7seg.a(CyLib.o)
 .debug_frame   0x000016f8      0x1f8 .\CortexM3\ARM_GCC_493\Debug\VTM17c_Display_7seg.a(cyPm.o)
 .debug_frame   0x000018f0       0x54 .\CortexM3\ARM_GCC_493\Debug\VTM17c_Display_7seg.a(LED_Driver_LRBWS_DMA_BC_dma.o)
 .debug_frame   0x00001944      0x1cc .\CortexM3\ARM_GCC_493\Debug\VTM17c_Display_7seg.a(CAN.o)
 .debug_frame   0x00001b10       0x68 .\CortexM3\ARM_GCC_493\Debug\VTM17c_Display_7seg.a(CAN_INT.o)
 .debug_frame   0x00001b78       0xb4 .\CortexM3\ARM_GCC_493\Debug\VTM17c_Display_7seg.a(CAN_TX_RX_func.o)
 .debug_frame   0x00001c2c       0x54 .\CortexM3\ARM_GCC_493\Debug\VTM17c_Display_7seg.a(LED_Driver_Gear_DMA_BC_dma.o)
 .debug_frame   0x00001c80       0x78 .\CortexM3\ARM_GCC_493\Debug\VTM17c_Display_7seg.a(Page_Button.o)
 .debug_frame   0x00001cf8      0x174 .\CortexM3\ARM_GCC_493\Debug\VTM17c_Display_7seg.a(CyFlash.o)
 .debug_frame   0x00001e6c      0x160 .\CortexM3\ARM_GCC_493\Debug\VTM17c_Display_7seg.a(CySpc.o)
 .debug_frame   0x00001fcc       0x20 c:/program files (x86)/cypress/psoc creator/3.3/psoc creator/import/gnu/arm/4.9.3/bin/../lib/gcc/arm-none-eabi/4.9.3/../../../../arm-none-eabi/lib/armv7-m\libg_nano.a(lib_a-errno.o)
 .debug_frame   0x00001fec       0x28 c:/program files (x86)/cypress/psoc creator/3.3/psoc creator/import/gnu/arm/4.9.3/bin/../lib/gcc/arm-none-eabi/4.9.3/../../../../arm-none-eabi/lib/armv7-m\libg_nano.a(lib_a-exit.o)
 .debug_frame   0x00002014       0x2c c:/program files (x86)/cypress/psoc creator/3.3/psoc creator/import/gnu/arm/4.9.3/bin/../lib/gcc/arm-none-eabi/4.9.3/../../../../arm-none-eabi/lib/armv7-m\libg_nano.a(lib_a-init.o)
 .debug_frame   0x00002040       0x28 c:/program files (x86)/cypress/psoc creator/3.3/psoc creator/import/gnu/arm/4.9.3/bin/../lib/gcc/arm-none-eabi/4.9.3/../../../../arm-none-eabi/lib/armv7-m\libg_nano.a(lib_a-memcpy.o)
 .debug_frame   0x00002068       0x20 c:/program files (x86)/cypress/psoc creator/3.3/psoc creator/import/gnu/arm/4.9.3/bin/../lib/gcc/arm-none-eabi/4.9.3/../../../../arm-none-eabi/lib/armv7-m\libg_nano.a(lib_a-memset.o)
 .debug_frame   0x00002088       0x20 c:/program files (x86)/cypress/psoc creator/3.3/psoc creator/import/gnu/arm/4.9.3/bin/../lib/gcc/arm-none-eabi/4.9.3/../../../../arm-none-eabi/lib/armv7-m\libg_nano.a(lib_a-strlen.o)

.debug_str      0x00000000     0x343b
 *(.debug_str)
 .debug_str     0x00000000      0x402 .\CortexM3\ARM_GCC_493\Debug\main.o
                                0x453 (size before relaxing)
 .debug_str     0x00000402      0x206 .\CortexM3\ARM_GCC_493\Debug\Dash_Funcs.o
                                0x539 (size before relaxing)
 .debug_str     0x00000608       0x77 .\CortexM3\ARM_GCC_493\Debug\cymetadata.o
                                0x217 (size before relaxing)
 .debug_str     0x0000067f      0x16f .\CortexM3\ARM_GCC_493\Debug\Cm3Start.o
                                0x33b (size before relaxing)
 .debug_str     0x000007ee      0x15d .\CortexM3\ARM_GCC_493\Debug\VTM17c_Display_7seg.a(cyfitter_cfg.o)
                                0x330 (size before relaxing)
 .debug_str     0x0000094b      0x9e7 .\CortexM3\ARM_GCC_493\Debug\VTM17c_Display_7seg.a(LED_Driver_Gear.o)
                                0xc03 (size before relaxing)
 .debug_str     0x00001332      0x851 .\CortexM3\ARM_GCC_493\Debug\VTM17c_Display_7seg.a(LED_Driver_LRBWS.o)
                                0xcb7 (size before relaxing)
 .debug_str     0x00001b83       0x5e .\CortexM3\ARM_GCC_493\Debug\VTM17c_Display_7seg.a(LED_Driver_Gear_Com_Driver.o)
                                0x21b (size before relaxing)
 .debug_str     0x00001be1       0xf9 .\CortexM3\ARM_GCC_493\Debug\VTM17c_Display_7seg.a(LED_Driver_Gear_DMA_Com_dma.o)
                                0x2de (size before relaxing)
 .debug_str     0x00001cda       0x7c .\CortexM3\ARM_GCC_493\Debug\VTM17c_Display_7seg.a(LED_Driver_Gear_DMA_Seg_dma.o)
                                0x2de (size before relaxing)
 .debug_str     0x00001d56       0x58 .\CortexM3\ARM_GCC_493\Debug\VTM17c_Display_7seg.a(LED_Driver_LRBWS_Com_Driver.o)
                                0x21e (size before relaxing)
 .debug_str     0x00001dae       0x7f .\CortexM3\ARM_GCC_493\Debug\VTM17c_Display_7seg.a(LED_Driver_LRBWS_DMA_Com_dma.o)
                                0x2e2 (size before relaxing)
 .debug_str     0x00001e2d       0x7f .\CortexM3\ARM_GCC_493\Debug\VTM17c_Display_7seg.a(LED_Driver_LRBWS_DMA_Seg_dma.o)
                                0x2e2 (size before relaxing)
 .debug_str     0x00001eac      0x280 .\CortexM3\ARM_GCC_493\Debug\VTM17c_Display_7seg.a(CyDmac.o)
                                0x56b (size before relaxing)
 .debug_str     0x0000212c      0x7d7 .\CortexM3\ARM_GCC_493\Debug\VTM17c_Display_7seg.a(CyLib.o)
                                0xa50 (size before relaxing)
 .debug_str     0x00002903      0x35b .\CortexM3\ARM_GCC_493\Debug\VTM17c_Display_7seg.a(cyPm.o)
                                0x748 (size before relaxing)
 .debug_str     0x00002c5e       0x7c .\CortexM3\ARM_GCC_493\Debug\VTM17c_Display_7seg.a(LED_Driver_LRBWS_DMA_BC_dma.o)
                                0x2de (size before relaxing)
 .debug_str     0x00002cda      0x2cb .\CortexM3\ARM_GCC_493\Debug\VTM17c_Display_7seg.a(CAN.o)
                                0x50f (size before relaxing)
 .debug_str     0x00002fa5       0xd3 .\CortexM3\ARM_GCC_493\Debug\VTM17c_Display_7seg.a(CAN_INT.o)
                                0x2fc (size before relaxing)
 .debug_str     0x00003078       0x73 .\CortexM3\ARM_GCC_493\Debug\VTM17c_Display_7seg.a(CAN_TX_RX_func.o)
                                0x3bf (size before relaxing)
 .debug_str     0x000030eb       0x79 .\CortexM3\ARM_GCC_493\Debug\VTM17c_Display_7seg.a(LED_Driver_Gear_DMA_BC_dma.o)
                                0x2da (size before relaxing)
 .debug_str     0x00003164       0x8b .\CortexM3\ARM_GCC_493\Debug\VTM17c_Display_7seg.a(Page_Button.o)
                                0x282 (size before relaxing)
 .debug_str     0x000031ef      0x19e .\CortexM3\ARM_GCC_493\Debug\VTM17c_Display_7seg.a(CyFlash.o)
                                0x3c2 (size before relaxing)
 .debug_str     0x0000338d       0xae .\CortexM3\ARM_GCC_493\Debug\VTM17c_Display_7seg.a(CySpc.o)
                                0x34b (size before relaxing)

.debug_loc      0x00000000     0x6a27
 *(.debug_loc)
 .debug_loc     0x00000000       0x7e .\CortexM3\ARM_GCC_493\Debug\main.o
 .debug_loc     0x0000007e      0x24c .\CortexM3\ARM_GCC_493\Debug\Dash_Funcs.o
 .debug_loc     0x000002ca      0x144 .\CortexM3\ARM_GCC_493\Debug\Cm3Start.o
 .debug_loc     0x0000040e      0x1d7 .\CortexM3\ARM_GCC_493\Debug\VTM17c_Display_7seg.a(cyfitter_cfg.o)
 .debug_loc     0x000005e5     0x185a .\CortexM3\ARM_GCC_493\Debug\VTM17c_Display_7seg.a(LED_Driver_Gear.o)
 .debug_loc     0x00001e3f     0x1c71 .\CortexM3\ARM_GCC_493\Debug\VTM17c_Display_7seg.a(LED_Driver_LRBWS.o)
 .debug_loc     0x00003ab0       0x84 .\CortexM3\ARM_GCC_493\Debug\VTM17c_Display_7seg.a(LED_Driver_Gear_DMA_Com_dma.o)
 .debug_loc     0x00003b34       0x84 .\CortexM3\ARM_GCC_493\Debug\VTM17c_Display_7seg.a(LED_Driver_Gear_DMA_Seg_dma.o)
 .debug_loc     0x00003bb8       0x84 .\CortexM3\ARM_GCC_493\Debug\VTM17c_Display_7seg.a(LED_Driver_LRBWS_DMA_Com_dma.o)
 .debug_loc     0x00003c3c       0x84 .\CortexM3\ARM_GCC_493\Debug\VTM17c_Display_7seg.a(LED_Driver_LRBWS_DMA_Seg_dma.o)
 .debug_loc     0x00003cc0      0xb83 .\CortexM3\ARM_GCC_493\Debug\VTM17c_Display_7seg.a(CyDmac.o)
 .debug_loc     0x00004843      0xa11 .\CortexM3\ARM_GCC_493\Debug\VTM17c_Display_7seg.a(CyLib.o)
 .debug_loc     0x00005254      0x1e4 .\CortexM3\ARM_GCC_493\Debug\VTM17c_Display_7seg.a(cyPm.o)
 .debug_loc     0x00005438       0x84 .\CortexM3\ARM_GCC_493\Debug\VTM17c_Display_7seg.a(LED_Driver_LRBWS_DMA_BC_dma.o)
 .debug_loc     0x000054bc      0x983 .\CortexM3\ARM_GCC_493\Debug\VTM17c_Display_7seg.a(CAN.o)
 .debug_loc     0x00005e3f       0x54 .\CortexM3\ARM_GCC_493\Debug\VTM17c_Display_7seg.a(CAN_INT.o)
 .debug_loc     0x00005e93      0x17f .\CortexM3\ARM_GCC_493\Debug\VTM17c_Display_7seg.a(CAN_TX_RX_func.o)
 .debug_loc     0x00006012       0x84 .\CortexM3\ARM_GCC_493\Debug\VTM17c_Display_7seg.a(LED_Driver_Gear_DMA_BC_dma.o)
 .debug_loc     0x00006096       0x44 .\CortexM3\ARM_GCC_493\Debug\VTM17c_Display_7seg.a(Page_Button.o)
 .debug_loc     0x000060da      0x300 .\CortexM3\ARM_GCC_493\Debug\VTM17c_Display_7seg.a(CyFlash.o)
 .debug_loc     0x000063da      0x64d .\CortexM3\ARM_GCC_493\Debug\VTM17c_Display_7seg.a(CySpc.o)

.debug_macinfo
 *(.debug_macinfo)

.debug_ranges   0x00000000      0xa50
 *(.debug_ranges)
 .debug_ranges  0x00000000       0x10 .\CortexM3\ARM_GCC_493\Debug\main.o
 .debug_ranges  0x00000010       0x48 .\CortexM3\ARM_GCC_493\Debug\Dash_Funcs.o
 .debug_ranges  0x00000058       0x38 .\CortexM3\ARM_GCC_493\Debug\Cm3Start.o
 .debug_ranges  0x00000090       0x48 .\CortexM3\ARM_GCC_493\Debug\VTM17c_Display_7seg.a(cyfitter_cfg.o)
 .debug_ranges  0x000000d8      0x158 .\CortexM3\ARM_GCC_493\Debug\VTM17c_Display_7seg.a(LED_Driver_Gear.o)
 .debug_ranges  0x00000230      0x158 .\CortexM3\ARM_GCC_493\Debug\VTM17c_Display_7seg.a(LED_Driver_LRBWS.o)
 .debug_ranges  0x00000388       0x18 .\CortexM3\ARM_GCC_493\Debug\VTM17c_Display_7seg.a(LED_Driver_Gear_Com_Driver.o)
 .debug_ranges  0x000003a0       0x18 .\CortexM3\ARM_GCC_493\Debug\VTM17c_Display_7seg.a(LED_Driver_Gear_DMA_Com_dma.o)
 .debug_ranges  0x000003b8       0x18 .\CortexM3\ARM_GCC_493\Debug\VTM17c_Display_7seg.a(LED_Driver_Gear_DMA_Seg_dma.o)
 .debug_ranges  0x000003d0       0x18 .\CortexM3\ARM_GCC_493\Debug\VTM17c_Display_7seg.a(LED_Driver_LRBWS_Com_Driver.o)
 .debug_ranges  0x000003e8       0x18 .\CortexM3\ARM_GCC_493\Debug\VTM17c_Display_7seg.a(LED_Driver_LRBWS_DMA_Com_dma.o)
 .debug_ranges  0x00000400       0x18 .\CortexM3\ARM_GCC_493\Debug\VTM17c_Display_7seg.a(LED_Driver_LRBWS_DMA_Seg_dma.o)
 .debug_ranges  0x00000418       0xc8 .\CortexM3\ARM_GCC_493\Debug\VTM17c_Display_7seg.a(CyDmac.o)
 .debug_ranges  0x000004e0      0x288 .\CortexM3\ARM_GCC_493\Debug\VTM17c_Display_7seg.a(CyLib.o)
 .debug_ranges  0x00000768       0x88 .\CortexM3\ARM_GCC_493\Debug\VTM17c_Display_7seg.a(cyPm.o)
 .debug_ranges  0x000007f0       0x18 .\CortexM3\ARM_GCC_493\Debug\VTM17c_Display_7seg.a(LED_Driver_LRBWS_DMA_BC_dma.o)
 .debug_ranges  0x00000808       0xb8 .\CortexM3\ARM_GCC_493\Debug\VTM17c_Display_7seg.a(CAN.o)
 .debug_ranges  0x000008c0       0x20 .\CortexM3\ARM_GCC_493\Debug\VTM17c_Display_7seg.a(CAN_INT.o)
 .debug_ranges  0x000008e0       0x50 .\CortexM3\ARM_GCC_493\Debug\VTM17c_Display_7seg.a(CAN_TX_RX_func.o)
 .debug_ranges  0x00000930       0x18 .\CortexM3\ARM_GCC_493\Debug\VTM17c_Display_7seg.a(LED_Driver_Gear_DMA_BC_dma.o)
 .debug_ranges  0x00000948       0x30 .\CortexM3\ARM_GCC_493\Debug\VTM17c_Display_7seg.a(Page_Button.o)
 .debug_ranges  0x00000978       0x70 .\CortexM3\ARM_GCC_493\Debug\VTM17c_Display_7seg.a(CyFlash.o)
 .debug_ranges  0x000009e8       0x68 .\CortexM3\ARM_GCC_493\Debug\VTM17c_Display_7seg.a(CySpc.o)

.comment        0x00000000       0x70
 .comment       0x00000000       0x70 .\CortexM3\ARM_GCC_493\Debug\main.o
                                 0x71 (size before relaxing)
 .comment       0x00000000       0x71 .\CortexM3\ARM_GCC_493\Debug\Dash_Funcs.o
 .comment       0x00000000       0x71 .\CortexM3\ARM_GCC_493\Debug\cymetadata.o
 .comment       0x00000000       0x71 .\CortexM3\ARM_GCC_493\Debug\Cm3Start.o
 .comment       0x00000000       0x71 .\CortexM3\ARM_GCC_493\Debug\VTM17c_Display_7seg.a(cyfitter_cfg.o)
 .comment       0x00000000       0x71 .\CortexM3\ARM_GCC_493\Debug\VTM17c_Display_7seg.a(LED_Driver_Gear.o)
 .comment       0x00000000       0x71 .\CortexM3\ARM_GCC_493\Debug\VTM17c_Display_7seg.a(LED_Driver_LRBWS.o)
 .comment       0x00000000       0x71 .\CortexM3\ARM_GCC_493\Debug\VTM17c_Display_7seg.a(LED_Driver_Gear_Com_Driver.o)
 .comment       0x00000000       0x71 .\CortexM3\ARM_GCC_493\Debug\VTM17c_Display_7seg.a(LED_Driver_Gear_DMA_Com_dma.o)
 .comment       0x00000000       0x71 .\CortexM3\ARM_GCC_493\Debug\VTM17c_Display_7seg.a(LED_Driver_Gear_DMA_Seg_dma.o)
 .comment       0x00000000       0x71 .\CortexM3\ARM_GCC_493\Debug\VTM17c_Display_7seg.a(LED_Driver_LRBWS_Com_Driver.o)
 .comment       0x00000000       0x71 .\CortexM3\ARM_GCC_493\Debug\VTM17c_Display_7seg.a(LED_Driver_LRBWS_DMA_Com_dma.o)
 .comment       0x00000000       0x71 .\CortexM3\ARM_GCC_493\Debug\VTM17c_Display_7seg.a(LED_Driver_LRBWS_DMA_Seg_dma.o)
 .comment       0x00000000       0x71 .\CortexM3\ARM_GCC_493\Debug\VTM17c_Display_7seg.a(CyDmac.o)
 .comment       0x00000000       0x71 .\CortexM3\ARM_GCC_493\Debug\VTM17c_Display_7seg.a(CyLib.o)
 .comment       0x00000000       0x71 .\CortexM3\ARM_GCC_493\Debug\VTM17c_Display_7seg.a(cyPm.o)
 .comment       0x00000000       0x71 .\CortexM3\ARM_GCC_493\Debug\VTM17c_Display_7seg.a(LED_Driver_LRBWS_DMA_BC_dma.o)
 .comment       0x00000000       0x71 .\CortexM3\ARM_GCC_493\Debug\VTM17c_Display_7seg.a(CAN.o)
 .comment       0x00000000       0x71 .\CortexM3\ARM_GCC_493\Debug\VTM17c_Display_7seg.a(CAN_INT.o)
 .comment       0x00000000       0x71 .\CortexM3\ARM_GCC_493\Debug\VTM17c_Display_7seg.a(CAN_TX_RX_func.o)
 .comment       0x00000000       0x71 .\CortexM3\ARM_GCC_493\Debug\VTM17c_Display_7seg.a(LED_Driver_Gear_DMA_BC_dma.o)
 .comment       0x00000000       0x71 .\CortexM3\ARM_GCC_493\Debug\VTM17c_Display_7seg.a(Page_Button.o)
 .comment       0x00000000       0x71 .\CortexM3\ARM_GCC_493\Debug\VTM17c_Display_7seg.a(CyFlash.o)
 .comment       0x00000000       0x71 .\CortexM3\ARM_GCC_493\Debug\VTM17c_Display_7seg.a(CySpc.o)

.debug_weaknames
 *(.debug_weaknames)

.debug_funcnames
 *(.debug_funcnames)

.debug_typenames
 *(.debug_typenames)

.debug_varnames
 *(.debug_varnames)

.note.gnu.arm.ident
 *(.note.gnu.arm.ident)

.ARM.attributes
                0x00000000       0x29
 *(.ARM.attributes)
 .ARM.attributes
                0x00000000       0x1d c:/program files (x86)/cypress/psoc creator/3.3/psoc creator/import/gnu/arm/4.9.3/bin/../lib/gcc/arm-none-eabi/4.9.3/armv7-m/crti.o
 .ARM.attributes
                0x0000001d       0x2d c:/program files (x86)/cypress/psoc creator/3.3/psoc creator/import/gnu/arm/4.9.3/bin/../lib/gcc/arm-none-eabi/4.9.3/armv7-m/crtbegin.o
 .ARM.attributes
                0x0000004a       0x1b c:/program files (x86)/cypress/psoc creator/3.3/psoc creator/import/gnu/arm/4.9.3/bin/../lib/gcc/arm-none-eabi/4.9.3/../../../../arm-none-eabi/lib/armv7-m/crt0.o
 .ARM.attributes
                0x00000065       0x33 .\CortexM3\ARM_GCC_493\Debug\main.o
 .ARM.attributes
                0x00000098       0x33 .\CortexM3\ARM_GCC_493\Debug\Dash_Funcs.o
 .ARM.attributes
                0x000000cb       0x33 .\CortexM3\ARM_GCC_493\Debug\cymetadata.o
 .ARM.attributes
                0x000000fe       0x33 .\CortexM3\ARM_GCC_493\Debug\Cm3Start.o
 .ARM.attributes
                0x00000131       0x33 .\CortexM3\ARM_GCC_493\Debug\VTM17c_Display_7seg.a(cyfitter_cfg.o)
 .ARM.attributes
                0x00000164       0x33 .\CortexM3\ARM_GCC_493\Debug\VTM17c_Display_7seg.a(LED_Driver_Gear.o)
 .ARM.attributes
                0x00000197       0x33 .\CortexM3\ARM_GCC_493\Debug\VTM17c_Display_7seg.a(LED_Driver_LRBWS.o)
 .ARM.attributes
                0x000001ca       0x33 .\CortexM3\ARM_GCC_493\Debug\VTM17c_Display_7seg.a(LED_Driver_Gear_Com_Driver.o)
 .ARM.attributes
                0x000001fd       0x33 .\CortexM3\ARM_GCC_493\Debug\VTM17c_Display_7seg.a(LED_Driver_Gear_DMA_Com_dma.o)
 .ARM.attributes
                0x00000230       0x33 .\CortexM3\ARM_GCC_493\Debug\VTM17c_Display_7seg.a(LED_Driver_Gear_DMA_Seg_dma.o)
 .ARM.attributes
                0x00000263       0x33 .\CortexM3\ARM_GCC_493\Debug\VTM17c_Display_7seg.a(LED_Driver_LRBWS_Com_Driver.o)
 .ARM.attributes
                0x00000296       0x33 .\CortexM3\ARM_GCC_493\Debug\VTM17c_Display_7seg.a(LED_Driver_LRBWS_DMA_Com_dma.o)
 .ARM.attributes
                0x000002c9       0x33 .\CortexM3\ARM_GCC_493\Debug\VTM17c_Display_7seg.a(LED_Driver_LRBWS_DMA_Seg_dma.o)
 .ARM.attributes
                0x000002fc       0x21 .\CortexM3\ARM_GCC_493\Debug\VTM17c_Display_7seg.a(CyBootAsmGnu.o)
 .ARM.attributes
                0x0000031d       0x33 .\CortexM3\ARM_GCC_493\Debug\VTM17c_Display_7seg.a(CyDmac.o)
 .ARM.attributes
                0x00000350       0x33 .\CortexM3\ARM_GCC_493\Debug\VTM17c_Display_7seg.a(CyLib.o)
 .ARM.attributes
                0x00000383       0x33 .\CortexM3\ARM_GCC_493\Debug\VTM17c_Display_7seg.a(cyPm.o)
 .ARM.attributes
                0x000003b6       0x33 .\CortexM3\ARM_GCC_493\Debug\VTM17c_Display_7seg.a(LED_Driver_LRBWS_DMA_BC_dma.o)
 .ARM.attributes
                0x000003e9       0x33 .\CortexM3\ARM_GCC_493\Debug\VTM17c_Display_7seg.a(CAN.o)
 .ARM.attributes
                0x0000041c       0x33 .\CortexM3\ARM_GCC_493\Debug\VTM17c_Display_7seg.a(CAN_INT.o)
 .ARM.attributes
                0x0000044f       0x33 .\CortexM3\ARM_GCC_493\Debug\VTM17c_Display_7seg.a(CAN_TX_RX_func.o)
 .ARM.attributes
                0x00000482       0x33 .\CortexM3\ARM_GCC_493\Debug\VTM17c_Display_7seg.a(LED_Driver_Gear_DMA_BC_dma.o)
 .ARM.attributes
                0x000004b5       0x33 .\CortexM3\ARM_GCC_493\Debug\VTM17c_Display_7seg.a(Page_Button.o)
 .ARM.attributes
                0x000004e8       0x33 .\CortexM3\ARM_GCC_493\Debug\VTM17c_Display_7seg.a(CyFlash.o)
 .ARM.attributes
                0x0000051b       0x33 .\CortexM3\ARM_GCC_493\Debug\VTM17c_Display_7seg.a(CySpc.o)
 .ARM.attributes
                0x0000054e       0x1d c:/program files (x86)/cypress/psoc creator/3.3/psoc creator/import/gnu/arm/4.9.3/bin/../lib/gcc/arm-none-eabi/4.9.3/armv7-m\libgcc.a(_arm_addsubdf3.o)
 .ARM.attributes
                0x0000056b       0x1d c:/program files (x86)/cypress/psoc creator/3.3/psoc creator/import/gnu/arm/4.9.3/bin/../lib/gcc/arm-none-eabi/4.9.3/armv7-m\libgcc.a(_arm_muldivdf3.o)
 .ARM.attributes
                0x00000588       0x1d c:/program files (x86)/cypress/psoc creator/3.3/psoc creator/import/gnu/arm/4.9.3/bin/../lib/gcc/arm-none-eabi/4.9.3/armv7-m\libgcc.a(_arm_cmpdf2.o)
 .ARM.attributes
                0x000005a5       0x1d c:/program files (x86)/cypress/psoc creator/3.3/psoc creator/import/gnu/arm/4.9.3/bin/../lib/gcc/arm-none-eabi/4.9.3/armv7-m\libgcc.a(_arm_fixdfsi.o)
 .ARM.attributes
                0x000005c2       0x1d c:/program files (x86)/cypress/psoc creator/3.3/psoc creator/import/gnu/arm/4.9.3/bin/../lib/gcc/arm-none-eabi/4.9.3/armv7-m\libgcc.a(_arm_fixunsdfsi.o)
 .ARM.attributes
                0x000005df       0x1d c:/program files (x86)/cypress/psoc creator/3.3/psoc creator/import/gnu/arm/4.9.3/bin/../lib/gcc/arm-none-eabi/4.9.3/armv7-m\libgcc.a(_arm_truncdfsf2.o)
 .ARM.attributes
                0x000005fc       0x1d c:/program files (x86)/cypress/psoc creator/3.3/psoc creator/import/gnu/arm/4.9.3/bin/../lib/gcc/arm-none-eabi/4.9.3/armv7-m\libgcc.a(_arm_addsubsf3.o)
 .ARM.attributes
                0x00000619       0x1d c:/program files (x86)/cypress/psoc creator/3.3/psoc creator/import/gnu/arm/4.9.3/bin/../lib/gcc/arm-none-eabi/4.9.3/armv7-m\libgcc.a(_arm_muldivsf3.o)
 .ARM.attributes
                0x00000636       0x1d c:/program files (x86)/cypress/psoc creator/3.3/psoc creator/import/gnu/arm/4.9.3/bin/../lib/gcc/arm-none-eabi/4.9.3/armv7-m\libgcc.a(_arm_cmpsf2.o)
 .ARM.attributes
                0x00000653       0x2d c:/program files (x86)/cypress/psoc creator/3.3/psoc creator/import/gnu/arm/4.9.3/bin/../lib/gcc/arm-none-eabi/4.9.3/../../../../arm-none-eabi/lib/armv7-m\libg_nano.a(lib_a-errno.o)
 .ARM.attributes
                0x00000680       0x2d c:/program files (x86)/cypress/psoc creator/3.3/psoc creator/import/gnu/arm/4.9.3/bin/../lib/gcc/arm-none-eabi/4.9.3/../../../../arm-none-eabi/lib/armv7-m\libg_nano.a(lib_a-exit.o)
 .ARM.attributes
                0x000006ad       0x2d c:/program files (x86)/cypress/psoc creator/3.3/psoc creator/import/gnu/arm/4.9.3/bin/../lib/gcc/arm-none-eabi/4.9.3/../../../../arm-none-eabi/lib/armv7-m\libg_nano.a(lib_a-impure.o)
 .ARM.attributes
                0x000006da       0x2d c:/program files (x86)/cypress/psoc creator/3.3/psoc creator/import/gnu/arm/4.9.3/bin/../lib/gcc/arm-none-eabi/4.9.3/../../../../arm-none-eabi/lib/armv7-m\libg_nano.a(lib_a-init.o)
 .ARM.attributes
                0x00000707       0x2d c:/program files (x86)/cypress/psoc creator/3.3/psoc creator/import/gnu/arm/4.9.3/bin/../lib/gcc/arm-none-eabi/4.9.3/../../../../arm-none-eabi/lib/armv7-m\libg_nano.a(lib_a-memcpy.o)
 .ARM.attributes
                0x00000734       0x2d c:/program files (x86)/cypress/psoc creator/3.3/psoc creator/import/gnu/arm/4.9.3/bin/../lib/gcc/arm-none-eabi/4.9.3/../../../../arm-none-eabi/lib/armv7-m\libg_nano.a(lib_a-memset.o)
 .ARM.attributes
                0x00000761       0x2d c:/program files (x86)/cypress/psoc creator/3.3/psoc creator/import/gnu/arm/4.9.3/bin/../lib/gcc/arm-none-eabi/4.9.3/../../../../arm-none-eabi/lib/armv7-m\libg_nano.a(lib_a-strlen.o)
 .ARM.attributes
                0x0000078e       0x2d c:/program files (x86)/cypress/psoc creator/3.3/psoc creator/import/gnu/arm/4.9.3/bin/../lib/gcc/arm-none-eabi/4.9.3/armv7-m/crtend.o
 .ARM.attributes
                0x000007bb       0x1d c:/program files (x86)/cypress/psoc creator/3.3/psoc creator/import/gnu/arm/4.9.3/bin/../lib/gcc/arm-none-eabi/4.9.3/armv7-m/crtn.o

/DISCARD/
 *(.note.GNU-stack)
OUTPUT(.\CortexM3\ARM_GCC_493\Debug\VTM17c_Display_7seg.elf elf32-littlearm)
