Archive member included because of file (symbol)

.\CortexM3\ARM_GCC_493\Debug\VTM17E_Display_7seg_Copy_01.a(cyfitter_cfg.o)
                              .\CortexM3\ARM_GCC_493\Debug\Cm3Start.o (cyfitter_cfg)
.\CortexM3\ARM_GCC_493\Debug\VTM17E_Display_7seg_Copy_01.a(LED_Driver_Gear.o)
                              .\CortexM3\ARM_GCC_493\Debug\main.o (LED_Driver_Gear_Start)
.\CortexM3\ARM_GCC_493\Debug\VTM17E_Display_7seg_Copy_01.a(LED_Driver_LRBWS.o)
                              .\CortexM3\ARM_GCC_493\Debug\main.o (LED_Driver_LRBWS_SetRC)
.\CortexM3\ARM_GCC_493\Debug\VTM17E_Display_7seg_Copy_01.a(LED_Driver_Gear_Com_Driver.o)
                              .\CortexM3\ARM_GCC_493\Debug\VTM17E_Display_7seg_Copy_01.a(LED_Driver_Gear.o) (LED_Driver_Gear_Com_Driver_Write)
.\CortexM3\ARM_GCC_493\Debug\VTM17E_Display_7seg_Copy_01.a(LED_Driver_Gear_DMA_Com_dma.o)
                              .\CortexM3\ARM_GCC_493\Debug\VTM17E_Display_7seg_Copy_01.a(LED_Driver_Gear.o) (LED_Driver_Gear_DMA_Com_DmaInitialize)
.\CortexM3\ARM_GCC_493\Debug\VTM17E_Display_7seg_Copy_01.a(LED_Driver_Gear_DMA_Seg_dma.o)
                              .\CortexM3\ARM_GCC_493\Debug\VTM17E_Display_7seg_Copy_01.a(LED_Driver_Gear.o) (LED_Driver_Gear_DMA_Seg_DmaInitialize)
.\CortexM3\ARM_GCC_493\Debug\VTM17E_Display_7seg_Copy_01.a(LED_Driver_LRBWS_Com_Driver.o)
                              .\CortexM3\ARM_GCC_493\Debug\VTM17E_Display_7seg_Copy_01.a(LED_Driver_LRBWS.o) (LED_Driver_LRBWS_Com_Driver_Write)
.\CortexM3\ARM_GCC_493\Debug\VTM17E_Display_7seg_Copy_01.a(LED_Driver_LRBWS_DMA_Com_dma.o)
                              .\CortexM3\ARM_GCC_493\Debug\VTM17E_Display_7seg_Copy_01.a(LED_Driver_LRBWS.o) (LED_Driver_LRBWS_DMA_Com_DmaInitialize)
.\CortexM3\ARM_GCC_493\Debug\VTM17E_Display_7seg_Copy_01.a(LED_Driver_LRBWS_DMA_Seg_dma.o)
                              .\CortexM3\ARM_GCC_493\Debug\VTM17E_Display_7seg_Copy_01.a(LED_Driver_LRBWS.o) (LED_Driver_LRBWS_DMA_Seg_DmaInitialize)
.\CortexM3\ARM_GCC_493\Debug\VTM17E_Display_7seg_Copy_01.a(CyBootAsmGnu.o)
                              .\CortexM3\ARM_GCC_493\Debug\VTM17E_Display_7seg_Copy_01.a(cyfitter_cfg.o) (CyDelayCycles)
.\CortexM3\ARM_GCC_493\Debug\VTM17E_Display_7seg_Copy_01.a(CyDmac.o)
                              .\CortexM3\ARM_GCC_493\Debug\Cm3Start.o (CyDmacConfigure)
.\CortexM3\ARM_GCC_493\Debug\VTM17E_Display_7seg_Copy_01.a(CyLib.o)
                              .\CortexM3\ARM_GCC_493\Debug\Cm3Start.o (CyHalt)
.\CortexM3\ARM_GCC_493\Debug\VTM17E_Display_7seg_Copy_01.a(cyPm.o)
                              .\CortexM3\ARM_GCC_493\Debug\VTM17E_Display_7seg_Copy_01.a(CyLib.o) (CyPmReadStatus)
.\CortexM3\ARM_GCC_493\Debug\VTM17E_Display_7seg_Copy_01.a(LED_Driver_LRBWS_DMA_BC_dma.o)
                              .\CortexM3\ARM_GCC_493\Debug\VTM17E_Display_7seg_Copy_01.a(LED_Driver_LRBWS.o) (LED_Driver_LRBWS_DMA_BC_DmaInitialize)
.\CortexM3\ARM_GCC_493\Debug\VTM17E_Display_7seg_Copy_01.a(CAN.o)
                              .\CortexM3\ARM_GCC_493\Debug\main.o (CAN_Init)
.\CortexM3\ARM_GCC_493\Debug\VTM17E_Display_7seg_Copy_01.a(CAN_INT.o)
                              .\CortexM3\ARM_GCC_493\Debug\VTM17E_Display_7seg_Copy_01.a(CAN.o) (CAN_ISR)
.\CortexM3\ARM_GCC_493\Debug\VTM17E_Display_7seg_Copy_01.a(CAN_TX_RX_func.o)
                              .\CortexM3\ARM_GCC_493\Debug\VTM17E_Display_7seg_Copy_01.a(CAN_INT.o) (CAN_ReceiveMsg)
.\CortexM3\ARM_GCC_493\Debug\VTM17E_Display_7seg_Copy_01.a(LED_Driver_Gear_DMA_BC_dma.o)
                              .\CortexM3\ARM_GCC_493\Debug\VTM17E_Display_7seg_Copy_01.a(LED_Driver_Gear.o) (LED_Driver_Gear_DMA_BC_DmaInitialize)
.\CortexM3\ARM_GCC_493\Debug\VTM17E_Display_7seg_Copy_01.a(Page_Button.o)
                              .\CortexM3\ARM_GCC_493\Debug\Dash_Funcs.o (Page_Button_Read)
.\CortexM3\ARM_GCC_493\Debug\VTM17E_Display_7seg_Copy_01.a(CyFlash.o)
                              .\CortexM3\ARM_GCC_493\Debug\VTM17E_Display_7seg_Copy_01.a(cyPm.o) (CyFlash_SetWaitCycles)
.\CortexM3\ARM_GCC_493\Debug\VTM17E_Display_7seg_Copy_01.a(CySpc.o)
                              .\CortexM3\ARM_GCC_493\Debug\VTM17E_Display_7seg_Copy_01.a(CyFlash.o) (CySpcStart)
c:/program files (x86)/cypress/psoc creator/3.3/psoc creator/import/gnu/arm/4.9.3/bin/../lib/gcc/arm-none-eabi/4.9.3/armv7-m\libgcc.a(_arm_addsubdf3.o)
                              .\CortexM3\ARM_GCC_493\Debug\main.o (__aeabi_dadd)
c:/program files (x86)/cypress/psoc creator/3.3/psoc creator/import/gnu/arm/4.9.3/bin/../lib/gcc/arm-none-eabi/4.9.3/armv7-m\libgcc.a(_arm_muldivdf3.o)
                              .\CortexM3\ARM_GCC_493\Debug\Dash_Funcs.o (__aeabi_dmul)
c:/program files (x86)/cypress/psoc creator/3.3/psoc creator/import/gnu/arm/4.9.3/bin/../lib/gcc/arm-none-eabi/4.9.3/armv7-m\libgcc.a(_arm_cmpdf2.o)
                              .\CortexM3\ARM_GCC_493\Debug\Dash_Funcs.o (__aeabi_dcmplt)
[...]
Memory Configuration

Name             Origin             Length             Attributes
rom              0x00000000         0x00040000         xr
ram              0x1fff8000         0x00010000         xrw
*default*        0x00000000         0xffffffff

Linker script and memory map

LOAD c:/program files (x86)/cypress/psoc creator/3.3/psoc creator/import/gnu/arm/4.9.3/bin/../lib/gcc/arm-none-eabi/4.9.3/armv7-m/crti.o
LOAD c:/program files (x86)/cypress/psoc creator/3.3/psoc creator/import/gnu/arm/4.9.3/bin/../lib/gcc/arm-none-eabi/4.9.3/armv7-m/crtbegin.o
LOAD c:/program files (x86)/cypress/psoc creator/3.3/psoc creator/import/gnu/arm/4.9.3/bin/../lib/gcc/arm-none-eabi/4.9.3/../../../../arm-none-eabi/lib/armv7-m/crt0.o
START GROUP
LOAD .\CortexM3\ARM_GCC_493\Debug\main.o
LOAD .\CortexM3\ARM_GCC_493\Debug\Dash_Funcs.o
LOAD .\CortexM3\ARM_GCC_493\Debug\cymetadata.o
LOAD .\CortexM3\ARM_GCC_493\Debug\Cm3Start.o
LOAD .\CortexM3\ARM_GCC_493\Debug\VTM17E_Display_7seg_Copy_01.a
LOAD C:\Program Files (x86)\Cypress\PSoC Creator\3.3\PSoC Creator\psoc\content\cycomponentlibrary\CyComponentLibrary.cylib\CortexM3\ARM_GCC_493\Debug\CyComponentLibrary.a
END GROUP
START GROUP
LOAD c:/program files (x86)/cypress/psoc creator/3.3/psoc creator/import/gnu/arm/4.9.3/bin/../lib/gcc/arm-none-eabi/4.9.3/armv7-m\libgcc.a
LOAD c:/program files (x86)/cypress/psoc creator/3.3/psoc creator/import/gnu/arm/4.9.3/bin/../lib/gcc/arm-none-eabi/4.9.3/../../../../arm-none-eabi/lib/armv7-m\libg_nano.a
LOAD c:/program files (x86)/cypress/psoc creator/3.3/psoc creator/import/gnu/arm/4.9.3/bin/../lib/gcc/arm-none-eabi/4.9.3/../../../../arm-none-eabi/lib/armv7-m\libc_nano.a
END GROUP
START GROUP
LOAD c:/program files (x86)/cypress/psoc creator/3.3/psoc creator/import/gnu/arm/4.9.3/bin/../lib/gcc/arm-none-eabi/4.9.3/armv7-m\libgcc.a
LOAD c:/program files (x86)/cypress/psoc creator/3.3/psoc creator/import/gnu/arm/4.9.3/bin/../lib/gcc/arm-none-eabi/4.9.3/../../../../arm-none-eabi/lib/armv7-m\libc_nano.a
END GROUP
LOAD c:/program files (x86)/cypress/psoc creator/3.3/psoc creator/import/gnu/arm/4.9.3/bin/../lib/gcc/arm-none-eabi/4.9.3/armv7-m/crtend.o
LOAD c:/program files (x86)/cypress/psoc creator/3.3/psoc creator/import/gnu/arm/4.9.3/bin/../lib/gcc/arm-none-eabi/4.9.3/armv7-m/crtn.o
START GROUP
LOAD c:/program files (x86)/cypress/psoc creator/3.3/psoc creator/import/gnu/arm/4.9.3/bin/../lib/gcc/arm-none-eabi/4.9.3/armv7-m\libgcc.a
LOAD c:/program files (x86)/cypress/psoc creator/3.3/psoc creator/import/gnu/arm/4.9.3/bin/../lib/gcc/arm-none-eabi/4.9.3/../../../../arm-none-eabi/lib/armv7-m\libc.a
LOAD c:/program files (x86)/cypress/psoc creator/3.3/psoc creator/import/gnu/arm/4.9.3/bin/../lib/gcc/arm-none-eabi/4.9.3/../../../../arm-none-eabi/lib/armv7-m\libnosys.a
END GROUP
                0x00000000                CY_APPL_ORIGIN = 0x0
                0x00000100                CY_FLASH_ROW_SIZE = 0x100
                0x00000020                CY_ECC_ROW_SIZE = 0x20
                0x00000000                CY_EE_IN_BTLDR = 0x0
                0x00000000                CY_APPL_LOADABLE = 0x0
                0x00000800                CY_EE_SIZE = 0x800
                0x00000001                CY_APPL_NUM = 0x1
                0x00000001                CY_APPL_MAX = 0x1
                0x00000040                CY_METADATA_SIZE = 0x40
                0x00000000                CY_APPL_LOADABLE = 0x0
                0x00000000                CY_CHECKSUM_EXCLUDE_SIZE = ALIGN (0x0, CY_FLASH_ROW_SIZE)
                0x1fff8300                PROVIDE (__cy_heap_start, _end)
                0x00000001                PROVIDE (__cy_region_num, ((__cy_regions_end - __cy_regions) / 0x10))
                0x20008000                PROVIDE (__cy_stack, (ORIGIN (ram) + 0x10000))
                0x20007800                PROVIDE (__cy_heap_end, (__cy_stack - 0x800))

.cybootloader   0x00000000        0x0
 *(.cybootloader)
                0x00000000                appl1_start = CY_APPL_ORIGIN?CY_APPL_ORIGIN:ALIGN (CY_FLASH_ROW_SIZE)
                0x0001ff00                appl2_start = (appl1_start + ALIGN ((((0x40000 - appl1_start) - (0x2 * CY_FLASH_ROW_SIZE)) / 0x2), CY_FLASH_ROW_SIZE))
                0x00000000                appl_start = (CY_APPL_NUM == 0x1)?appl1_start:appl2_start
                0x00000000                ecc_offset = ((appl_start / CY_FLASH_ROW_SIZE) * CY_ECC_ROW_SIZE)
                0x00000000                ee_offset = (CY_APPL_LOADABLE && ! (CY_EE_IN_BTLDR))?((CY_EE_SIZE / CY_APPL_MAX) * (CY_APPL_NUM - 0x1)):0x0
                0x00000800                ee_size = (CY_APPL_LOADABLE && ! (CY_EE_IN_BTLDR))?(CY_EE_SIZE / CY_APPL_MAX):CY_EE_SIZE
                0x00000000                PROVIDE (CY_ECC_OFFSET, ecc_offset)

.text           0x00000000     0x2e52
 CREATE_OBJECT_SYMBOLS
                0x00000000                PROVIDE (__cy_interrupt_vector, RomVectors)
 *(.romvectors)
 .romvectors    0x00000000       0x10 .\CortexM3\ARM_GCC_493\Debug\Cm3Start.o
                0x00000000                RomVectors
                0x00000001                ASSERT ((. != __cy_interrupt_vector), No interrupt vector)
                0x00000001                ASSERT (CY_APPL_ORIGIN?(SIZEOF (.cybootloader) <= CY_APPL_ORIGIN):0x1, Wrong image location)
                0x00000010                PROVIDE (__cy_reset, Reset)
 *(.text.Reset)
 .text.Reset    0x00000010       0x18 .\CortexM3\ARM_GCC_493\Debug\Cm3Start.o
                0x00000010                Reset
                0x00000001                ASSERT ((. != __cy_reset), No reset code)
 *(.dma_init)
                0x00000001                ASSERT ((((appl_start + .) <= 0x10000) || 0x1), DMA Init must be within the first 64k of flash)
 *(.text .text.* .gnu.linkonce.t.*)
 .text          0x00000028       0x5c c:/program files (x86)/cypress/psoc creator/3.3/psoc creator/import/gnu/arm/4.9.3/bin/../lib/gcc/arm-none-eabi/4.9.3/armv7-m/crtbegin.o
 *fill*         0x00000084        0x4 
 .text.main     0x00000088      0x160 .\CortexM3\ARM_GCC_493\Debug\main.o
                0x00000088                main
 .text.ParseCAN
                0x000001e8      0x250 .\CortexM3\ARM_GCC_493\Debug\Dash_Funcs.o
                0x000001e8                ParseCAN
 .text.Brightness
                0x00000438       0x24 .\CortexM3\ARM_GCC_493\Debug\Dash_Funcs.o
                0x00000438                Brightness
 .text.DriveUpdate
                0x0000045c       0x7c .\CortexM3\ARM_GCC_493\Debug\Dash_Funcs.o
                0x0000045c                DriveUpdate
 .text.DiagUpdate
                0x000004d8       0x5c .\CortexM3\ARM_GCC_493\Debug\Dash_Funcs.o
                0x000004d8                DiagUpdate
 .text.SwitchButtonCheck
                0x00000534       0x48 .\CortexM3\ARM_GCC_493\Debug\Dash_Funcs.o
                0x00000534                SwitchButtonCheck
 .text.GearCalculation
                0x0000057c       0xe0 .\CortexM3\ARM_GCC_493\Debug\Dash_Funcs.o
                0x0000057c                GearCalculation
 .text.ShiftLights
                0x0000065c      0x298 .\CortexM3\ARM_GCC_493\Debug\Dash_Funcs.o
                0x0000065c                ShiftLights
 .text.WarningLights
                0x000008f4       0xbc .\CortexM3\ARM_GCC_493\Debug\Dash_Funcs.o
                0x000008f4                WarningLights
 .text.IntDefaultHandler
                0x000009b0        0x4 .\CortexM3\ARM_GCC_493\Debug\Cm3Start.o
                0x000009b0                IntDefaultHandler
 .text.Start_c  0x000009b4       0x4c .\CortexM3\ARM_GCC_493\Debug\Cm3Start.o
                0x000009b4                Start_c
 .text.initialize_psoc
                0x00000a00       0x78 .\CortexM3\ARM_GCC_493\Debug\Cm3Start.o
                0x00000a00                initialize_psoc
 .text.CyClockStartupError
                0x00000a78        0x4 .\CortexM3\ARM_GCC_493\Debug\VTM17E_Display_7seg_Copy_01.a(cyfitter_cfg.o)
 .text.cfg_write_bytes32
                0x00000a7c       0x34 .\CortexM3\ARM_GCC_493\Debug\VTM17E_Display_7seg_Copy_01.a(cyfitter_cfg.o)
 .text.AnalogSetDefault
                0x00000ab0       0x28 .\CortexM3\ARM_GCC_493\Debug\VTM17E_Display_7seg_Copy_01.a(cyfitter_cfg.o)
 .text.CYMEMZERO
                0x00000ad8        0xc .\CortexM3\ARM_GCC_493\Debug\VTM17E_Display_7seg_Copy_01.a(cyfitter_cfg.o)
 .text.ClockSetup
                0x00000ae4       0xdc .\CortexM3\ARM_GCC_493\Debug\VTM17E_Display_7seg_Copy_01.a(cyfitter_cfg.o)
 .text.CYCONFIGCPY
                0x00000bc0        0x8 .\CortexM3\ARM_GCC_493\Debug\VTM17E_Display_7seg_Copy_01.a(cyfitter_cfg.o)
 .text.cyfitter_cfg
                0x00000bc8      0x178 .\CortexM3\ARM_GCC_493\Debug\VTM17E_Display_7seg_Copy_01.a(cyfitter_cfg.o)
                0x00000bc8                cyfitter_cfg
 .text.LED_Driver_Gear_DmaInit
                0x00000d40      0x13c .\CortexM3\ARM_GCC_493\Debug\VTM17E_Display_7seg_Copy_01.a(LED_Driver_Gear.o)
 .text.LED_Driver_Gear_DmaEnable
                0x00000e7c       0x3c .\CortexM3\ARM_GCC_493\Debug\VTM17E_Display_7seg_Copy_01.a(LED_Driver_Gear.o)
 .text.LED_Driver_Gear_Enable
                0x00000eb8       0x24 .\CortexM3\ARM_GCC_493\Debug\VTM17E_Display_7seg_Copy_01.a(LED_Driver_Gear.o)
                0x00000eb8                LED_Driver_Gear_Enable
 .text.LED_Driver_Gear_ClearDisplayAll
                0x00000edc       0x18 .\CortexM3\ARM_GCC_493\Debug\VTM17E_Display_7seg_Copy_01.a(LED_Driver_Gear.o)
                0x00000edc                LED_Driver_Gear_ClearDisplayAll
 .text.LED_Driver_Gear_Init
                0x00000ef4       0x30 .\CortexM3\ARM_GCC_493\Debug\VTM17E_Display_7seg_Copy_01.a(LED_Driver_Gear.o)
                0x00000ef4                LED_Driver_Gear_Init
 .text.LED_Driver_Gear_Start
                0x00000f24       0x1c .\CortexM3\ARM_GCC_493\Debug\VTM17E_Display_7seg_Copy_01.a(LED_Driver_Gear.o)
                0x00000f24                LED_Driver_Gear_Start
 .text.LED_Driver_Gear_EncodeNumber7Seg
                0x00000f40       0x10 .\CortexM3\ARM_GCC_493\Debug\VTM17E_Display_7seg_Copy_01.a(LED_Driver_Gear.o)
                0x00000f40                LED_Driver_Gear_EncodeNumber7Seg
 .text.LED_Driver_Gear_Write7SegDigitDec
                0x00000f50       0x1c .\CortexM3\ARM_GCC_493\Debug\VTM17E_Display_7seg_Copy_01.a(LED_Driver_Gear.o)
                0x00000f50                LED_Driver_Gear_Write7SegDigitDec
 .text.LED_Driver_Gear_SetBrightness
                0x00000f6c       0x3c .\CortexM3\ARM_GCC_493\Debug\VTM17E_Display_7seg_Copy_01.a(LED_Driver_Gear.o)
                0x00000f6c                LED_Driver_Gear_SetBrightness
 .text.LED_Driver_LRBWS_DmaInit
                0x00000fa8      0x1d0 .\CortexM3\ARM_GCC_493\Debug\VTM17E_Display_7seg_Copy_01.a(LED_Driver_LRBWS.o)
 .text.LED_Driver_LRBWS_DmaEnable
                0x00001178       0x40 .\CortexM3\ARM_GCC_493\Debug\VTM17E_Display_7seg_Copy_01.a(LED_Driver_LRBWS.o)
 .text.LED_Driver_LRBWS_Enable
                0x000011b8       0x28 .\CortexM3\ARM_GCC_493\Debug\VTM17E_Display_7seg_Copy_01.a(LED_Driver_LRBWS.o)
                0x000011b8                LED_Driver_LRBWS_Enable
 .text.LED_Driver_LRBWS_SetRC
                0x000011e0       0x4c .\CortexM3\ARM_GCC_493\Debug\VTM17E_Display_7seg_Copy_01.a(LED_Driver_LRBWS.o)
                0x000011e0                LED_Driver_LRBWS_SetRC
 .text.LED_Driver_LRBWS_ClearRC
                0x0000122c       0x50 .\CortexM3\ARM_GCC_493\Debug\VTM17E_Display_7seg_Copy_01.a(LED_Driver_LRBWS.o)
                0x0000122c                LED_Driver_LRBWS_ClearRC
 .text.LED_Driver_LRBWS_ToggleRC
                0x0000127c       0x4c .\CortexM3\ARM_GCC_493\Debug\VTM17E_Display_7seg_Copy_01.a(LED_Driver_LRBWS.o)
                0x0000127c                LED_Driver_LRBWS_ToggleRC
 .text.LED_Driver_LRBWS_ClearDisplayAll
                0x000012c8       0x28 .\CortexM3\ARM_GCC_493\Debug\VTM17E_Display_7seg_Copy_01.a(LED_Driver_LRBWS.o)
                0x000012c8                LED_Driver_LRBWS_ClearDisplayAll
 .text.LED_Driver_LRBWS_Init
                0x000012f0       0x38 .\CortexM3\ARM_GCC_493\Debug\VTM17E_Display_7seg_Copy_01.a(LED_Driver_LRBWS.o)
                0x000012f0                LED_Driver_LRBWS_Init
 .text.LED_Driver_LRBWS_Start
                0x00001328       0x20 .\CortexM3\ARM_GCC_493\Debug\VTM17E_Display_7seg_Copy_01.a(LED_Driver_LRBWS.o)
                0x00001328                LED_Driver_LRBWS_Start
 .text.LED_Driver_LRBWS_EncodeNumber7Seg
                0x00001348       0x10 .\CortexM3\ARM_GCC_493\Debug\VTM17E_Display_7seg_Copy_01.a(LED_Driver_LRBWS.o)
                0x00001348                LED_Driver_LRBWS_EncodeNumber7Seg
 .text.LED_Driver_LRBWS_EncodeChar7Seg
                0x00001358       0x24 .\CortexM3\ARM_GCC_493\Debug\VTM17E_Display_7seg_Copy_01.a(LED_Driver_LRBWS.o)
                0x00001358                LED_Driver_LRBWS_EncodeChar7Seg
 .text.LED_Driver_LRBWS_Write7SegNumberDec
                0x0000137c      0x1c8 .\CortexM3\ARM_GCC_493\Debug\VTM17E_Display_7seg_Copy_01.a(LED_Driver_LRBWS.o)
                0x0000137c                LED_Driver_LRBWS_Write7SegNumberDec
 .text.LED_Driver_LRBWS_SetBrightness
                0x00001544       0x40 .\CortexM3\ARM_GCC_493\Debug\VTM17E_Display_7seg_Copy_01.a(LED_Driver_LRBWS.o)
                0x00001544                LED_Driver_LRBWS_SetBrightness
 .text.LED_Driver_Gear_DMA_Com_DmaInitialize
                0x00001584       0x3c .\CortexM3\ARM_GCC_493\Debug\VTM17E_Display_7seg_Copy_01.a(LED_Driver_Gear_DMA_Com_dma.o)
                0x00001584                LED_Driver_Gear_DMA_Com_DmaInitialize
 .text.LED_Driver_Gear_DMA_Seg_DmaInitialize
                0x000015c0       0x40 .\CortexM3\ARM_GCC_493\Debug\VTM17E_Display_7seg_Copy_01.a(LED_Driver_Gear_DMA_Seg_dma.o)
                0x000015c0                LED_Driver_Gear_DMA_Seg_DmaInitialize
 .text.LED_Driver_LRBWS_DMA_Com_DmaInitialize
                0x00001600       0x3c .\CortexM3\ARM_GCC_493\Debug\VTM17E_Display_7seg_Copy_01.a(LED_Driver_LRBWS_DMA_Com_dma.o)
                0x00001600                LED_Driver_LRBWS_DMA_Com_DmaInitialize
 .text.LED_Driver_LRBWS_DMA_Seg_DmaInitialize
                0x0000163c       0x40 .\CortexM3\ARM_GCC_493\Debug\VTM17E_Display_7seg_Copy_01.a(LED_Driver_LRBWS_DMA_Seg_dma.o)
                0x0000163c                LED_Driver_LRBWS_DMA_Seg_DmaInitialize
 *fill*         0x0000167c        0x4 
 .text          0x00001680       0x20 .\CortexM3\ARM_GCC_493\Debug\VTM17E_Display_7seg_Copy_01.a(CyBootAsmGnu.o)
                0x00001680                CyDelayCycles
                0x00001690                CyEnterCriticalSection
                0x00001698                CyExitCriticalSection
 .text.CyDmacConfigure
                0x000016a0       0x34 .\CortexM3\ARM_GCC_493\Debug\VTM17E_Display_7seg_Copy_01.a(CyDmac.o)
                0x000016a0                CyDmacConfigure
 .text.CyDmaChEnable
                0x000016d4       0x38 .\CortexM3\ARM_GCC_493\Debug\VTM17E_Display_7seg_Copy_01.a(CyDmac.o)
                0x000016d4                CyDmaChEnable
 .text.CyDmaChPriority
                0x0000170c       0x24 .\CortexM3\ARM_GCC_493\Debug\VTM17E_Display_7seg_Copy_01.a(CyDmac.o)
                0x0000170c                CyDmaChPriority
 .text.CyDmaChSetExtendedAddress
                0x00001730       0x34 .\CortexM3\ARM_GCC_493\Debug\VTM17E_Display_7seg_Copy_01.a(CyDmac.o)
                0x00001730                CyDmaChSetExtendedAddress
 .text.CyDmaChSetInitialTd
                0x00001764       0x18 .\CortexM3\ARM_GCC_493\Debug\VTM17E_Display_7seg_Copy_01.a(CyDmac.o)
                0x00001764                CyDmaChSetInitialTd
 .text.CyDmaChSetConfiguration
                0x0000177c       0x48 .\CortexM3\ARM_GCC_493\Debug\VTM17E_Display_7seg_Copy_01.a(CyDmac.o)
                0x0000177c                CyDmaChSetConfiguration
 .text.CyDmaTdAllocate
                0x000017c4       0x34 .\CortexM3\ARM_GCC_493\Debug\VTM17E_Display_7seg_Copy_01.a(CyDmac.o)
                0x000017c4                CyDmaTdAllocate
 .text.CyDmaTdSetConfiguration
                0x000017f8       0x28 .\CortexM3\ARM_GCC_493\Debug\VTM17E_Display_7seg_Copy_01.a(CyDmac.o)
                0x000017f8                CyDmaTdSetConfiguration
 .text.CyDmaTdSetAddress
                0x00001820       0x1c .\CortexM3\ARM_GCC_493\Debug\VTM17E_Display_7seg_Copy_01.a(CyDmac.o)
                0x00001820                CyDmaTdSetAddress
 .text.CyHalt   0x0000183c        0x4 .\CortexM3\ARM_GCC_493\Debug\VTM17E_Display_7seg_Copy_01.a(CyLib.o)
                0x0000183c                CyHalt
 .text.CyIntSetVector
                0x00001840       0x28 .\CortexM3\ARM_GCC_493\Debug\VTM17E_Display_7seg_Copy_01.a(CyLib.o)
                0x00001840                CyIntSetVector
 .text.CyIntSetPriority
                0x00001868       0x30 .\CortexM3\ARM_GCC_493\Debug\VTM17E_Display_7seg_Copy_01.a(CyLib.o)
                0x00001868                CyIntSetPriority
 .text.LED_Driver_LRBWS_DMA_BC_DmaInitialize
                0x00001898       0x3c .\CortexM3\ARM_GCC_493\Debug\VTM17E_Display_7seg_Copy_01.a(LED_Driver_LRBWS_DMA_BC_dma.o)
                0x00001898                LED_Driver_LRBWS_DMA_BC_DmaInitialize
 .text.CAN_Stop
                0x000018d4       0x5c .\CortexM3\ARM_GCC_493\Debug\VTM17E_Display_7seg_Copy_01.a(CAN.o)
                0x000018d4                CAN_Stop
 .text.CAN_GlobalIntEnable
                0x00001930       0x20 .\CortexM3\ARM_GCC_493\Debug\VTM17E_Display_7seg_Copy_01.a(CAN.o)
                0x00001930                CAN_GlobalIntEnable
 .text.CAN_Enable
                0x00001950       0x6c .\CortexM3\ARM_GCC_493\Debug\VTM17E_Display_7seg_Copy_01.a(CAN.o)
                0x00001950                CAN_Enable
 .text.CAN_GlobalIntDisable
                0x000019bc       0x20 .\CortexM3\ARM_GCC_493\Debug\VTM17E_Display_7seg_Copy_01.a(CAN.o)
                0x000019bc                CAN_GlobalIntDisable
 .text.CAN_SetPreScaler
                0x000019dc       0x24 .\CortexM3\ARM_GCC_493\Debug\VTM17E_Display_7seg_Copy_01.a(CAN.o)
                0x000019dc                CAN_SetPreScaler
 .text.CAN_SetArbiter
                0x00001a00       0x3c .\CortexM3\ARM_GCC_493\Debug\VTM17E_Display_7seg_Copy_01.a(CAN.o)
                0x00001a00                CAN_SetArbiter
 .text.CAN_SetTsegSample
                0x00001a3c       0x84 .\CortexM3\ARM_GCC_493\Debug\VTM17E_Display_7seg_Copy_01.a(CAN.o)
                0x00001a3c                CAN_SetTsegSample
 .text.CAN_SetRestartType
                0x00001ac0       0x3c .\CortexM3\ARM_GCC_493\Debug\VTM17E_Display_7seg_Copy_01.a(CAN.o)
                0x00001ac0                CAN_SetRestartType
 .text.CAN_SetEdgeMode
                0x00001afc       0x3c .\CortexM3\ARM_GCC_493\Debug\VTM17E_Display_7seg_Copy_01.a(CAN.o)
                0x00001afc                CAN_SetEdgeMode
 .text.CAN_SetIrqMask
                0x00001b38       0x18 .\CortexM3\ARM_GCC_493\Debug\VTM17E_Display_7seg_Copy_01.a(CAN.o)
                0x00001b38                CAN_SetIrqMask
 .text.CAN_RxBufConfig
                0x00001b50       0x90 .\CortexM3\ARM_GCC_493\Debug\VTM17E_Display_7seg_Copy_01.a(CAN.o)
                0x00001b50                CAN_RxBufConfig
 .text.CAN_TxBufConfig
                0x00001be0       0x54 .\CortexM3\ARM_GCC_493\Debug\VTM17E_Display_7seg_Copy_01.a(CAN.o)
                0x00001be0                CAN_TxBufConfig
 .text.CAN_RxTxBuffersConfig
                0x00001c34       0x50 .\CortexM3\ARM_GCC_493\Debug\VTM17E_Display_7seg_Copy_01.a(CAN.o)
                0x00001c34                CAN_RxTxBuffersConfig
 .text.CAN_Init
                0x00001c84       0xe0 .\CortexM3\ARM_GCC_493\Debug\VTM17E_Display_7seg_Copy_01.a(CAN.o)
                0x00001c84                CAN_Init
 .text.CAN_Start
                0x00001d64       0x24 .\CortexM3\ARM_GCC_493\Debug\VTM17E_Display_7seg_Copy_01.a(CAN.o)
                0x00001d64                CAN_Start
 .text.CAN_BusOffIsr
                0x00001d88       0x18 .\CortexM3\ARM_GCC_493\Debug\VTM17E_Display_7seg_Copy_01.a(CAN_INT.o)
                0x00001d88                CAN_BusOffIsr
 .text.CAN_MsgRXIsr
                0x00001da0       0x7c .\CortexM3\ARM_GCC_493\Debug\VTM17E_Display_7seg_Copy_01.a(CAN_INT.o)
                0x00001da0                CAN_MsgRXIsr
 .text.CAN_ISR  0x00001e1c       0x24 .\CortexM3\ARM_GCC_493\Debug\VTM17E_Display_7seg_Copy_01.a(CAN_INT.o)
                0x00001e1c                CAN_ISR
 .text.CAN_ReceiveMsg
                0x00001e40       0x1c .\CortexM3\ARM_GCC_493\Debug\VTM17E_Display_7seg_Copy_01.a(CAN_TX_RX_func.o)
                0x00001e40                CAN_ReceiveMsg
 .text.CAN_ReceiveMsgInverter1
                0x00001e5c       0x10 .\CortexM3\ARM_GCC_493\Debug\VTM17E_Display_7seg_Copy_01.a(CAN_TX_RX_func.o)
                0x00001e5c                CAN_ReceiveMsgInverter1
 .text.CAN_ReceiveMsgInverter2
                0x00001e6c       0x10 .\CortexM3\ARM_GCC_493\Debug\VTM17E_Display_7seg_Copy_01.a(CAN_TX_RX_func.o)
                0x00001e6c                CAN_ReceiveMsgInverter2
 .text.CAN_ReceiveMsgVMC30_1
                0x00001e7c       0x10 .\CortexM3\ARM_GCC_493\Debug\VTM17E_Display_7seg_Copy_01.a(CAN_TX_RX_func.o)
                0x00001e7c                CAN_ReceiveMsgVMC30_1
 .text.CAN_ReceiveMsgVMC30_2
                0x00001e8c       0x10 .\CortexM3\ARM_GCC_493\Debug\VTM17E_Display_7seg_Copy_01.a(CAN_TX_RX_func.o)
                0x00001e8c                CAN_ReceiveMsgVMC30_2
 .text.CAN_ReceiveMsgBMS1
                0x00001e9c       0x10 .\CortexM3\ARM_GCC_493\Debug\VTM17E_Display_7seg_Copy_01.a(CAN_TX_RX_func.o)
                0x00001e9c                CAN_ReceiveMsgBMS1
 .text.CAN_ReceiveMsgVMC30_3
                0x00001eac       0x10 .\CortexM3\ARM_GCC_493\Debug\VTM17E_Display_7seg_Copy_01.a(CAN_TX_RX_func.o)
                0x00001eac                CAN_ReceiveMsgVMC30_3
 .text.LED_Driver_Gear_DMA_BC_DmaInitialize
                0x00001ebc       0x3c .\CortexM3\ARM_GCC_493\Debug\VTM17E_Display_7seg_Copy_01.a(LED_Driver_Gear_DMA_BC_dma.o)
                0x00001ebc                LED_Driver_Gear_DMA_BC_DmaInitialize
 .text.Page_Button_Read
                0x00001ef8        0xc .\CortexM3\ARM_GCC_493\Debug\VTM17E_Display_7seg_Copy_01.a(Page_Button.o)
                0x00001ef8                Page_Button_Read
 .text          0x00001f04      0x370 c:/program files (x86)/cypress/psoc creator/3.3/psoc creator/import/gnu/arm/4.9.3/bin/../lib/gcc/arm-none-eabi/4.9.3/armv7-m\libgcc.a(_arm_addsubdf3.o)
                0x00001f04                __aeabi_drsub
                0x00001f0c                __aeabi_dsub
                0x00001f0c                __subdf3
                0x00001f10                __aeabi_dadd
                0x00001f10                __adddf3
                0x00002188                __floatunsidf
                0x00002188                __aeabi_ui2d
                0x000021a8                __floatsidf
                0x000021a8                __aeabi_i2d
                0x000021cc                __aeabi_f2d
                0x000021cc                __extendsfdf2
                0x00002208                __floatundidf
                0x00002208                __aeabi_ul2d
                0x00002218                __floatdidf
                0x00002218                __aeabi_l2d
 .text          0x00002274      0x424 c:/program files (x86)/cypress/psoc creator/3.3/psoc creator/import/gnu/arm/4.9.3/bin/../lib/gcc/arm-none-eabi/4.9.3/armv7-m\libgcc.a(_arm_muldivdf3.o)
                0x00002274                __aeabi_dmul
                0x00002274                __muldf3
                0x000024c8                __divdf3
                0x000024c8                __aeabi_ddiv
 .text          0x00002698      0x110 c:/program files (x86)/cypress/psoc creator/3.3/psoc creator/import/gnu/arm/4.9.3/bin/../lib/gcc/arm-none-eabi/4.9.3/armv7-m\libgcc.a(_arm_cmpdf2.o)
                0x00002698                __gtdf2
                0x00002698                __gedf2
                0x000026a0                __ltdf2
                0x000026a0                __ledf2
                0x000026a8                __nedf2
                0x000026a8                __eqdf2
                0x000026a8                __cmpdf2
                0x00002724                __aeabi_cdrcmple
                0x00002734                __aeabi_cdcmpeq
                0x00002734                __aeabi_cdcmple
                0x00002744                __aeabi_dcmpeq
                0x00002758                __aeabi_dcmplt
                0x0000276c                __aeabi_dcmple
                0x00002780                __aeabi_dcmpge
                0x00002794                __aeabi_dcmpgt
 .text          0x000027a8       0x50 c:/program files (x86)/cypress/psoc creator/3.3/psoc creator/import/gnu/arm/4.9.3/bin/../lib/gcc/arm-none-eabi/4.9.3/armv7-m\libgcc.a(_arm_fixdfsi.o)
                0x000027a8                __aeabi_d2iz
                0x000027a8                __fixdfsi
 .text          0x000027f8       0x40 c:/program files (x86)/cypress/psoc creator/3.3/psoc creator/import/gnu/arm/4.9.3/bin/../lib/gcc/arm-none-eabi/4.9.3/armv7-m\libgcc.a(_arm_fixunsdfsi.o)
                0x000027f8                __aeabi_d2uiz
                0x000027f8                __fixunsdfsi
 .text          0x00002838      0x21c c:/program files (x86)/cypress/psoc creator/3.3/psoc creator/import/gnu/arm/4.9.3/bin/../lib/gcc/arm-none-eabi/4.9.3/armv7-m\libgcc.a(_arm_addsubsf3.o)
                0x00002838                __aeabi_frsub
                0x00002840                __subsf3
                0x00002840                __aeabi_fsub
                0x00002844                __aeabi_fadd
                0x00002844                __addsf3
                0x000029a4                __aeabi_ui2f
                0x000029a4                __floatunsisf
                0x000029ac                __aeabi_i2f
                0x000029ac                __floatsisf
                0x000029c8                __aeabi_ul2f
                0x000029c8                __floatundisf
                0x000029d8                __aeabi_l2f
                0x000029d8                __floatdisf
 .text          0x00002a54      0x2a0 c:/program files (x86)/cypress/psoc creator/3.3/psoc creator/import/gnu/arm/4.9.3/bin/../lib/gcc/arm-none-eabi/4.9.3/armv7-m\libgcc.a(_arm_muldivsf3.o)
                0x00002a54                __mulsf3
                0x00002a54                __aeabi_fmul
                0x00002bbc                __aeabi_fdiv
                0x00002bbc                __divsf3
 .text          0x00002cf4       0xec c:/program files (x86)/cypress/psoc creator/3.3/psoc creator/import/gnu/arm/4.9.3/bin/../lib/gcc/arm-none-eabi/4.9.3/armv7-m\libgcc.a(_arm_cmpsf2.o)
                0x00002cf4                __gesf2
                0x00002cf4                __gtsf2
                0x00002cfc                __lesf2
                0x00002cfc                __ltsf2
                0x00002d04                __nesf2
                0x00002d04                __eqsf2
                0x00002d04                __cmpsf2
                0x00002d64                __aeabi_cfrcmple
                0x00002d6c                __aeabi_cfcmpeq
                0x00002d6c                __aeabi_cfcmple
                0x00002d7c                __aeabi_fcmpeq
                0x00002d90                __aeabi_fcmplt
                0x00002da4                __aeabi_fcmple
                0x00002db8                __aeabi_fcmpge
                0x00002dcc                __aeabi_fcmpgt
 .text.__libc_init_array
                0x00002de0       0x4c c:/program files (x86)/cypress/psoc creator/3.3/psoc creator/import/gnu/arm/4.9.3/bin/../lib/gcc/arm-none-eabi/4.9.3/../../../../arm-none-eabi/lib/armv7-m\libg_nano.a(lib_a-init.o)
                0x00002de0                __libc_init_array
 .text.memcpy   0x00002e2c       0x16 c:/program files (x86)/cypress/psoc creator/3.3/psoc creator/import/gnu/arm/4.9.3/bin/../lib/gcc/arm-none-eabi/4.9.3/../../../../arm-none-eabi/lib/armv7-m\libg_nano.a(lib_a-memcpy.o)
                0x00002e2c                memcpy
 .text.memset   0x00002e42       0x10 c:/program files (x86)/cypress/psoc creator/3.3/psoc creator/import/gnu/arm/4.9.3/bin/../lib/gcc/arm-none-eabi/4.9.3/../../../../arm-none-eabi/lib/armv7-m\libg_nano.a(lib_a-memset.o)
                0x00002e42                memset
 *(.plt)
 *(.gnu.warning)
 *(.glue_7t)
 .glue_7t       0x00000000        0x0 linker stubs
 *(.glue_7)
 .glue_7        0x00000000        0x0 linker stubs
 *(.vfp11_veneer)
 .vfp11_veneer  0x00000000        0x0 linker stubs
 *(.bootloader)
 *(.ARM.extab* .gnu.linkonce.armextab.*)
 *(.gcc_except_table)

.v4_bx          0x00002e54        0x0
 .v4_bx         0x00000000        0x0 linker stubs

.iplt           0x00002e54        0x0
 .iplt          0x00000000        0x0 c:/program files (x86)/cypress/psoc creator/3.3/psoc creator/import/gnu/arm/4.9.3/bin/../lib/gcc/arm-none-eabi/4.9.3/armv7-m/crtbegin.o

.eh_frame_hdr
 *(.eh_frame_hdr)

.eh_frame       0x00002e54        0x4
 *(.eh_frame)
 .eh_frame      0x00002e54        0x0 c:/program files (x86)/cypress/psoc creator/3.3/psoc creator/import/gnu/arm/4.9.3/bin/../lib/gcc/arm-none-eabi/4.9.3/armv7-m/crtbegin.o
 .eh_frame      0x00002e54        0x4 c:/program files (x86)/cypress/psoc creator/3.3/psoc creator/import/gnu/arm/4.9.3/bin/../lib/gcc/arm-none-eabi/4.9.3/armv7-m/crtend.o
                0x00002e58                PROVIDE (__exidx_start, .)

.ARM.exidx
 *(.ARM.exidx* .gnu.linkonce.armexidx.*)
                0x00002e58                __exidx_end = .

.rodata         0x00002e58      0x638
 *(.rodata .rodata.* .gnu.linkonce.r.*)
 .rodata        0x00002e58       0x24 .\CortexM3\ARM_GCC_493\Debug\VTM17E_Display_7seg_Copy_01.a(cyfitter_cfg.o)
 .rodata        0x00002e7c      0x240 .\CortexM3\ARM_GCC_493\Debug\VTM17E_Display_7seg_Copy_01.a(LED_Driver_Gear.o)
 .rodata        0x000030bc      0x240 .\CortexM3\ARM_GCC_493\Debug\VTM17E_Display_7seg_Copy_01.a(LED_Driver_LRBWS.o)
 .rodata        0x000032fc      0x160 .\CortexM3\ARM_GCC_493\Debug\VTM17E_Display_7seg_Copy_01.a(CAN.o)
                0x0000345c                . = ALIGN (0x4)
 *(.init)
 .init          0x0000345c        0x4 c:/program files (x86)/cypress/psoc creator/3.3/psoc creator/import/gnu/arm/4.9.3/bin/../lib/gcc/arm-none-eabi/4.9.3/armv7-m/crti.o
                0x0000345c                _init
 .init          0x00003460        0x8 c:/program files (x86)/cypress/psoc creator/3.3/psoc creator/import/gnu/arm/4.9.3/bin/../lib/gcc/arm-none-eabi/4.9.3/armv7-m/crtn.o
                0x00003468                . = ALIGN (0x4)
                0x00003468                __preinit_array_start = .
 *(.preinit_array)
                0x00003468                __preinit_array_end = .
                0x00003468                . = ALIGN (0x4)
                0x00003468                __init_array_start = .
 *(SORT(.init_array.*))
 *(.init_array)
 .init_array    0x00003468        0x4 c:/program files (x86)/cypress/psoc creator/3.3/psoc creator/import/gnu/arm/4.9.3/bin/../lib/gcc/arm-none-eabi/4.9.3/armv7-m/crtbegin.o
 .init_array    0x0000346c        0x4 .\CortexM3\ARM_GCC_493\Debug\Cm3Start.o
                0x00003470                __init_array_end = .
                0x00003470                . = ALIGN (0x4)
 *(.fini)
 .fini          0x00003470        0x4 c:/program files (x86)/cypress/psoc creator/3.3/psoc creator/import/gnu/arm/4.9.3/bin/../lib/gcc/arm-none-eabi/4.9.3/armv7-m/crti.o
                0x00003470                _fini
 .fini          0x00003474        0x8 c:/program files (x86)/cypress/psoc creator/3.3/psoc creator/import/gnu/arm/4.9.3/bin/../lib/gcc/arm-none-eabi/4.9.3/armv7-m/crtn.o
                0x0000347c                . = ALIGN (0x4)
                0x0000347c                __fini_array_start = .
 *(.fini_array)
 .fini_array    0x0000347c        0x4 c:/program files (x86)/cypress/psoc creator/3.3/psoc creator/import/gnu/arm/4.9.3/bin/../lib/gcc/arm-none-eabi/4.9.3/armv7-m/crtbegin.o
 *(SORT(.fini_array.*))
                0x00003480                __fini_array_end = .
                0x00003480                . = ALIGN (0x4)
 *crtbegin.o(.ctors)
 *(EXCLUDE_FILE(*crtend.o) .ctors)
 *(SORT(.ctors.*))
 *crtend.o(.ctors)
                0x00003480                . = ALIGN (0x4)
 *crtbegin.o(.dtors)
 *(EXCLUDE_FILE(*crtend.o) .dtors)
 *(SORT(.dtors.*))
 *crtend.o(.dtors)
                0x00003480                . = ALIGN (0x4)
                0x00003480                __cy_regions = .
                0x00003480        0x4 LONG 0x3490 __cy_region_init_ram
                0x00003484        0x4 LONG 0x1fff8108 __cy_region_start_data
                0x00003488        0x4 LONG 0x40 __cy_region_init_size_ram
                0x0000348c        0x4 LONG 0x1b8 __cy_region_zero_size_ram
                0x00003490                __cy_regions_end = .
                0x00003490                . = ALIGN (0x8)
                0x00003490                _etext = .

.cy_checksum_exclude
                0x00003490        0x0
 *(.cy_checksum_exclude)

.ramvectors     0x1fff8000      0x100
                0x1fff8000                __cy_region_start_ram = .
 *(.ramvectors)
 .ramvectors    0x1fff8000      0x100 .\CortexM3\ARM_GCC_493\Debug\Cm3Start.o
                0x1fff8000                CyRamVectors

.noinit         0x1fff8100        0x5
 *(.noinit)
 .noinit        0x1fff8100        0x4 .\CortexM3\ARM_GCC_493\Debug\Cm3Start.o
 .noinit        0x1fff8104        0x1 .\CortexM3\ARM_GCC_493\Debug\VTM17E_Display_7seg_Copy_01.a(CyLib.o)
                0x1fff8104                CyResetStatus

.data           0x1fff8108       0x40 load address 0x00003490
                0x1fff8108                __cy_region_start_data = .
 *(.jcr)
 .jcr           0x1fff8108        0x0 c:/program files (x86)/cypress/psoc creator/3.3/psoc creator/import/gnu/arm/4.9.3/bin/../lib/gcc/arm-none-eabi/4.9.3/armv7-m/crtbegin.o
 .jcr           0x1fff8108        0x4 c:/program files (x86)/cypress/psoc creator/3.3/psoc creator/import/gnu/arm/4.9.3/bin/../lib/gcc/arm-none-eabi/4.9.3/armv7-m/crtend.o
 *(.got.plt)
 *(.got)
 *(.shdata)
 *(.data .data.* .gnu.linkonce.d.*)
 .data          0x1fff810c        0x8 .\CortexM3\ARM_GCC_493\Debug\main.o
                0x1fff810c                receiveMailboxNumber
                0x1fff8110                FlashFreq
 .data          0x1fff8114       0x10 .\CortexM3\ARM_GCC_493\Debug\VTM17E_Display_7seg_Copy_01.a(LED_Driver_Gear.o)
 .data          0x1fff8124       0x10 .\CortexM3\ARM_GCC_493\Debug\VTM17E_Display_7seg_Copy_01.a(LED_Driver_LRBWS.o)
 .data          0x1fff8134        0x1 .\CortexM3\ARM_GCC_493\Debug\VTM17E_Display_7seg_Copy_01.a(LED_Driver_Gear_DMA_Com_dma.o)
                0x1fff8134                LED_Driver_Gear_DMA_Com_DmaHandle
 .data          0x1fff8135        0x1 .\CortexM3\ARM_GCC_493\Debug\VTM17E_Display_7seg_Copy_01.a(LED_Driver_Gear_DMA_Seg_dma.o)
                0x1fff8135                LED_Driver_Gear_DMA_Seg_DmaHandle
 .data          0x1fff8136        0x1 .\CortexM3\ARM_GCC_493\Debug\VTM17E_Display_7seg_Copy_01.a(LED_Driver_LRBWS_DMA_Com_dma.o)
                0x1fff8136                LED_Driver_LRBWS_DMA_Com_DmaHandle
 .data          0x1fff8137        0x1 .\CortexM3\ARM_GCC_493\Debug\VTM17E_Display_7seg_Copy_01.a(LED_Driver_LRBWS_DMA_Seg_dma.o)
                0x1fff8137                LED_Driver_LRBWS_DMA_Seg_DmaHandle
 .data          0x1fff8138        0x8 .\CortexM3\ARM_GCC_493\Debug\VTM17E_Display_7seg_Copy_01.a(CyDmac.o)
 .data          0x1fff8140        0x1 .\CortexM3\ARM_GCC_493\Debug\VTM17E_Display_7seg_Copy_01.a(LED_Driver_LRBWS_DMA_BC_dma.o)
                0x1fff8140                LED_Driver_LRBWS_DMA_BC_DmaHandle
 .data          0x1fff8141        0x1 .\CortexM3\ARM_GCC_493\Debug\VTM17E_Display_7seg_Copy_01.a(LED_Driver_Gear_DMA_BC_dma.o)
                0x1fff8141                LED_Driver_Gear_DMA_BC_DmaHandle
                0x1fff8148                . = ALIGN (0x8)
 *fill*         0x1fff8142        0x6 
 *(.ram)
                0x1fff8148                _edata = .

.igot.plt       0x1fff8148        0x0 load address 0x000034d0
 .igot.plt      0x00000000        0x0 c:/program files (x86)/cypress/psoc creator/3.3/psoc creator/import/gnu/arm/4.9.3/bin/../lib/gcc/arm-none-eabi/4.9.3/armv7-m/crtbegin.o

.bss            0x1fff8148      0x1b8 load address 0x000034d0
                0x1fff8148                PROVIDE (__bss_start__, .)
 *(.shbss)
 *(.bss .bss.* .gnu.linkonce.b.*)
 .bss           0x1fff8148       0x1c c:/program files (x86)/cypress/psoc creator/3.3/psoc creator/import/gnu/arm/4.9.3/bin/../lib/gcc/arm-none-eabi/4.9.3/armv7-m/crtbegin.o
 .bss           0x1fff8164       0x28 .\CortexM3\ARM_GCC_493\Debug\main.o
                0x1fff8164                RXFlag0
                0x1fff8168                RXFlag1
                0x1fff816c                RXFlag2
                0x1fff8170                RXFlag3
                0x1fff8174                RXFlag4
                0x1fff8178                RXFlag5
                0x1fff817c                OffsetFlash
                0x1fff8180                FlashCounter
                0x1fff8184                DispUpdate
                0x1fff8188                RXDLC
 .bss           0x1fff818c       0x10 .\CortexM3\ARM_GCC_493\Debug\VTM17E_Display_7seg_Copy_01.a(LED_Driver_Gear.o)
                0x1fff8199                LED_Driver_Gear_enableVar
                0x1fff819b                LED_Driver_Gear_initVar
 .bss           0x1fff819c       0x30 .\CortexM3\ARM_GCC_493\Debug\VTM17E_Display_7seg_Copy_01.a(LED_Driver_LRBWS.o)
                0x1fff81c9                LED_Driver_LRBWS_enableVar
                0x1fff81cb                LED_Driver_LRBWS_initVar
 .bss           0x1fff81cc        0x1 .\CortexM3\ARM_GCC_493\Debug\VTM17E_Display_7seg_Copy_01.a(CAN.o)
                0x1fff81cc                CAN_initVar
 *(COMMON)
 *fill*         0x1fff81cd        0x3 
 COMMON         0x1fff81d0      0x10d .\CortexM3\ARM_GCC_493\Debug\main.o
                0x1fff81d0                RXMessage3
                0x1fff81f0                oilTemp
                0x1fff81f2                map
                0x1fff81f4                op
                0x1fff81f6                bp
                0x1fff81f8                fp
                0x1fff81fa                ntrl
                0x1fff81fc                at
                0x1fff81fe                bpf1
                0x1fff8200                launch
                0x1fff8202                rgSpd
                0x1fff8204                messagePWM
                0x1fff8210                RXMessage2
                0x1fff8230                state
                0x1fff8232                fuel
                0x1fff8234                egt1
                0x1fff8238                batV
                0x1fff8240                RXMessage4
                0x1fff8260                rpm
                0x1fff8264                RXMessage0
                0x1fff8284                dataPWM
                0x1fff828c                runTime
                0x1fff828e                ldSpd
                0x1fff8290                la1
                0x1fff8292                et
                0x1fff8294                rdSpd
                0x1fff8296                tp
                0x1fff8298                lgSpd
                0x1fff829c                RXMessage5
                0x1fff82bc                RXMessage1
                0x1fff82dc                PrevState
 *fill*         0x1fff82dd        0x3 
 COMMON         0x1fff82e0        0x1 .\CortexM3\ARM_GCC_493\Debug\VTM17E_Display_7seg_Copy_01.a(LED_Driver_Gear.o)
                0x1fff82e0                LED_Driver_Gear_segLBuffer
 *fill*         0x1fff82e1        0x3 
 COMMON         0x1fff82e4       0x15 .\CortexM3\ARM_GCC_493\Debug\VTM17E_Display_7seg_Copy_01.a(LED_Driver_LRBWS.o)
                0x1fff82e4                LED_Driver_LRBWS_segLBuffer
                0x1fff82ec                LED_Driver_LRBWS_segHBuffer
                0x1fff82f4                LED_Driver_LRBWS_segMBuffer
                0x1fff8300                . = ALIGN (0x8)
 *fill*         0x1fff82f9        0x7 
 *(.ram.b)
                0x1fff8300                _end = .
                0x1fff8300                __end = .
                0x1fff8300                PROVIDE (end, .)
                0x1fff8300                PROVIDE (__bss_end__, .)
                0x00003490                __cy_region_init_ram = LOADADDR (.data)
                0x00000040                __cy_region_init_size_ram = (_edata - ADDR (.data))
                0x000001b8                __cy_region_zero_size_ram = (_end - _edata)

.heap           0x1fff8300       0x80 load address 0x000034d0
                0x1fff8300                . = _end
                0x1fff8380                . = (. + 0x80)
 *fill*         0x1fff8300       0x80 
                0x1fff8380                __cy_heap_limit = .

.stack          0x20007800      0x800
                0x20007800                __cy_stack_limit = .
                0x20008000                . = (. + 0x800)
 *fill*         0x20007800      0x800 
                0x00000001                ASSERT ((__cy_stack_limit >= __cy_heap_limit), region RAM overflowed with stack)
                0x00000000                cy_checksum_exclude_size = (CY_APPL_LOADABLE == 0x1)?SIZEOF (.cy_checksum_exclude):0x0
                0x00000001                ASSERT ((cy_checksum_exclude_size <= CY_CHECKSUM_EXCLUDE_SIZE), CY_BOOT: Section .cy_checksum_exclude size exceedes specified limit.)

.cyloadermeta
 *(.cyloadermeta)

.cyloadablemeta
 *(.cyloadablemeta)

.cyconfigecc    0x80000000      0x4e4
 *(.cyconfigecc)
 .cyconfigecc   0x80000000      0x4e4 .\CortexM3\ARM_GCC_493\Debug\cymetadata.o
                0x80000000                cy_meta_configecc

.cycustnvl      0x90000000        0x4
 *(.cycustnvl)
 .cycustnvl     0x90000000        0x4 .\CortexM3\ARM_GCC_493\Debug\cymetadata.o
                0x90000000                cy_meta_custnvl

.cywolatch      0x90100000        0x4
 *(.cywolatch)
 .cywolatch     0x90100000        0x4 .\CortexM3\ARM_GCC_493\Debug\cymetadata.o
                0x90100000                cy_meta_wonvl

.cyeeprom       0x90200000        0x0
 *(.cyeeprom)
                0x00000001                ASSERT ((. <= ((0x90200000 + ee_offset) + ee_size)), .cyeeprom data will not fit in EEPROM)

.cyflashprotect
                0x90400000      0x100
 *(.cyflashprotect)
 .cyflashprotect
                0x90400000      0x100 .\CortexM3\ARM_GCC_493\Debug\cymetadata.o
                0x90400000                cy_meta_flashprotect

.cymeta         0x90500000        0xc
 *(.cymeta)
 .cymeta        0x90500000        0xc .\CortexM3\ARM_GCC_493\Debug\cymetadata.o
                0x90500000                cy_metadata

.rel.dyn        0x000034d0        0x0 load address 0x9050000c
 .rel.iplt      0x00000000        0x0 c:/program files (x86)/cypress/psoc creator/3.3/psoc creator/import/gnu/arm/4.9.3/bin/../lib/gcc/arm-none-eabi/4.9.3/armv7-m/crtbegin.o

.stab
 *(.stab)

.stabstr
 *(.stabstr)

.debug
 *(.debug)

.line
 *(.line)

.debug_srcinfo
 *(.debug_srcinfo)

.debug_sfnames
 *(.debug_sfnames)

.debug_aranges  0x00000000      0xbf8
 *(.debug_aranges)
 .debug_aranges
                0x00000000       0x20 .\CortexM3\ARM_GCC_493\Debug\main.o
 .debug_aranges
                0x00000020       0x58 .\CortexM3\ARM_GCC_493\Debug\Dash_Funcs.o
 .debug_aranges
                0x00000078       0x18 .\CortexM3\ARM_GCC_493\Debug\cymetadata.o
 .debug_aranges
                0x00000090       0x48 .\CortexM3\ARM_GCC_493\Debug\Cm3Start.o
 .debug_aranges
                0x000000d8       0x58 .\CortexM3\ARM_GCC_493\Debug\VTM17E_Display_7seg_Copy_01.a(cyfitter_cfg.o)
 .debug_aranges
                0x00000130      0x168 .\CortexM3\ARM_GCC_493\Debug\VTM17E_Display_7seg_Copy_01.a(LED_Driver_Gear.o)
 .debug_aranges
                0x00000298      0x168 .\CortexM3\ARM_GCC_493\Debug\VTM17E_Display_7seg_Copy_01.a(LED_Driver_LRBWS.o)
 .debug_aranges
                0x00000400       0x28 .\CortexM3\ARM_GCC_493\Debug\VTM17E_Display_7seg_Copy_01.a(LED_Driver_Gear_Com_Driver.o)
 .debug_aranges
                0x00000428       0x28 .\CortexM3\ARM_GCC_493\Debug\VTM17E_Display_7seg_Copy_01.a(LED_Driver_Gear_DMA_Com_dma.o)
 .debug_aranges
                0x00000450       0x28 .\CortexM3\ARM_GCC_493\Debug\VTM17E_Display_7seg_Copy_01.a(LED_Driver_Gear_DMA_Seg_dma.o)
 .debug_aranges
                0x00000478       0x28 .\CortexM3\ARM_GCC_493\Debug\VTM17E_Display_7seg_Copy_01.a(LED_Driver_LRBWS_Com_Driver.o)
 .debug_aranges
                0x000004a0       0x28 .\CortexM3\ARM_GCC_493\Debug\VTM17E_Display_7seg_Copy_01.a(LED_Driver_LRBWS_DMA_Com_dma.o)
 .debug_aranges
                0x000004c8       0x28 .\CortexM3\ARM_GCC_493\Debug\VTM17E_Display_7seg_Copy_01.a(LED_Driver_LRBWS_DMA_Seg_dma.o)
 .debug_aranges
                0x000004f0       0x20 .\CortexM3\ARM_GCC_493\Debug\VTM17E_Display_7seg_Copy_01.a(CyBootAsmGnu.o)
 .debug_aranges
                0x00000510       0xd8 .\CortexM3\ARM_GCC_493\Debug\VTM17E_Display_7seg_Copy_01.a(CyDmac.o)
 .debug_aranges
                0x000005e8      0x298 .\CortexM3\ARM_GCC_493\Debug\VTM17E_Display_7seg_Copy_01.a(CyLib.o)
 .debug_aranges
                0x00000880       0x98 .\CortexM3\ARM_GCC_493\Debug\VTM17E_Display_7seg_Copy_01.a(cyPm.o)
 .debug_aranges
                0x00000918       0x28 .\CortexM3\ARM_GCC_493\Debug\VTM17E_Display_7seg_Copy_01.a(LED_Driver_LRBWS_DMA_BC_dma.o)
 .debug_aranges
                0x00000940       0xc8 .\CortexM3\ARM_GCC_493\Debug\VTM17E_Display_7seg_Copy_01.a(CAN.o)
 .debug_aranges
                0x00000a08       0x30 .\CortexM3\ARM_GCC_493\Debug\VTM17E_Display_7seg_Copy_01.a(CAN_INT.o)
 .debug_aranges
                0x00000a38       0x60 .\CortexM3\ARM_GCC_493\Debug\VTM17E_Display_7seg_Copy_01.a(CAN_TX_RX_func.o)
 .debug_aranges
                0x00000a98       0x28 .\CortexM3\ARM_GCC_493\Debug\VTM17E_Display_7seg_Copy_01.a(LED_Driver_Gear_DMA_BC_dma.o)
 .debug_aranges
                0x00000ac0       0x40 .\CortexM3\ARM_GCC_493\Debug\VTM17E_Display_7seg_Copy_01.a(Page_Button.o)
 .debug_aranges
                0x00000b00       0x80 .\CortexM3\ARM_GCC_493\Debug\VTM17E_Display_7seg_Copy_01.a(CyFlash.o)
 .debug_aranges
                0x00000b80       0x78 .\CortexM3\ARM_GCC_493\Debug\VTM17E_Display_7seg_Copy_01.a(CySpc.o)

.debug_pubnames
 *(.debug_pubnames)

.debug_info     0x00000000     0xa0c9
 *(.debug_info .gnu.linkonce.wi.*)
 .debug_info    0x00000000      0x6bf .\CortexM3\ARM_GCC_493\Debug\main.o
 .debug_info    0x000006bf      0xdac .\CortexM3\ARM_GCC_493\Debug\Dash_Funcs.o
 .debug_info    0x0000146b      0x13c .\CortexM3\ARM_GCC_493\Debug\cymetadata.o
 .debug_info    0x000015a7      0x3af .\CortexM3\ARM_GCC_493\Debug\Cm3Start.o
 .debug_info    0x00001956      0x5fc .\CortexM3\ARM_GCC_493\Debug\VTM17E_Display_7seg_Copy_01.a(cyfitter_cfg.o)
 .debug_info    0x00001f52     0x1752 .\CortexM3\ARM_GCC_493\Debug\VTM17E_Display_7seg_Copy_01.a(LED_Driver_Gear.o)
 .debug_info    0x000036a4     0x18be .\CortexM3\ARM_GCC_493\Debug\VTM17E_Display_7seg_Copy_01.a(LED_Driver_LRBWS.o)
 .debug_info    0x00004f62       0xd6 .\CortexM3\ARM_GCC_493\Debug\VTM17E_Display_7seg_Copy_01.a(LED_Driver_Gear_Com_Driver.o)
 .debug_info    0x00005038      0x1fd .\CortexM3\ARM_GCC_493\Debug\VTM17E_Display_7seg_Copy_01.a(LED_Driver_Gear_DMA_Com_dma.o)
 .debug_info    0x00005235      0x1fa .\CortexM3\ARM_GCC_493\Debug\VTM17E_Display_7seg_Copy_01.a(LED_Driver_Gear_DMA_Seg_dma.o)
 .debug_info    0x0000542f       0xd6 .\CortexM3\ARM_GCC_493\Debug\VTM17E_Display_7seg_Copy_01.a(LED_Driver_LRBWS_Com_Driver.o)
 .debug_info    0x00005505      0x1fd .\CortexM3\ARM_GCC_493\Debug\VTM17E_Display_7seg_Copy_01.a(LED_Driver_LRBWS_DMA_Com_dma.o)
 .debug_info    0x00005702      0x1fd .\CortexM3\ARM_GCC_493\Debug\VTM17E_Display_7seg_Copy_01.a(LED_Driver_LRBWS_DMA_Seg_dma.o)
 .debug_info    0x000058ff       0xc5 .\CortexM3\ARM_GCC_493\Debug\VTM17E_Display_7seg_Copy_01.a(CyBootAsmGnu.o)
 .debug_info    0x000059c4      0x944 .\CortexM3\ARM_GCC_493\Debug\VTM17E_Display_7seg_Copy_01.a(CyDmac.o)
 .debug_info    0x00006308     0x136f .\CortexM3\ARM_GCC_493\Debug\VTM17E_Display_7seg_Copy_01.a(CyLib.o)
 .debug_info    0x00007677      0xa57 .\CortexM3\ARM_GCC_493\Debug\VTM17E_Display_7seg_Copy_01.a(cyPm.o)
 .debug_info    0x000080ce      0x1fd .\CortexM3\ARM_GCC_493\Debug\VTM17E_Display_7seg_Copy_01.a(LED_Driver_LRBWS_DMA_BC_dma.o)
 .debug_info    0x000082cb      0x923 .\CortexM3\ARM_GCC_493\Debug\VTM17E_Display_7seg_Copy_01.a(CAN.o)
 .debug_info    0x00008bee      0x2b7 .\CortexM3\ARM_GCC_493\Debug\VTM17E_Display_7seg_Copy_01.a(CAN_INT.o)
 .debug_info    0x00008ea5      0x3bb .\CortexM3\ARM_GCC_493\Debug\VTM17E_Display_7seg_Copy_01.a(CAN_TX_RX_func.o)
 .debug_info    0x00009260      0x1fd .\CortexM3\ARM_GCC_493\Debug\VTM17E_Display_7seg_Copy_01.a(LED_Driver_Gear_DMA_BC_dma.o)
 .debug_info    0x0000945d      0x17a .\CortexM3\ARM_GCC_493\Debug\VTM17E_Display_7seg_Copy_01.a(Page_Button.o)
 .debug_info    0x000095d7      0x608 .\CortexM3\ARM_GCC_493\Debug\VTM17E_Display_7seg_Copy_01.a(CyFlash.o)
 .debug_info    0x00009bdf      0x4ea .\CortexM3\ARM_GCC_493\Debug\VTM17E_Display_7seg_Copy_01.a(CySpc.o)

.debug_abbrev   0x00000000     0x224f
 *(.debug_abbrev)
 .debug_abbrev  0x00000000      0x1ce .\CortexM3\ARM_GCC_493\Debug\main.o
 .debug_abbrev  0x000001ce      0x249 .\CortexM3\ARM_GCC_493\Debug\Dash_Funcs.o
 .debug_abbrev  0x00000417       0x77 .\CortexM3\ARM_GCC_493\Debug\cymetadata.o
 .debug_abbrev  0x0000048e      0x200 .\CortexM3\ARM_GCC_493\Debug\Cm3Start.o
 .debug_abbrev  0x0000068e      0x203 .\CortexM3\ARM_GCC_493\Debug\VTM17E_Display_7seg_Copy_01.a(cyfitter_cfg.o)
 .debug_abbrev  0x00000891      0x21c .\CortexM3\ARM_GCC_493\Debug\VTM17E_Display_7seg_Copy_01.a(LED_Driver_Gear.o)
 .debug_abbrev  0x00000aad      0x21c .\CortexM3\ARM_GCC_493\Debug\VTM17E_Display_7seg_Copy_01.a(LED_Driver_LRBWS.o)
 .debug_abbrev  0x00000cc9       0x81 .\CortexM3\ARM_GCC_493\Debug\VTM17E_Display_7seg_Copy_01.a(LED_Driver_Gear_Com_Driver.o)
 .debug_abbrev  0x00000d4a       0xeb .\CortexM3\ARM_GCC_493\Debug\VTM17E_Display_7seg_Copy_01.a(LED_Driver_Gear_DMA_Com_dma.o)
 .debug_abbrev  0x00000e35       0xeb .\CortexM3\ARM_GCC_493\Debug\VTM17E_Display_7seg_Copy_01.a(LED_Driver_Gear_DMA_Seg_dma.o)
 .debug_abbrev  0x00000f20       0x81 .\CortexM3\ARM_GCC_493\Debug\VTM17E_Display_7seg_Copy_01.a(LED_Driver_LRBWS_Com_Driver.o)
 .debug_abbrev  0x00000fa1       0xeb .\CortexM3\ARM_GCC_493\Debug\VTM17E_Display_7seg_Copy_01.a(LED_Driver_LRBWS_DMA_Com_dma.o)
 .debug_abbrev  0x0000108c       0xeb .\CortexM3\ARM_GCC_493\Debug\VTM17E_Display_7seg_Copy_01.a(LED_Driver_LRBWS_DMA_Seg_dma.o)
 .debug_abbrev  0x00001177       0x14 .\CortexM3\ARM_GCC_493\Debug\VTM17E_Display_7seg_Copy_01.a(CyBootAsmGnu.o)
 .debug_abbrev  0x0000118b      0x1cc .\CortexM3\ARM_GCC_493\Debug\VTM17E_Display_7seg_Copy_01.a(CyDmac.o)
 .debug_abbrev  0x00001357      0x296 .\CortexM3\ARM_GCC_493\Debug\VTM17E_Display_7seg_Copy_01.a(CyLib.o)
 .debug_abbrev  0x000015ed      0x1ed .\CortexM3\ARM_GCC_493\Debug\VTM17E_Display_7seg_Copy_01.a(cyPm.o)
 .debug_abbrev  0x000017da       0xeb .\CortexM3\ARM_GCC_493\Debug\VTM17E_Display_7seg_Copy_01.a(LED_Driver_LRBWS_DMA_BC_dma.o)
 .debug_abbrev  0x000018c5      0x1de .\CortexM3\ARM_GCC_493\Debug\VTM17E_Display_7seg_Copy_01.a(CAN.o)
 .debug_abbrev  0x00001aa3      0x100 .\CortexM3\ARM_GCC_493\Debug\VTM17E_Display_7seg_Copy_01.a(CAN_INT.o)
 .debug_abbrev  0x00001ba3      0x14d .\CortexM3\ARM_GCC_493\Debug\VTM17E_Display_7seg_Copy_01.a(CAN_TX_RX_func.o)
 .debug_abbrev  0x00001cf0       0xeb .\CortexM3\ARM_GCC_493\Debug\VTM17E_Display_7seg_Copy_01.a(LED_Driver_Gear_DMA_BC_dma.o)
 .debug_abbrev  0x00001ddb       0xc6 .\CortexM3\ARM_GCC_493\Debug\VTM17E_Display_7seg_Copy_01.a(Page_Button.o)
 .debug_abbrev  0x00001ea1      0x1ed .\CortexM3\ARM_GCC_493\Debug\VTM17E_Display_7seg_Copy_01.a(CyFlash.o)
 .debug_abbrev  0x0000208e      0x1c1 .\CortexM3\ARM_GCC_493\Debug\VTM17E_Display_7seg_Copy_01.a(CySpc.o)

.debug_line     0x00000000     0x3c53
 *(.debug_line)
 .debug_line    0x00000000      0x28c .\CortexM3\ARM_GCC_493\Debug\main.o
 .debug_line    0x0000028c      0x3b9 .\CortexM3\ARM_GCC_493\Debug\Dash_Funcs.o
 .debug_line    0x00000645       0x53 .\CortexM3\ARM_GCC_493\Debug\cymetadata.o
 .debug_line    0x00000698      0x254 .\CortexM3\ARM_GCC_493\Debug\Cm3Start.o
 .debug_line    0x000008ec      0x1eb .\CortexM3\ARM_GCC_493\Debug\VTM17E_Display_7seg_Copy_01.a(cyfitter_cfg.o)
 .debug_line    0x00000ad7      0x8e2 .\CortexM3\ARM_GCC_493\Debug\VTM17E_Display_7seg_Copy_01.a(LED_Driver_Gear.o)
 .debug_line    0x000013b9      0x9c6 .\CortexM3\ARM_GCC_493\Debug\VTM17E_Display_7seg_Copy_01.a(LED_Driver_LRBWS.o)
 .debug_line    0x00001d7f       0x84 .\CortexM3\ARM_GCC_493\Debug\VTM17E_Display_7seg_Copy_01.a(LED_Driver_Gear_Com_Driver.o)
 .debug_line    0x00001e03       0xad .\CortexM3\ARM_GCC_493\Debug\VTM17E_Display_7seg_Copy_01.a(LED_Driver_Gear_DMA_Com_dma.o)
 .debug_line    0x00001eb0       0xad .\CortexM3\ARM_GCC_493\Debug\VTM17E_Display_7seg_Copy_01.a(LED_Driver_Gear_DMA_Seg_dma.o)
 .debug_line    0x00001f5d       0x85 .\CortexM3\ARM_GCC_493\Debug\VTM17E_Display_7seg_Copy_01.a(LED_Driver_LRBWS_Com_Driver.o)
 .debug_line    0x00001fe2       0xae .\CortexM3\ARM_GCC_493\Debug\VTM17E_Display_7seg_Copy_01.a(LED_Driver_LRBWS_DMA_Com_dma.o)
 .debug_line    0x00002090       0xae .\CortexM3\ARM_GCC_493\Debug\VTM17E_Display_7seg_Copy_01.a(LED_Driver_LRBWS_DMA_Seg_dma.o)
 .debug_line    0x0000213e       0x68 .\CortexM3\ARM_GCC_493\Debug\VTM17E_Display_7seg_Copy_01.a(CyBootAsmGnu.o)
 .debug_line    0x000021a6      0x2e5 .\CortexM3\ARM_GCC_493\Debug\VTM17E_Display_7seg_Copy_01.a(CyDmac.o)
 .debug_line    0x0000248b      0x806 .\CortexM3\ARM_GCC_493\Debug\VTM17E_Display_7seg_Copy_01.a(CyLib.o)
 .debug_line    0x00002c91      0x366 .\CortexM3\ARM_GCC_493\Debug\VTM17E_Display_7seg_Copy_01.a(cyPm.o)
 .debug_line    0x00002ff7       0xad .\CortexM3\ARM_GCC_493\Debug\VTM17E_Display_7seg_Copy_01.a(LED_Driver_LRBWS_DMA_BC_dma.o)
 .debug_line    0x000030a4      0x380 .\CortexM3\ARM_GCC_493\Debug\VTM17E_Display_7seg_Copy_01.a(CAN.o)
 .debug_line    0x00003424       0xc3 .\CortexM3\ARM_GCC_493\Debug\VTM17E_Display_7seg_Copy_01.a(CAN_INT.o)
 .debug_line    0x000034e7      0x1dd .\CortexM3\ARM_GCC_493\Debug\VTM17E_Display_7seg_Copy_01.a(CAN_TX_RX_func.o)
 .debug_line    0x000036c4       0xac .\CortexM3\ARM_GCC_493\Debug\VTM17E_Display_7seg_Copy_01.a(LED_Driver_Gear_DMA_BC_dma.o)
 .debug_line    0x00003770       0xb9 .\CortexM3\ARM_GCC_493\Debug\VTM17E_Display_7seg_Copy_01.a(Page_Button.o)
 .debug_line    0x00003829      0x1ec .\CortexM3\ARM_GCC_493\Debug\VTM17E_Display_7seg_Copy_01.a(CyFlash.o)
 .debug_line    0x00003a15      0x23e .\CortexM3\ARM_GCC_493\Debug\VTM17E_Display_7seg_Copy_01.a(CySpc.o)

.debug_frame    0x00000000     0x20ac
 *(.debug_frame)
 .debug_frame   0x00000000       0x38 .\CortexM3\ARM_GCC_493\Debug\main.o
 .debug_frame   0x00000038      0x100 .\CortexM3\ARM_GCC_493\Debug\Dash_Funcs.o
 .debug_frame   0x00000138       0xac .\CortexM3\ARM_GCC_493\Debug\Cm3Start.o
 .debug_frame   0x000001e4       0xe4 .\CortexM3\ARM_GCC_493\Debug\VTM17E_Display_7seg_Copy_01.a(cyfitter_cfg.o)
 .debug_frame   0x000002c8      0x4bc .\CortexM3\ARM_GCC_493\Debug\VTM17E_Display_7seg_Copy_01.a(LED_Driver_Gear.o)
 .debug_frame   0x00000784      0x4ac .\CortexM3\ARM_GCC_493\Debug\VTM17E_Display_7seg_Copy_01.a(LED_Driver_LRBWS.o)
 .debug_frame   0x00000c30       0x30 .\CortexM3\ARM_GCC_493\Debug\VTM17E_Display_7seg_Copy_01.a(LED_Driver_Gear_Com_Driver.o)
 .debug_frame   0x00000c60       0x54 .\CortexM3\ARM_GCC_493\Debug\VTM17E_Display_7seg_Copy_01.a(LED_Driver_Gear_DMA_Com_dma.o)
 .debug_frame   0x00000cb4       0x54 .\CortexM3\ARM_GCC_493\Debug\VTM17E_Display_7seg_Copy_01.a(LED_Driver_Gear_DMA_Seg_dma.o)
 .debug_frame   0x00000d08       0x30 .\CortexM3\ARM_GCC_493\Debug\VTM17E_Display_7seg_Copy_01.a(LED_Driver_LRBWS_Com_Driver.o)
 .debug_frame   0x00000d38       0x54 .\CortexM3\ARM_GCC_493\Debug\VTM17E_Display_7seg_Copy_01.a(LED_Driver_LRBWS_DMA_Com_dma.o)
 .debug_frame   0x00000d8c       0x54 .\CortexM3\ARM_GCC_493\Debug\VTM17E_Display_7seg_Copy_01.a(LED_Driver_LRBWS_DMA_Seg_dma.o)
 .debug_frame   0x00000de0      0x1f4 .\CortexM3\ARM_GCC_493\Debug\VTM17E_Display_7seg_Copy_01.a(CyDmac.o)
 .debug_frame   0x00000fd4      0x728 .\CortexM3\ARM_GCC_493\Debug\VTM17E_Display_7seg_Copy_01.a(CyLib.o)
 .debug_frame   0x000016fc      0x1f8 .\CortexM3\ARM_GCC_493\Debug\VTM17E_Display_7seg_Copy_01.a(cyPm.o)
 .debug_frame   0x000018f4       0x54 .\CortexM3\ARM_GCC_493\Debug\VTM17E_Display_7seg_Copy_01.a(LED_Driver_LRBWS_DMA_BC_dma.o)
 .debug_frame   0x00001948      0x1cc .\CortexM3\ARM_GCC_493\Debug\VTM17E_Display_7seg_Copy_01.a(CAN.o)
 .debug_frame   0x00001b14       0x68 .\CortexM3\ARM_GCC_493\Debug\VTM17E_Display_7seg_Copy_01.a(CAN_INT.o)
 .debug_frame   0x00001b7c       0xb4 .\CortexM3\ARM_GCC_493\Debug\VTM17E_Display_7seg_Copy_01.a(CAN_TX_RX_func.o)
 .debug_frame   0x00001c30       0x54 .\CortexM3\ARM_GCC_493\Debug\VTM17E_Display_7seg_Copy_01.a(LED_Driver_Gear_DMA_BC_dma.o)
 .debug_frame   0x00001c84       0x78 .\CortexM3\ARM_GCC_493\Debug\VTM17E_Display_7seg_Copy_01.a(Page_Button.o)
 .debug_frame   0x00001cfc      0x174 .\CortexM3\ARM_GCC_493\Debug\VTM17E_Display_7seg_Copy_01.a(CyFlash.o)
 .debug_frame   0x00001e70      0x160 .\CortexM3\ARM_GCC_493\Debug\VTM17E_Display_7seg_Copy_01.a(CySpc.o)
 .debug_frame   0x00001fd0       0x20 c:/program files (x86)/cypress/psoc creator/3.3/psoc creator/import/gnu/arm/4.9.3/bin/../lib/gcc/arm-none-eabi/4.9.3/../../../../arm-none-eabi/lib/armv7-m\libg_nano.a(lib_a-errno.o)
 .debug_frame   0x00001ff0       0x28 c:/program files (x86)/cypress/psoc creator/3.3/psoc creator/import/gnu/arm/4.9.3/bin/../lib/gcc/arm-none-eabi/4.9.3/../../../../arm-none-eabi/lib/armv7-m\libg_nano.a(lib_a-exit.o)
 .debug_frame   0x00002018       0x2c c:/program files (x86)/cypress/psoc creator/3.3/psoc creator/import/gnu/arm/4.9.3/bin/../lib/gcc/arm-none-eabi/4.9.3/../../../../arm-none-eabi/lib/armv7-m\libg_nano.a(lib_a-init.o)
 .debug_frame   0x00002044       0x28 c:/program files (x86)/cypress/psoc creator/3.3/psoc creator/import/gnu/arm/4.9.3/bin/../lib/gcc/arm-none-eabi/4.9.3/../../../../arm-none-eabi/lib/armv7-m\libg_nano.a(lib_a-memcpy.o)
 .debug_frame   0x0000206c       0x20 c:/program files (x86)/cypress/psoc creator/3.3/psoc creator/import/gnu/arm/4.9.3/bin/../lib/gcc/arm-none-eabi/4.9.3/../../../../arm-none-eabi/lib/armv7-m\libg_nano.a(lib_a-memset.o)
 .debug_frame   0x0000208c       0x20 c:/program files (x86)/cypress/psoc creator/3.3/psoc creator/import/gnu/arm/4.9.3/bin/../lib/gcc/arm-none-eabi/4.9.3/../../../../arm-none-eabi/lib/armv7-m\libg_nano.a(lib_a-strlen.o)

.debug_str      0x00000000     0x345e
 *(.debug_str)
 .debug_str     0x00000000      0x40a .\CortexM3\ARM_GCC_493\Debug\main.o
                                0x45b (size before relaxing)
 .debug_str     0x0000040a      0x206 .\CortexM3\ARM_GCC_493\Debug\Dash_Funcs.o
                                0x541 (size before relaxing)
 .debug_str     0x00000610       0x77 .\CortexM3\ARM_GCC_493\Debug\cymetadata.o
                                0x21f (size before relaxing)
 .debug_str     0x00000687      0x16f .\CortexM3\ARM_GCC_493\Debug\Cm3Start.o
                                0x343 (size before relaxing)
 .debug_str     0x000007f6      0x15d .\CortexM3\ARM_GCC_493\Debug\VTM17E_Display_7seg_Copy_01.a(cyfitter_cfg.o)
                                0x338 (size before relaxing)
 .debug_str     0x00000953      0x9e7 .\CortexM3\ARM_GCC_493\Debug\VTM17E_Display_7seg_Copy_01.a(LED_Driver_Gear.o)
                                0xc0b (size before relaxing)
 .debug_str     0x0000133a      0x851 .\CortexM3\ARM_GCC_493\Debug\VTM17E_Display_7seg_Copy_01.a(LED_Driver_LRBWS.o)
                                0xcbf (size before relaxing)
 .debug_str     0x00001b8b       0x5e .\CortexM3\ARM_GCC_493\Debug\VTM17E_Display_7seg_Copy_01.a(LED_Driver_Gear_Com_Driver.o)
                                0x223 (size before relaxing)
 .debug_str     0x00001be9       0xf9 .\CortexM3\ARM_GCC_493\Debug\VTM17E_Display_7seg_Copy_01.a(LED_Driver_Gear_DMA_Com_dma.o)
                                0x2e6 (size before relaxing)
 .debug_str     0x00001ce2       0x7c .\CortexM3\ARM_GCC_493\Debug\VTM17E_Display_7seg_Copy_01.a(LED_Driver_Gear_DMA_Seg_dma.o)
                                0x2e6 (size before relaxing)
 .debug_str     0x00001d5e       0x58 .\CortexM3\ARM_GCC_493\Debug\VTM17E_Display_7seg_Copy_01.a(LED_Driver_LRBWS_Com_Driver.o)
                                0x226 (size before relaxing)
 .debug_str     0x00001db6       0x7f .\CortexM3\ARM_GCC_493\Debug\VTM17E_Display_7seg_Copy_01.a(LED_Driver_LRBWS_DMA_Com_dma.o)
                                0x2ea (size before relaxing)
 .debug_str     0x00001e35       0x7f .\CortexM3\ARM_GCC_493\Debug\VTM17E_Display_7seg_Copy_01.a(LED_Driver_LRBWS_DMA_Seg_dma.o)
                                0x2ea (size before relaxing)
 .debug_str     0x00001eb4      0x280 .\CortexM3\ARM_GCC_493\Debug\VTM17E_Display_7seg_Copy_01.a(CyDmac.o)
                                0x573 (size before relaxing)
 .debug_str     0x00002134      0x7d7 .\CortexM3\ARM_GCC_493\Debug\VTM17E_Display_7seg_Copy_01.a(CyLib.o)
                                0xa58 (size before relaxing)
 .debug_str     0x0000290b      0x35b .\CortexM3\ARM_GCC_493\Debug\VTM17E_Display_7seg_Copy_01.a(cyPm.o)
                                0x750 (size before relaxing)
 .debug_str     0x00002c66       0x7c .\CortexM3\ARM_GCC_493\Debug\VTM17E_Display_7seg_Copy_01.a(LED_Driver_LRBWS_DMA_BC_dma.o)
                                0x2e6 (size before relaxing)
 .debug_str     0x00002ce2      0x2cb .\CortexM3\ARM_GCC_493\Debug\VTM17E_Display_7seg_Copy_01.a(CAN.o)
                                0x517 (size before relaxing)
 .debug_str     0x00002fad       0xee .\CortexM3\ARM_GCC_493\Debug\VTM17E_Display_7seg_Copy_01.a(CAN_INT.o)
                                0x31f (size before relaxing)
 .debug_str     0x0000309b       0x73 .\CortexM3\ARM_GCC_493\Debug\VTM17E_Display_7seg_Copy_01.a(CAN_TX_RX_func.o)
                                0x36a (size before relaxing)
 .debug_str     0x0000310e       0x79 .\CortexM3\ARM_GCC_493\Debug\VTM17E_Display_7seg_Copy_01.a(LED_Driver_Gear_DMA_BC_dma.o)
                                0x2e2 (size before relaxing)
 .debug_str     0x00003187       0x8b .\CortexM3\ARM_GCC_493\Debug\VTM17E_Display_7seg_Copy_01.a(Page_Button.o)
                                0x28a (size before relaxing)
 .debug_str     0x00003212      0x19e .\CortexM3\ARM_GCC_493\Debug\VTM17E_Display_7seg_Copy_01.a(CyFlash.o)
                                0x3ca (size before relaxing)
 .debug_str     0x000033b0       0xae .\CortexM3\ARM_GCC_493\Debug\VTM17E_Display_7seg_Copy_01.a(CySpc.o)
                                0x353 (size before relaxing)

.debug_loc      0x00000000     0x6ab1
 *(.debug_loc)
 .debug_loc     0x00000000      0x108 .\CortexM3\ARM_GCC_493\Debug\main.o
 .debug_loc     0x00000108      0x24c .\CortexM3\ARM_GCC_493\Debug\Dash_Funcs.o
 .debug_loc     0x00000354      0x144 .\CortexM3\ARM_GCC_493\Debug\Cm3Start.o
 .debug_loc     0x00000498      0x1d7 .\CortexM3\ARM_GCC_493\Debug\VTM17E_Display_7seg_Copy_01.a(cyfitter_cfg.o)
 .debug_loc     0x0000066f     0x185a .\CortexM3\ARM_GCC_493\Debug\VTM17E_Display_7seg_Copy_01.a(LED_Driver_Gear.o)
 .debug_loc     0x00001ec9     0x1c71 .\CortexM3\ARM_GCC_493\Debug\VTM17E_Display_7seg_Copy_01.a(LED_Driver_LRBWS.o)
 .debug_loc     0x00003b3a       0x84 .\CortexM3\ARM_GCC_493\Debug\VTM17E_Display_7seg_Copy_01.a(LED_Driver_Gear_DMA_Com_dma.o)
 .debug_loc     0x00003bbe       0x84 .\CortexM3\ARM_GCC_493\Debug\VTM17E_Display_7seg_Copy_01.a(LED_Driver_Gear_DMA_Seg_dma.o)
 .debug_loc     0x00003c42       0x84 .\CortexM3\ARM_GCC_493\Debug\VTM17E_Display_7seg_Copy_01.a(LED_Driver_LRBWS_DMA_Com_dma.o)
 .debug_loc     0x00003cc6       0x84 .\CortexM3\ARM_GCC_493\Debug\VTM17E_Display_7seg_Copy_01.a(LED_Driver_LRBWS_DMA_Seg_dma.o)
 .debug_loc     0x00003d4a      0xb83 .\CortexM3\ARM_GCC_493\Debug\VTM17E_Display_7seg_Copy_01.a(CyDmac.o)
 .debug_loc     0x000048cd      0xa11 .\CortexM3\ARM_GCC_493\Debug\VTM17E_Display_7seg_Copy_01.a(CyLib.o)
 .debug_loc     0x000052de      0x1e4 .\CortexM3\ARM_GCC_493\Debug\VTM17E_Display_7seg_Copy_01.a(cyPm.o)
 .debug_loc     0x000054c2       0x84 .\CortexM3\ARM_GCC_493\Debug\VTM17E_Display_7seg_Copy_01.a(LED_Driver_LRBWS_DMA_BC_dma.o)
 .debug_loc     0x00005546      0x983 .\CortexM3\ARM_GCC_493\Debug\VTM17E_Display_7seg_Copy_01.a(CAN.o)
 .debug_loc     0x00005ec9       0x54 .\CortexM3\ARM_GCC_493\Debug\VTM17E_Display_7seg_Copy_01.a(CAN_INT.o)
 .debug_loc     0x00005f1d      0x17f .\CortexM3\ARM_GCC_493\Debug\VTM17E_Display_7seg_Copy_01.a(CAN_TX_RX_func.o)
 .debug_loc     0x0000609c       0x84 .\CortexM3\ARM_GCC_493\Debug\VTM17E_Display_7seg_Copy_01.a(LED_Driver_Gear_DMA_BC_dma.o)
 .debug_loc     0x00006120       0x44 .\CortexM3\ARM_GCC_493\Debug\VTM17E_Display_7seg_Copy_01.a(Page_Button.o)
 .debug_loc     0x00006164      0x300 .\CortexM3\ARM_GCC_493\Debug\VTM17E_Display_7seg_Copy_01.a(CyFlash.o)
 .debug_loc     0x00006464      0x64d .\CortexM3\ARM_GCC_493\Debug\VTM17E_Display_7seg_Copy_01.a(CySpc.o)

.debug_macinfo
 *(.debug_macinfo)

.debug_ranges   0x00000000      0xa50
 *(.debug_ranges)
 .debug_ranges  0x00000000       0x10 .\CortexM3\ARM_GCC_493\Debug\main.o
 .debug_ranges  0x00000010       0x48 .\CortexM3\ARM_GCC_493\Debug\Dash_Funcs.o
 .debug_ranges  0x00000058       0x38 .\CortexM3\ARM_GCC_493\Debug\Cm3Start.o
 .debug_ranges  0x00000090       0x48 .\CortexM3\ARM_GCC_493\Debug\VTM17E_Display_7seg_Copy_01.a(cyfitter_cfg.o)
 .debug_ranges  0x000000d8      0x158 .\CortexM3\ARM_GCC_493\Debug\VTM17E_Display_7seg_Copy_01.a(LED_Driver_Gear.o)
 .debug_ranges  0x00000230      0x158 .\CortexM3\ARM_GCC_493\Debug\VTM17E_Display_7seg_Copy_01.a(LED_Driver_LRBWS.o)
 .debug_ranges  0x00000388       0x18 .\CortexM3\ARM_GCC_493\Debug\VTM17E_Display_7seg_Copy_01.a(LED_Driver_Gear_Com_Driver.o)
 .debug_ranges  0x000003a0       0x18 .\CortexM3\ARM_GCC_493\Debug\VTM17E_Display_7seg_Copy_01.a(LED_Driver_Gear_DMA_Com_dma.o)
 .debug_ranges  0x000003b8       0x18 .\CortexM3\ARM_GCC_493\Debug\VTM17E_Display_7seg_Copy_01.a(LED_Driver_Gear_DMA_Seg_dma.o)
 .debug_ranges  0x000003d0       0x18 .\CortexM3\ARM_GCC_493\Debug\VTM17E_Display_7seg_Copy_01.a(LED_Driver_LRBWS_Com_Driver.o)
 .debug_ranges  0x000003e8       0x18 .\CortexM3\ARM_GCC_493\Debug\VTM17E_Display_7seg_Copy_01.a(LED_Driver_LRBWS_DMA_Com_dma.o)
 .debug_ranges  0x00000400       0x18 .\CortexM3\ARM_GCC_493\Debug\VTM17E_Display_7seg_Copy_01.a(LED_Driver_LRBWS_DMA_Seg_dma.o)
 .debug_ranges  0x00000418       0xc8 .\CortexM3\ARM_GCC_493\Debug\VTM17E_Display_7seg_Copy_01.a(CyDmac.o)
 .debug_ranges  0x000004e0      0x288 .\CortexM3\ARM_GCC_493\Debug\VTM17E_Display_7seg_Copy_01.a(CyLib.o)
 .debug_ranges  0x00000768       0x88 .\CortexM3\ARM_GCC_493\Debug\VTM17E_Display_7seg_Copy_01.a(cyPm.o)
 .debug_ranges  0x000007f0       0x18 .\CortexM3\ARM_GCC_493\Debug\VTM17E_Display_7seg_Copy_01.a(LED_Driver_LRBWS_DMA_BC_dma.o)
 .debug_ranges  0x00000808       0xb8 .\CortexM3\ARM_GCC_493\Debug\VTM17E_Display_7seg_Copy_01.a(CAN.o)
 .debug_ranges  0x000008c0       0x20 .\CortexM3\ARM_GCC_493\Debug\VTM17E_Display_7seg_Copy_01.a(CAN_INT.o)
 .debug_ranges  0x000008e0       0x50 .\CortexM3\ARM_GCC_493\Debug\VTM17E_Display_7seg_Copy_01.a(CAN_TX_RX_func.o)
 .debug_ranges  0x00000930       0x18 .\CortexM3\ARM_GCC_493\Debug\VTM17E_Display_7seg_Copy_01.a(LED_Driver_Gear_DMA_BC_dma.o)
 .debug_ranges  0x00000948       0x30 .\CortexM3\ARM_GCC_493\Debug\VTM17E_Display_7seg_Copy_01.a(Page_Button.o)
 .debug_ranges  0x00000978       0x70 .\CortexM3\ARM_GCC_493\Debug\VTM17E_Display_7seg_Copy_01.a(CyFlash.o)
 .debug_ranges  0x000009e8       0x68 .\CortexM3\ARM_GCC_493\Debug\VTM17E_Display_7seg_Copy_01.a(CySpc.o)

.comment        0x00000000       0x70
 .comment       0x00000000       0x70 .\CortexM3\ARM_GCC_493\Debug\main.o
                                 0x71 (size before relaxing)
 .comment       0x00000000       0x71 .\CortexM3\ARM_GCC_493\Debug\Dash_Funcs.o
 .comment       0x00000000       0x71 .\CortexM3\ARM_GCC_493\Debug\cymetadata.o
 .comment       0x00000000       0x71 .\CortexM3\ARM_GCC_493\Debug\Cm3Start.o
 .comment       0x00000000       0x71 .\CortexM3\ARM_GCC_493\Debug\VTM17E_Display_7seg_Copy_01.a(cyfitter_cfg.o)
 .comment       0x00000000       0x71 .\CortexM3\ARM_GCC_493\Debug\VTM17E_Display_7seg_Copy_01.a(LED_Driver_Gear.o)
 .comment       0x00000000       0x71 .\CortexM3\ARM_GCC_493\Debug\VTM17E_Display_7seg_Copy_01.a(LED_Driver_LRBWS.o)
 .comment       0x00000000       0x71 .\CortexM3\ARM_GCC_493\Debug\VTM17E_Display_7seg_Copy_01.a(LED_Driver_Gear_Com_Driver.o)
 .comment       0x00000000       0x71 .\CortexM3\ARM_GCC_493\Debug\VTM17E_Display_7seg_Copy_01.a(LED_Driver_Gear_DMA_Com_dma.o)
 .comment       0x00000000       0x71 .\CortexM3\ARM_GCC_493\Debug\VTM17E_Display_7seg_Copy_01.a(LED_Driver_Gear_DMA_Seg_dma.o)
 .comment       0x00000000       0x71 .\CortexM3\ARM_GCC_493\Debug\VTM17E_Display_7seg_Copy_01.a(LED_Driver_LRBWS_Com_Driver.o)
 .comment       0x00000000       0x71 .\CortexM3\ARM_GCC_493\Debug\VTM17E_Display_7seg_Copy_01.a(LED_Driver_LRBWS_DMA_Com_dma.o)
 .comment       0x00000000       0x71 .\CortexM3\ARM_GCC_493\Debug\VTM17E_Display_7seg_Copy_01.a(LED_Driver_LRBWS_DMA_Seg_dma.o)
 .comment       0x00000000       0x71 .\CortexM3\ARM_GCC_493\Debug\VTM17E_Display_7seg_Copy_01.a(CyDmac.o)
 .comment       0x00000000       0x71 .\CortexM3\ARM_GCC_493\Debug\VTM17E_Display_7seg_Copy_01.a(CyLib.o)
 .comment       0x00000000       0x71 .\CortexM3\ARM_GCC_493\Debug\VTM17E_Display_7seg_Copy_01.a(cyPm.o)
 .comment       0x00000000       0x71 .\CortexM3\ARM_GCC_493\Debug\VTM17E_Display_7seg_Copy_01.a(LED_Driver_LRBWS_DMA_BC_dma.o)
 .comment       0x00000000       0x71 .\CortexM3\ARM_GCC_493\Debug\VTM17E_Display_7seg_Copy_01.a(CAN.o)
 .comment       0x00000000       0x71 .\CortexM3\ARM_GCC_493\Debug\VTM17E_Display_7seg_Copy_01.a(CAN_INT.o)
 .comment       0x00000000       0x71 .\CortexM3\ARM_GCC_493\Debug\VTM17E_Display_7seg_Copy_01.a(CAN_TX_RX_func.o)
 .comment       0x00000000       0x71 .\CortexM3\ARM_GCC_493\Debug\VTM17E_Display_7seg_Copy_01.a(LED_Driver_Gear_DMA_BC_dma.o)
 .comment       0x00000000       0x71 .\CortexM3\ARM_GCC_493\Debug\VTM17E_Display_7seg_Copy_01.a(Page_Button.o)
 .comment       0x00000000       0x71 .\CortexM3\ARM_GCC_493\Debug\VTM17E_Display_7seg_Copy_01.a(CyFlash.o)
 .comment       0x00000000       0x71 .\CortexM3\ARM_GCC_493\Debug\VTM17E_Display_7seg_Copy_01.a(CySpc.o)

.debug_weaknames
 *(.debug_weaknames)

.debug_funcnames
 *(.debug_funcnames)

.debug_typenames
 *(.debug_typenames)

.debug_varnames
 *(.debug_varnames)

.note.gnu.arm.ident
 *(.note.gnu.arm.ident)

.ARM.attributes
                0x00000000       0x29
 *(.ARM.attributes)
 .ARM.attributes
                0x00000000       0x1d c:/program files (x86)/cypress/psoc creator/3.3/psoc creator/import/gnu/arm/4.9.3/bin/../lib/gcc/arm-none-eabi/4.9.3/armv7-m/crti.o
 .ARM.attributes
                0x0000001d       0x2d c:/program files (x86)/cypress/psoc creator/3.3/psoc creator/import/gnu/arm/4.9.3/bin/../lib/gcc/arm-none-eabi/4.9.3/armv7-m/crtbegin.o
 .ARM.attributes
                0x0000004a       0x1b c:/program files (x86)/cypress/psoc creator/3.3/psoc creator/import/gnu/arm/4.9.3/bin/../lib/gcc/arm-none-eabi/4.9.3/../../../../arm-none-eabi/lib/armv7-m/crt0.o
 .ARM.attributes
                0x00000065       0x33 .\CortexM3\ARM_GCC_493\Debug\main.o
 .ARM.attributes
                0x00000098       0x33 .\CortexM3\ARM_GCC_493\Debug\Dash_Funcs.o
 .ARM.attributes
                0x000000cb       0x33 .\CortexM3\ARM_GCC_493\Debug\cymetadata.o
 .ARM.attributes
                0x000000fe       0x33 .\CortexM3\ARM_GCC_493\Debug\Cm3Start.o
 .ARM.attributes
                0x00000131       0x33 .\CortexM3\ARM_GCC_493\Debug\VTM17E_Display_7seg_Copy_01.a(cyfitter_cfg.o)
 .ARM.attributes
                0x00000164       0x33 .\CortexM3\ARM_GCC_493\Debug\VTM17E_Display_7seg_Copy_01.a(LED_Driver_Gear.o)
 .ARM.attributes
                0x00000197       0x33 .\CortexM3\ARM_GCC_493\Debug\VTM17E_Display_7seg_Copy_01.a(LED_Driver_LRBWS.o)
 .ARM.attributes
                0x000001ca       0x33 .\CortexM3\ARM_GCC_493\Debug\VTM17E_Display_7seg_Copy_01.a(LED_Driver_Gear_Com_Driver.o)
 .ARM.attributes
                0x000001fd       0x33 .\CortexM3\ARM_GCC_493\Debug\VTM17E_Display_7seg_Copy_01.a(LED_Driver_Gear_DMA_Com_dma.o)
 .ARM.attributes
                0x00000230       0x33 .\CortexM3\ARM_GCC_493\Debug\VTM17E_Display_7seg_Copy_01.a(LED_Driver_Gear_DMA_Seg_dma.o)
 .ARM.attributes
                0x00000263       0x33 .\CortexM3\ARM_GCC_493\Debug\VTM17E_Display_7seg_Copy_01.a(LED_Driver_LRBWS_Com_Driver.o)
 .ARM.attributes
                0x00000296       0x33 .\CortexM3\ARM_GCC_493\Debug\VTM17E_Display_7seg_Copy_01.a(LED_Driver_LRBWS_DMA_Com_dma.o)
 .ARM.attributes
                0x000002c9       0x33 .\CortexM3\ARM_GCC_493\Debug\VTM17E_Display_7seg_Copy_01.a(LED_Driver_LRBWS_DMA_Seg_dma.o)
 .ARM.attributes
                0x000002fc       0x21 .\CortexM3\ARM_GCC_493\Debug\VTM17E_Display_7seg_Copy_01.a(CyBootAsmGnu.o)
 .ARM.attributes
                0x0000031d       0x33 .\CortexM3\ARM_GCC_493\Debug\VTM17E_Display_7seg_Copy_01.a(CyDmac.o)
 .ARM.attributes
                0x00000350       0x33 .\CortexM3\ARM_GCC_493\Debug\VTM17E_Display_7seg_Copy_01.a(CyLib.o)
 .ARM.attributes
                0x00000383       0x33 .\CortexM3\ARM_GCC_493\Debug\VTM17E_Display_7seg_Copy_01.a(cyPm.o)
 .ARM.attributes
                0x000003b6       0x33 .\CortexM3\ARM_GCC_493\Debug\VTM17E_Display_7seg_Copy_01.a(LED_Driver_LRBWS_DMA_BC_dma.o)
 .ARM.attributes
                0x000003e9       0x33 .\CortexM3\ARM_GCC_493\Debug\VTM17E_Display_7seg_Copy_01.a(CAN.o)
 .ARM.attributes
                0x0000041c       0x33 .\CortexM3\ARM_GCC_493\Debug\VTM17E_Display_7seg_Copy_01.a(CAN_INT.o)
 .ARM.attributes
                0x0000044f       0x33 .\CortexM3\ARM_GCC_493\Debug\VTM17E_Display_7seg_Copy_01.a(CAN_TX_RX_func.o)
 .ARM.attributes
                0x00000482       0x33 .\CortexM3\ARM_GCC_493\Debug\VTM17E_Display_7seg_Copy_01.a(LED_Driver_Gear_DMA_BC_dma.o)
 .ARM.attributes
                0x000004b5       0x33 .\CortexM3\ARM_GCC_493\Debug\VTM17E_Display_7seg_Copy_01.a(Page_Button.o)
 .ARM.attributes
                0x000004e8       0x33 .\CortexM3\ARM_GCC_493\Debug\VTM17E_Display_7seg_Copy_01.a(CyFlash.o)
 .ARM.attributes
                0x0000051b       0x33 .\CortexM3\ARM_GCC_493\Debug\VTM17E_Display_7seg_Copy_01.a(CySpc.o)
 .ARM.attributes
                0x0000054e       0x1d c:/program files (x86)/cypress/psoc creator/3.3/psoc creator/import/gnu/arm/4.9.3/bin/../lib/gcc/arm-none-eabi/4.9.3/armv7-m\libgcc.a(_arm_addsubdf3.o)
 .ARM.attributes
                0x0000056b       0x1d c:/program files (x86)/cypress/psoc creator/3.3/psoc creator/import/gnu/arm/4.9.3/bin/../lib/gcc/arm-none-eabi/4.9.3/armv7-m\libgcc.a(_arm_muldivdf3.o)
 .ARM.attributes
                0x00000588       0x1d c:/program files (x86)/cypress/psoc creator/3.3/psoc creator/import/gnu/arm/4.9.3/bin/../lib/gcc/arm-none-eabi/4.9.3/armv7-m\libgcc.a(_arm_cmpdf2.o)
 .ARM.attributes
                0x000005a5       0x1d c:/program files (x86)/cypress/psoc creator/3.3/psoc creator/import/gnu/arm/4.9.3/bin/../lib/gcc/arm-none-eabi/4.9.3/armv7-m\libgcc.a(_arm_fixdfsi.o)
 .ARM.attributes
                0x000005c2       0x1d c:/program files (x86)/cypress/psoc creator/3.3/psoc creator/import/gnu/arm/4.9.3/bin/../lib/gcc/arm-none-eabi/4.9.3/armv7-m\libgcc.a(_arm_fixunsdfsi.o)
 .ARM.attributes
                0x000005df       0x1d c:/program files (x86)/cypress/psoc creator/3.3/psoc creator/import/gnu/arm/4.9.3/bin/../lib/gcc/arm-none-eabi/4.9.3/armv7-m\libgcc.a(_arm_addsubsf3.o)
 .ARM.attributes
                0x000005fc       0x1d c:/program files (x86)/cypress/psoc creator/3.3/psoc creator/import/gnu/arm/4.9.3/bin/../lib/gcc/arm-none-eabi/4.9.3/armv7-m\libgcc.a(_arm_muldivsf3.o)
 .ARM.attributes
                0x00000619       0x1d c:/program files (x86)/cypress/psoc creator/3.3/psoc creator/import/gnu/arm/4.9.3/bin/../lib/gcc/arm-none-eabi/4.9.3/armv7-m\libgcc.a(_arm_cmpsf2.o)
 .ARM.attributes
                0x00000636       0x2d c:/program files (x86)/cypress/psoc creator/3.3/psoc creator/import/gnu/arm/4.9.3/bin/../lib/gcc/arm-none-eabi/4.9.3/../../../../arm-none-eabi/lib/armv7-m\libg_nano.a(lib_a-errno.o)
 .ARM.attributes
                0x00000663       0x2d c:/program files (x86)/cypress/psoc creator/3.3/psoc creator/import/gnu/arm/4.9.3/bin/../lib/gcc/arm-none-eabi/4.9.3/../../../../arm-none-eabi/lib/armv7-m\libg_nano.a(lib_a-exit.o)
 .ARM.attributes
                0x00000690       0x2d c:/program files (x86)/cypress/psoc creator/3.3/psoc creator/import/gnu/arm/4.9.3/bin/../lib/gcc/arm-none-eabi/4.9.3/../../../../arm-none-eabi/lib/armv7-m\libg_nano.a(lib_a-impure.o)
 .ARM.attributes
                0x000006bd       0x2d c:/program files (x86)/cypress/psoc creator/3.3/psoc creator/import/gnu/arm/4.9.3/bin/../lib/gcc/arm-none-eabi/4.9.3/../../../../arm-none-eabi/lib/armv7-m\libg_nano.a(lib_a-init.o)
 .ARM.attributes
                0x000006ea       0x2d c:/program files (x86)/cypress/psoc creator/3.3/psoc creator/import/gnu/arm/4.9.3/bin/../lib/gcc/arm-none-eabi/4.9.3/../../../../arm-none-eabi/lib/armv7-m\libg_nano.a(lib_a-memcpy.o)
 .ARM.attributes
                0x00000717       0x2d c:/program files (x86)/cypress/psoc creator/3.3/psoc creator/import/gnu/arm/4.9.3/bin/../lib/gcc/arm-none-eabi/4.9.3/../../../../arm-none-eabi/lib/armv7-m\libg_nano.a(lib_a-memset.o)
 .ARM.attributes
                0x00000744       0x2d c:/program files (x86)/cypress/psoc creator/3.3/psoc creator/import/gnu/arm/4.9.3/bin/../lib/gcc/arm-none-eabi/4.9.3/../../../../arm-none-eabi/lib/armv7-m\libg_nano.a(lib_a-strlen.o)
 .ARM.attributes
                0x00000771       0x2d c:/program files (x86)/cypress/psoc creator/3.3/psoc creator/import/gnu/arm/4.9.3/bin/../lib/gcc/arm-none-eabi/4.9.3/armv7-m/crtend.o
 .ARM.attributes
                0x0000079e       0x1d c:/program files (x86)/cypress/psoc creator/3.3/psoc creator/import/gnu/arm/4.9.3/bin/../lib/gcc/arm-none-eabi/4.9.3/armv7-m/crtn.o

/DISCARD/
 *(.note.GNU-stack)
OUTPUT(.\CortexM3\ARM_GCC_493\Debug\VTM17E_Display_7seg_Copy_01.elf elf32-littlearm)
